Component: ARM Compiler 6.16 Tool: armlink [5dfeaa00]

==============================================================================

Section Cross References

    empty.o(.text.main) refers to ti_msp_dl_config.o(.text.SYSCFG_DL_init) for SYSCFG_DL_init
    empty.o(.text.main) refers to board.o(.text.board_init) for board_init
    empty.o(.text.main) refers to bluebooth.o(.text.Bluetooth_Init) for Bluetooth_Init
    empty.o(.text.main) refers to mpu6050.o(.text.MPU6050_Init) for MPU6050_Init
    empty.o(.text.main) refers to puts.o(.text) for puts
    empty.o(.text.main) refers to inv_mpu.o(.text.mpu_dmp_init) for mpu_dmp_init
    empty.o(.text.main) refers to board.o(.text.delay_ms) for delay_ms
    empty.o(.text.main) refers to bluebooth.o(.text.Receive_Bluetooth_Data) for Receive_Bluetooth_Data
    empty.o(.text.main) refers to bluebooth.o(.text.BLE_send_String) for BLE_send_String
    empty.o(.text.main) refers to contorl.o(.text.Interrupt_Solution) for Interrupt_Solution
    empty.o(.ARM.exidx.text.main) refers to empty.o(.text.main) for [Anonymous Symbol]
    empty.o(.ARM.exidx.text.TIMG7_IRQHandler) refers to empty.o(.text.TIMG7_IRQHandler) for [Anonymous Symbol]
    startup_mspm0g350x_uvision.o(STACK) refers (Special) to heapauxi.o(.text) for __use_two_region_memory
    startup_mspm0g350x_uvision.o(HEAP) refers (Special) to heapauxi.o(.text) for __use_two_region_memory
    startup_mspm0g350x_uvision.o(RESET) refers (Special) to heapauxi.o(.text) for __use_two_region_memory
    startup_mspm0g350x_uvision.o(RESET) refers to startup_mspm0g350x_uvision.o(STACK) for __initial_sp
    startup_mspm0g350x_uvision.o(RESET) refers to startup_mspm0g350x_uvision.o(.text) for Reset_Handler
    startup_mspm0g350x_uvision.o(RESET) refers to encoder.o(.text.GROUP1_IRQHandler) for GROUP1_IRQHandler
    startup_mspm0g350x_uvision.o(RESET) refers to bluebooth.o(.text.UART1_IRQHandler) for UART1_IRQHandler
    startup_mspm0g350x_uvision.o(RESET) refers to empty.o(.text.TIMG7_IRQHandler) for TIMG7_IRQHandler
    startup_mspm0g350x_uvision.o(.text) refers (Special) to heapauxi.o(.text) for __use_two_region_memory
    startup_mspm0g350x_uvision.o(.text) refers to __main.o(!!!main) for __main
    startup_mspm0g350x_uvision.o(.text) refers to startup_mspm0g350x_uvision.o(HEAP) for Heap_Mem
    startup_mspm0g350x_uvision.o(.text) refers to startup_mspm0g350x_uvision.o(STACK) for Stack_Mem
    ti_msp_dl_config.o(.text.SYSCFG_DL_init) refers to ti_msp_dl_config.o(.text.SYSCFG_DL_initPower) for SYSCFG_DL_initPower
    ti_msp_dl_config.o(.text.SYSCFG_DL_init) refers to ti_msp_dl_config.o(.text.SYSCFG_DL_GPIO_init) for SYSCFG_DL_GPIO_init
    ti_msp_dl_config.o(.text.SYSCFG_DL_init) refers to ti_msp_dl_config.o(.text.SYSCFG_DL_SYSCTL_init) for SYSCFG_DL_SYSCTL_init
    ti_msp_dl_config.o(.text.SYSCFG_DL_init) refers to ti_msp_dl_config.o(.text.SYSCFG_DL_PWM_MotorB_init) for SYSCFG_DL_PWM_MotorB_init
    ti_msp_dl_config.o(.text.SYSCFG_DL_init) refers to ti_msp_dl_config.o(.text.SYSCFG_DL_PWM_MotorA_init) for SYSCFG_DL_PWM_MotorA_init
    ti_msp_dl_config.o(.text.SYSCFG_DL_init) refers to ti_msp_dl_config.o(.text.SYSCFG_DL_TIMER_0_init) for SYSCFG_DL_TIMER_0_init
    ti_msp_dl_config.o(.text.SYSCFG_DL_init) refers to ti_msp_dl_config.o(.text.SYSCFG_DL_USB_TLL_init) for SYSCFG_DL_USB_TLL_init
    ti_msp_dl_config.o(.text.SYSCFG_DL_init) refers to ti_msp_dl_config.o(.text.SYSCFG_DL_UART_Trans_init) for SYSCFG_DL_UART_Trans_init
    ti_msp_dl_config.o(.text.SYSCFG_DL_init) refers to ti_msp_dl_config.o(.text.SYSCFG_DL_SYSTICK_init) for SYSCFG_DL_SYSTICK_init
    ti_msp_dl_config.o(.text.SYSCFG_DL_init) refers to ti_msp_dl_config.o(.bss.gTIMER_0Backup) for gTIMER_0Backup
    ti_msp_dl_config.o(.text.SYSCFG_DL_init) refers to ti_msp_dl_config.o(.bss.gPWM_MotorABackup) for gPWM_MotorABackup
    ti_msp_dl_config.o(.ARM.exidx.text.SYSCFG_DL_init) refers to ti_msp_dl_config.o(.text.SYSCFG_DL_init) for [Anonymous Symbol]
    ti_msp_dl_config.o(.text.SYSCFG_DL_initPower) refers to dl_common.o(.text.DL_Common_delayCycles) for DL_Common_delayCycles
    ti_msp_dl_config.o(.ARM.exidx.text.SYSCFG_DL_initPower) refers to ti_msp_dl_config.o(.text.SYSCFG_DL_initPower) for [Anonymous Symbol]
    ti_msp_dl_config.o(.ARM.exidx.text.SYSCFG_DL_GPIO_init) refers to ti_msp_dl_config.o(.text.SYSCFG_DL_GPIO_init) for [Anonymous Symbol]
    ti_msp_dl_config.o(.ARM.exidx.text.SYSCFG_DL_SYSCTL_init) refers to ti_msp_dl_config.o(.text.SYSCFG_DL_SYSCTL_init) for [Anonymous Symbol]
    ti_msp_dl_config.o(.text.SYSCFG_DL_PWM_MotorB_init) refers to dl_timer.o(.text.DL_Timer_setClockConfig) for DL_Timer_setClockConfig
    ti_msp_dl_config.o(.text.SYSCFG_DL_PWM_MotorB_init) refers to dl_timer.o(.text.DL_Timer_initPWMMode) for DL_Timer_initPWMMode
    ti_msp_dl_config.o(.text.SYSCFG_DL_PWM_MotorB_init) refers to dl_timer.o(.text.DL_Timer_setCaptureCompareOutCtl) for DL_Timer_setCaptureCompareOutCtl
[...]
    !!handler_zi                             0x00000128   Section       28  __scatter_zi.o(!!handler_zi)
    .ARM.Collect$$_printf_percent$$00000000  0x00000144   Section        2  _printf_percent.o(.ARM.Collect$$_printf_percent$$00000000)
    .ARM.Collect$$_printf_percent$$00000009  0x00000146   Section       10  _printf_d.o(.ARM.Collect$$_printf_percent$$00000009)
    .ARM.Collect$$_printf_percent$$0000000C  0x00000150   Section       10  _printf_x.o(.ARM.Collect$$_printf_percent$$0000000C)
    .ARM.Collect$$_printf_percent$$00000014  0x0000015a   Section       10  _printf_s.o(.ARM.Collect$$_printf_percent$$00000014)
    .ARM.Collect$$_printf_percent$$00000017  0x00000164   Section        4  _printf_percent_end.o(.ARM.Collect$$_printf_percent$$00000017)
    .ARM.Collect$$libinit$$00000000          0x00000168   Section        2  libinit.o(.ARM.Collect$$libinit$$00000000)
    .ARM.Collect$$libinit$$00000002          0x0000016a   Section        0  libinit2.o(.ARM.Collect$$libinit$$00000002)
    .ARM.Collect$$libinit$$00000004          0x0000016a   Section        0  libinit2.o(.ARM.Collect$$libinit$$00000004)
    .ARM.Collect$$libinit$$0000000A          0x0000016a   Section        0  libinit2.o(.ARM.Collect$$libinit$$0000000A)
    .ARM.Collect$$libinit$$0000000C          0x0000016a   Section        0  libinit2.o(.ARM.Collect$$libinit$$0000000C)
    .ARM.Collect$$libinit$$0000000E          0x0000016a   Section        0  libinit2.o(.ARM.Collect$$libinit$$0000000E)
    .ARM.Collect$$libinit$$00000011          0x0000016a   Section        0  libinit2.o(.ARM.Collect$$libinit$$00000011)
    .ARM.Collect$$libinit$$00000013          0x0000016a   Section        0  libinit2.o(.ARM.Collect$$libinit$$00000013)
    .ARM.Collect$$libinit$$00000015          0x0000016a   Section        0  libinit2.o(.ARM.Collect$$libinit$$00000015)
    .ARM.Collect$$libinit$$00000017          0x0000016a   Section        0  libinit2.o(.ARM.Collect$$libinit$$00000017)
    .ARM.Collect$$libinit$$00000019          0x0000016a   Section        0  libinit2.o(.ARM.Collect$$libinit$$00000019)
    .ARM.Collect$$libinit$$0000001B          0x0000016a   Section        0  libinit2.o(.ARM.Collect$$libinit$$0000001B)
    .ARM.Collect$$libinit$$0000001D          0x0000016a   Section        0  libinit2.o(.ARM.Collect$$libinit$$0000001D)
    .ARM.Collect$$libinit$$0000001F          0x0000016a   Section        0  libinit2.o(.ARM.Collect$$libinit$$0000001F)
    .ARM.Collect$$libinit$$00000021          0x0000016a   Section        0  libinit2.o(.ARM.Collect$$libinit$$00000021)
    .ARM.Collect$$libinit$$00000023          0x0000016a   Section        0  libinit2.o(.ARM.Collect$$libinit$$00000023)
    .ARM.Collect$$libinit$$00000025          0x0000016a   Section        0  libinit2.o(.ARM.Collect$$libinit$$00000025)
    .ARM.Collect$$libinit$$0000002C          0x0000016a   Section        0  libinit2.o(.ARM.Collect$$libinit$$0000002C)
    .ARM.Collect$$libinit$$0000002E          0x0000016a   Section        0  libinit2.o(.ARM.Collect$$libinit$$0000002E)
    .ARM.Collect$$libinit$$00000030          0x0000016a   Section        0  libinit2.o(.ARM.Collect$$libinit$$00000030)
    .ARM.Collect$$libinit$$00000032          0x0000016a   Section        0  libinit2.o(.ARM.Collect$$libinit$$00000032)
    .ARM.Collect$$libinit$$00000033          0x0000016a   Section        2  libinit2.o(.ARM.Collect$$libinit$$00000033)
    .ARM.Collect$$libshutdown$$00000000      0x0000016c   Section        2  libshutdown.o(.ARM.Collect$$libshutdown$$00000000)
    .ARM.Collect$$libshutdown$$00000002      0x0000016e   Section        0  libshutdown2.o(.ARM.Collect$$libshutdown$$00000002)
    .ARM.Collect$$libshutdown$$00000004      0x0000016e   Section        0  libshutdown2.o(.ARM.Collect$$libshutdown$$00000004)
    .ARM.Collect$$libshutdown$$00000007      0x0000016e   Section        0  libshutdown2.o(.ARM.Collect$$libshutdown$$00000007)
    .ARM.Collect$$libshutdown$$0000000A      0x0000016e   Section        0  libshutdown2.o(.ARM.Collect$$libshutdown$$0000000A)
    .ARM.Collect$$libshutdown$$0000000C      0x0000016e   Section        0  libshutdown2.o(.ARM.Collect$$libshutdown$$0000000C)
    .ARM.Collect$$libshutdown$$0000000F      0x0000016e   Section        0  libshutdown2.o(.ARM.Collect$$libshutdown$$0000000F)
    .ARM.Collect$$libshutdown$$00000010      0x0000016e   Section        2  libshutdown2.o(.ARM.Collect$$libshutdown$$00000010)
    .ARM.Collect$$rtentry$$00000000          0x00000170   Section        0  __rtentry.o(.ARM.Collect$$rtentry$$00000000)
    .ARM.Collect$$rtentry$$00000002          0x00000170   Section        0  __rtentry2.o(.ARM.Collect$$rtentry$$00000002)
    .ARM.Collect$$rtentry$$00000004          0x00000170   Section        6  __rtentry4.o(.ARM.Collect$$rtentry$$00000004)
    .ARM.Collect$$rtentry$$00000009          0x00000176   Section        0  __rtentry2.o(.ARM.Collect$$rtentry$$00000009)
    .ARM.Collect$$rtentry$$0000000A          0x00000176   Section        4  __rtentry2.o(.ARM.Collect$$rtentry$$0000000A)
    .ARM.Collect$$rtentry$$0000000C          0x0000017a   Section        0  __rtentry2.o(.ARM.Collect$$rtentry$$0000000C)
    .ARM.Collect$$rtentry$$0000000D          0x0000017a   Section        8  __rtentry2.o(.ARM.Collect$$rtentry$$0000000D)
    .ARM.Collect$$rtexit$$00000000           0x00000182   Section        2  rtexit.o(.ARM.Collect$$rtexit$$00000000)
    .ARM.Collect$$rtexit$$00000002           0x00000184   Section        0  rtexit2.o(.ARM.Collect$$rtexit$$00000002)
    .ARM.Collect$$rtexit$$00000003           0x00000184   Section        4  rtexit2.o(.ARM.Collect$$rtexit$$00000003)
    .ARM.Collect$$rtexit$$00000004           0x00000188   Section        6  rtexit2.o(.ARM.Collect$$rtexit$$00000004)
    .text                                    0x00000190   Section       44  startup_mspm0g350x_uvision.o(.text)
    .text                                    0x000001bc   Section        0  noretval__2printf.o(.text)
    .text                                    0x000001d8   Section        0  _printf_pad.o(.text)
    .text                                    0x00000226   Section        0  _printf_str.o(.text)
    .text                                    0x00000278   Section        0  _printf_dec.o(.text)
    .text                                    0x000002e4   Section        0  _printf_hex_int.o(.text)
    .text                                    0x0000033c   Section        0  __printf_flags_wp.o(.text)
    .text                                    0x00000474   Section        0  puts.o(.text)
    .text                                    0x000004a0   Section        0  memcmp.o(.text)
    .text                                    0x000004fa   Section        0  heapauxi.o(.text)
    .text                                    0x00000500   Section        0  fdiv.o(.text)
    .text                                    0x00000660   Section        0  ffixi.o(.text)
    .text                                    0x000006ac   Section        0  ffixui.o(.text)
    .text                                    0x000006dc   Section        0  fflti.o(.text)
    .text                                    0x0000073a   Section        0  _printf_intcommon.o(.text)
    .text                                    0x000007ea   Section        0  _printf_char.o(.text)
    .text                                    0x00000818   Section        0  _printf_char_file.o(.text)
    .text                                    0x00000840   Section        0  rtudiv10.o(.text)
    _printf_input_char                       0x00000869   Thumb Code    10  _printf_char_common.o(.text)
    .text                                    0x00000868   Section        0  _printf_char_common.o(.text)
    .text                                    0x00000898   Section        0  ferror.o(.text)
    .text                                    0x000008a0   Section        8  libspace.o(.text)
    .text                                    0x000008a8   Section       62  sys_stackheap_outer.o(.text)
    .text                                    0x000008e6   Section        0  exit.o(.text)
    [Anonymous Symbol]                       0x000008f8   Section        0  bluebooth.o(.text.BLE_send_String)
    __arm_cp.1_0                             0x00000918   Number         4  bluebooth.o(.text.BLE_send_String)
    [Anonymous Symbol]                       0x0000091c   Section        0  bluebooth.o(.text.Bluetooth_Init)
    __arm_cp.3_0                             0x00000934   Number         4  bluebooth.o(.text.Bluetooth_Init)
    __arm_cp.3_1                             0x00000938   Number         4  bluebooth.o(.text.Bluetooth_Init)
    [Anonymous Symbol]                       0x00000958   Section        0  dl_common.o(.text.DL_Common_delayCycles)
    [Anonymous Symbol]                       0x00000964   Section        0  dl_timer.o(.text.DL_Timer_initPWMMode)
    __arm_cp.11_1                            0x00000a10   Number         4  dl_timer.o(.text.DL_Timer_initPWMMode)
    __arm_cp.11_2                            0x00000a14   Number         4  dl_timer.o(.text.DL_Timer_initPWMMode)
    __arm_cp.11_3                            0x00000a18   Number         4  dl_timer.o(.text.DL_Timer_initPWMMode)
    __arm_cp.11_4                            0x00000a1c   Number         4  dl_timer.o(.text.DL_Timer_initPWMMode)
    __arm_cp.11_6                            0x00000a20   Number         4  dl_timer.o(.text.DL_Timer_initPWMMode)
    [Anonymous Symbol]                       0x00000a24   Section        0  dl_timer.o(.text.DL_Timer_initTimerMode)
    __arm_cp.2_0                             0x00000b04   Number         4  dl_timer.o(.text.DL_Timer_initTimerMode)
    __arm_cp.2_1                             0x00000b08   Number         4  dl_timer.o(.text.DL_Timer_initTimerMode)
    __arm_cp.2_2                             0x00000b0c   Number         4  dl_timer.o(.text.DL_Timer_initTimerMode)
    __arm_cp.2_3                             0x00000b10   Number         4  dl_timer.o(.text.DL_Timer_initTimerMode)
    [Anonymous Symbol]                       0x00000b14   Section        0  dl_timer.o(.text.DL_Timer_setCaptCompUpdateMethod)
    __arm_cp.18_0                            0x00000b2c   Number         4  dl_timer.o(.text.DL_Timer_setCaptCompUpdateMethod)
    [Anonymous Symbol]                       0x00000b30   Section        0  dl_timer.o(.text.DL_Timer_setCaptureCompareOutCtl)
    __arm_cp.13_0                            0x00000b44   Number         4  dl_timer.o(.text.DL_Timer_setCaptureCompareOutCtl)
    [Anonymous Symbol]                       0x00000b48   Section        0  dl_timer.o(.text.DL_Timer_setCaptureCompareValue)
    __arm_cp.3_0                             0x00000b54   Number         4  dl_timer.o(.text.DL_Timer_setCaptureCompareValue)
    [Anonymous Symbol]                       0x00000b58   Section        0  dl_timer.o(.text.DL_Timer_setClockConfig)
    __arm_cp.0_0                             0x00000b70   Number         4  dl_timer.o(.text.DL_Timer_setClockConfig)
    [Anonymous Symbol]                       0x00000b74   Section        0  dl_uart.o(.text.DL_UART_init)
    __arm_cp.0_0                             0x00000bb4   Number         4  dl_uart.o(.text.DL_UART_init)
    __arm_cp.0_1                             0x00000bb8   Number         4  dl_uart.o(.text.DL_UART_init)
    [Anonymous Symbol]                       0x00000bbc   Section        0  dl_uart.o(.text.DL_UART_setClockConfig)
    [Anonymous Symbol]                       0x00000bd0   Section        0  encoder.o(.text.Encoder_Get)
    __arm_cp.0_0                             0x00000bf4   Number         4  encoder.o(.text.Encoder_Get)
    __arm_cp.0_1                             0x00000bf8   Number         4  encoder.o(.text.Encoder_Get)
    [Anonymous Symbol]                       0x00000c14   Section        0  encoder.o(.text.GROUP1_IRQHandler)
    __arm_cp.2_0                             0x00000c68   Number         4  encoder.o(.text.GROUP1_IRQHandler)
    __arm_cp.2_1                             0x00000c6c   Number         4  encoder.o(.text.GROUP1_IRQHandler)
    __arm_cp.2_2                             0x00000c70   Number         4  encoder.o(.text.GROUP1_IRQHandler)
    __arm_cp.2_3                             0x00000c74   Number         4  encoder.o(.text.GROUP1_IRQHandler)
    [Anonymous Symbol]                       0x00000c78   Section        0  contorl.o(.text.Interrupt_Solution)
    __arm_cp.0_0                             0x00000ca0   Number         4  contorl.o(.text.Interrupt_Solution)
    __arm_cp.0_1                             0x00000ca4   Number         4  contorl.o(.text.Interrupt_Solution)
    __arm_cp.0_2                             0x00000ca8   Number         4  contorl.o(.text.Interrupt_Solution)
    [Anonymous Symbol]                       0x00000cac   Section        0  mpu6050.o(.text.MPU6050_Init)
    __arm_cp.16_2                            0x00000dc8   Number         4  mpu6050.o(.text.MPU6050_Init)
    __arm_cp.16_3                            0x00000dcc   Number         4  mpu6050.o(.text.MPU6050_Init)
    __arm_cp.16_4                            0x00000dd0   Number         4  mpu6050.o(.text.MPU6050_Init)
    [Anonymous Symbol]                       0x00000dd4   Section        0  mpu6050.o(.text.MPU6050_ReadData)
    __arm_cp.7_0                             0x00001024   Number         4  mpu6050.o(.text.MPU6050_ReadData)
    __arm_cp.7_1                             0x00001028   Number         4  mpu6050.o(.text.MPU6050_ReadData)
    __arm_cp.7_2                             0x0000102c   Number         4  mpu6050.o(.text.MPU6050_ReadData)
    __arm_cp.7_3                             0x00001030   Number         4  mpu6050.o(.text.MPU6050_ReadData)
    [Anonymous Symbol]                       0x00001034   Section        0  mpu6050.o(.text.MPU6050_WriteReg)
    __arm_cp.6_0                             0x0000123c   Number         4  mpu6050.o(.text.MPU6050_WriteReg)
    __arm_cp.6_1                             0x00001240   Number         4  mpu6050.o(.text.MPU6050_WriteReg)
    __arm_cp.6_2                             0x00001244   Number         4  mpu6050.o(.text.MPU6050_WriteReg)
    [Anonymous Symbol]                       0x00001248   Section        0  motor.o(.text.Motor_straight)
    __arm_cp.2_0                             0x000012ac   Number         4  motor.o(.text.Motor_straight)
    __arm_cp.2_1                             0x000012b0   Number         4  motor.o(.text.Motor_straight)
    [Anonymous Symbol]                       0x000012b4   Section        0  pwm.o(.text.PwmA_Duty_Set)
    [Anonymous Symbol]                       0x000012d4   Section        0  pwm.o(.text.PwmB_Duty_Set)
    __arm_cp.1_0                             0x000012f4   Number         4  pwm.o(.text.PwmB_Duty_Set)
    [Anonymous Symbol]                       0x000012f8   Section        0  mpu6050.o(.text.Read_Byte)
    __arm_cp.5_0                             0x00001430   Number         4  mpu6050.o(.text.Read_Byte)
    __arm_cp.5_1                             0x00001434   Number         4  mpu6050.o(.text.Read_Byte)
    __arm_cp.5_2                             0x00001438   Number         4  mpu6050.o(.text.Read_Byte)
    __arm_cp.5_3                             0x0000143c   Number         4  mpu6050.o(.text.Read_Byte)
    [Anonymous Symbol]                       0x00001440   Section        0  bluebooth.o(.text.Receive_Bluetooth_Data)
    __arm_cp.6_0                             0x0000145c   Number         4  bluebooth.o(.text.Receive_Bluetooth_Data)
    __arm_cp.6_2                             0x0000146c   Number         4  bluebooth.o(.text.Receive_Bluetooth_Data)
    __arm_cp.6_3                             0x00001470   Number         4  bluebooth.o(.text.Receive_Bluetooth_Data)
    [Anonymous Symbol]                       0x00001474   Section        0  ti_msp_dl_config.o(.text.SYSCFG_DL_GPIO_init)
    __arm_cp.2_0                             0x00001504   Number         4  ti_msp_dl_config.o(.text.SYSCFG_DL_GPIO_init)
    __arm_cp.2_1                             0x00001508   Number         4  ti_msp_dl_config.o(.text.SYSCFG_DL_GPIO_init)
    __arm_cp.2_2                             0x0000150c   Number         4  ti_msp_dl_config.o(.text.SYSCFG_DL_GPIO_init)
    __arm_cp.2_3                             0x00001510   Number         4  ti_msp_dl_config.o(.text.SYSCFG_DL_GPIO_init)
    __arm_cp.2_4                             0x00001514   Number         4  ti_msp_dl_config.o(.text.SYSCFG_DL_GPIO_init)
    __arm_cp.2_5                             0x00001518   Number         4  ti_msp_dl_config.o(.text.SYSCFG_DL_GPIO_init)
    __arm_cp.2_6                             0x0000151c   Number         4  ti_msp_dl_config.o(.text.SYSCFG_DL_GPIO_init)
    __arm_cp.2_7                             0x00001520   Number         4  ti_msp_dl_config.o(.text.SYSCFG_DL_GPIO_init)
    __arm_cp.2_8                             0x00001524   Number         4  ti_msp_dl_config.o(.text.SYSCFG_DL_GPIO_init)
    __arm_cp.2_9                             0x00001528   Number         4  ti_msp_dl_config.o(.text.SYSCFG_DL_GPIO_init)
    [Anonymous Symbol]                       0x0000152c   Section        0  ti_msp_dl_config.o(.text.SYSCFG_DL_PWM_MotorA_init)
    __arm_cp.5_0                             0x00001598   Number         4  ti_msp_dl_config.o(.text.SYSCFG_DL_PWM_MotorA_init)
    __arm_cp.5_1                             0x0000159c   Number         4  ti_msp_dl_config.o(.text.SYSCFG_DL_PWM_MotorA_init)
    __arm_cp.5_2                             0x000015a0   Number         4  ti_msp_dl_config.o(.text.SYSCFG_DL_PWM_MotorA_init)
    __arm_cp.5_4                             0x000015a4   Number         4  ti_msp_dl_config.o(.text.SYSCFG_DL_PWM_MotorA_init)
    [Anonymous Symbol]                       0x000015a8   Section        0  ti_msp_dl_config.o(.text.SYSCFG_DL_PWM_MotorB_init)
    __arm_cp.4_0                             0x00001614   Number         4  ti_msp_dl_config.o(.text.SYSCFG_DL_PWM_MotorB_init)
    __arm_cp.4_1                             0x00001618   Number         4  ti_msp_dl_config.o(.text.SYSCFG_DL_PWM_MotorB_init)
    __arm_cp.4_2                             0x0000161c   Number         4  ti_msp_dl_config.o(.text.SYSCFG_DL_PWM_MotorB_init)
    __arm_cp.4_3                             0x00001620   Number         4  ti_msp_dl_config.o(.text.SYSCFG_DL_PWM_MotorB_init)
    __arm_cp.4_4                             0x00001624   Number         4  ti_msp_dl_config.o(.text.SYSCFG_DL_PWM_MotorB_init)
    [Anonymous Symbol]                       0x00001628   Section        0  ti_msp_dl_config.o(.text.SYSCFG_DL_SYSCTL_init)
    __arm_cp.3_0                             0x0000165c   Number         4  ti_msp_dl_config.o(.text.SYSCFG_DL_SYSCTL_init)
    __arm_cp.3_1                             0x00001660   Number         4  ti_msp_dl_config.o(.text.SYSCFG_DL_SYSCTL_init)
    [Anonymous Symbol]                       0x00001664   Section        0  ti_msp_dl_config.o(.text.SYSCFG_DL_SYSTICK_init)
    __arm_cp.9_0                             0x0000167c   Number         4  ti_msp_dl_config.o(.text.SYSCFG_DL_SYSTICK_init)
    [Anonymous Symbol]                       0x00001680   Section        0  ti_msp_dl_config.o(.text.SYSCFG_DL_TIMER_0_init)
    __arm_cp.6_0                             0x000016a4   Number         4  ti_msp_dl_config.o(.text.SYSCFG_DL_TIMER_0_init)
    __arm_cp.6_1                             0x000016a8   Number         4  ti_msp_dl_config.o(.text.SYSCFG_DL_TIMER_0_init)
    __arm_cp.6_2                             0x000016ac   Number         4  ti_msp_dl_config.o(.text.SYSCFG_DL_TIMER_0_init)
    __arm_cp.6_3                             0x000016b0   Number         4  ti_msp_dl_config.o(.text.SYSCFG_DL_TIMER_0_init)
    __arm_cp.6_4                             0x000016b4   Number         4  ti_msp_dl_config.o(.text.SYSCFG_DL_TIMER_0_init)
    [Anonymous Symbol]                       0x000016b8   Section        0  ti_msp_dl_config.o(.text.SYSCFG_DL_UART_Trans_init)
    __arm_cp.8_0                             0x0000171c   Number         4  ti_msp_dl_config.o(.text.SYSCFG_DL_UART_Trans_init)
    __arm_cp.8_1                             0x00001720   Number         4  ti_msp_dl_config.o(.text.SYSCFG_DL_UART_Trans_init)
    __arm_cp.8_2                             0x00001724   Number         4  ti_msp_dl_config.o(.text.SYSCFG_DL_UART_Trans_init)
    __arm_cp.8_3                             0x00001728   Number         4  ti_msp_dl_config.o(.text.SYSCFG_DL_UART_Trans_init)
    __arm_cp.8_5                             0x0000172c   Number         4  ti_msp_dl_config.o(.text.SYSCFG_DL_UART_Trans_init)
    __arm_cp.8_6                             0x00001730   Number         4  ti_msp_dl_config.o(.text.SYSCFG_DL_UART_Trans_init)
    [Anonymous Symbol]                       0x00001734   Section        0  ti_msp_dl_config.o(.text.SYSCFG_DL_USB_TLL_init)
    __arm_cp.7_0                             0x0000178c   Number         4  ti_msp_dl_config.o(.text.SYSCFG_DL_USB_TLL_init)
    __arm_cp.7_1                             0x00001790   Number         4  ti_msp_dl_config.o(.text.SYSCFG_DL_USB_TLL_init)
    __arm_cp.7_2                             0x00001794   Number         4  ti_msp_dl_config.o(.text.SYSCFG_DL_USB_TLL_init)
    __arm_cp.7_3                             0x00001798   Number         4  ti_msp_dl_config.o(.text.SYSCFG_DL_USB_TLL_init)
    __arm_cp.7_4                             0x0000179c   Number         4  ti_msp_dl_config.o(.text.SYSCFG_DL_USB_TLL_init)
    __arm_cp.7_5                             0x000017a0   Number         4  ti_msp_dl_config.o(.text.SYSCFG_DL_USB_TLL_init)
    [Anonymous Symbol]                       0x000017a4   Section        0  ti_msp_dl_config.o(.text.SYSCFG_DL_init)
    __arm_cp.0_0                             0x000017d8   Number         4  ti_msp_dl_config.o(.text.SYSCFG_DL_init)
    __arm_cp.0_1                             0x000017dc   Number         4  ti_msp_dl_config.o(.text.SYSCFG_DL_init)
    [Anonymous Symbol]                       0x000017e0   Section        0  ti_msp_dl_config.o(.text.SYSCFG_DL_initPower)
    __arm_cp.1_0                             0x0000181c   Number         4  ti_msp_dl_config.o(.text.SYSCFG_DL_initPower)
    __arm_cp.1_1                             0x00001820   Number         4  ti_msp_dl_config.o(.text.SYSCFG_DL_initPower)
    __arm_cp.1_2                             0x00001824   Number         4  ti_msp_dl_config.o(.text.SYSCFG_DL_initPower)
    __arm_cp.1_3                             0x00001828   Number         4  ti_msp_dl_config.o(.text.SYSCFG_DL_initPower)
    __arm_cp.1_4                             0x0000182c   Number         4  ti_msp_dl_config.o(.text.SYSCFG_DL_initPower)
    __arm_cp.1_5                             0x00001830   Number         4  ti_msp_dl_config.o(.text.SYSCFG_DL_initPower)
    __arm_cp.1_6                             0x00001834   Number         4  ti_msp_dl_config.o(.text.SYSCFG_DL_initPower)
    __arm_cp.1_7                             0x00001838   Number         4  ti_msp_dl_config.o(.text.SYSCFG_DL_initPower)
    __arm_cp.1_8                             0x0000183c   Number         4  ti_msp_dl_config.o(.text.SYSCFG_DL_initPower)
    [Anonymous Symbol]                       0x00001840   Section        0  mpu6050.o(.text.Send_Byte)
    __arm_cp.4_0                             0x0000197c   Number         4  mpu6050.o(.text.Send_Byte)
    __arm_cp.4_1                             0x00001980   Number         4  mpu6050.o(.text.Send_Byte)
    [Anonymous Symbol]                       0x00001984   Section        0  empty.o(.text.TIMG7_IRQHandler)
    __arm_cp.1_0                             0x0000198c   Number         4  empty.o(.text.TIMG7_IRQHandler)
    [Anonymous Symbol]                       0x00001990   Section        0  bluebooth.o(.text.UART1_IRQHandler)
    __arm_cp.8_0                             0x000019c4   Number         4  bluebooth.o(.text.UART1_IRQHandler)
    __arm_cp.8_1                             0x000019c8   Number         4  bluebooth.o(.text.UART1_IRQHandler)
    __arm_cp.8_2                             0x000019cc   Number         4  bluebooth.o(.text.UART1_IRQHandler)
    __arm_cp.8_3                             0x000019d0   Number         4  bluebooth.o(.text.UART1_IRQHandler)
    __arm_cp.8_4                             0x000019d4   Number         4  bluebooth.o(.text.UART1_IRQHandler)
    [Anonymous Symbol]                       0x000019d8   Section        0  board.o(.text._sys_exit)
    [Anonymous Symbol]                       0x000019dc   Section        0  board.o(.text.board_init)
    __arm_cp.0_0                             0x000019f4   Number         4  board.o(.text.board_init)
    __arm_cp.0_1                             0x000019f8   Number         4  board.o(.text.board_init)
    [Anonymous Symbol]                       0x00001a1c   Section        0  board.o(.text.delay_ms)
    [Anonymous Symbol]                       0x00001a4c   Section        0  board.o(.text.delay_us)
    __arm_cp.1_0                             0x00001a78   Number         4  board.o(.text.delay_us)
    [Anonymous Symbol]                       0x00001a7c   Section        0  inv_mpu_dmp_motion_driver.o(.text.dmp_enable_feature)
    __arm_cp.18_0                            0x00001cd8   Number         4  inv_mpu_dmp_motion_driver.o(.text.dmp_enable_feature)
    __arm_cp.18_1                            0x00001cdc   Number         4  inv_mpu_dmp_motion_driver.o(.text.dmp_enable_feature)
    __arm_cp.18_2                            0x00001ce0   Number         4  inv_mpu_dmp_motion_driver.o(.text.dmp_enable_feature)
    __arm_cp.18_3                            0x00001ce4   Number         4  inv_mpu_dmp_motion_driver.o(.text.dmp_enable_feature)
    __arm_cp.18_4                            0x00001ce8   Number         4  inv_mpu_dmp_motion_driver.o(.text.dmp_enable_feature)
    __arm_cp.18_5                            0x00001cec   Number         4  inv_mpu_dmp_motion_driver.o(.text.dmp_enable_feature)
    __arm_cp.18_6                            0x00001cf0   Number         4  inv_mpu_dmp_motion_driver.o(.text.dmp_enable_feature)
    __arm_cp.18_7                            0x00001cf4   Number         4  inv_mpu_dmp_motion_driver.o(.text.dmp_enable_feature)
    __arm_cp.18_8                            0x00001cf8   Number         4  inv_mpu_dmp_motion_driver.o(.text.dmp_enable_feature)
    __arm_cp.18_9                            0x00001cfc   Number         4  inv_mpu_dmp_motion_driver.o(.text.dmp_enable_feature)
    __arm_cp.18_10                           0x00001d00   Number         4  inv_mpu_dmp_motion_driver.o(.text.dmp_enable_feature)
    __arm_cp.18_11                           0x00001d04   Number         4  inv_mpu_dmp_motion_driver.o(.text.dmp_enable_feature)
    [Anonymous Symbol]                       0x00001d08   Section        0  inv_mpu_dmp_motion_driver.o(.text.dmp_load_motion_driver_firmware)
    __arm_cp.0_0                             0x00001d1c   Number         4  inv_mpu_dmp_motion_driver.o(.text.dmp_load_motion_driver_firmware)
    __arm_cp.0_1                             0x00001d20   Number         4  inv_mpu_dmp_motion_driver.o(.text.dmp_load_motion_driver_firmware)
    [Anonymous Symbol]                       0x00001d24   Section        0  inv_mpu_dmp_motion_driver.o(.text.dmp_set_fifo_rate)
    __arm_cp.4_0                             0x00001d78   Number         4  inv_mpu_dmp_motion_driver.o(.text.dmp_set_fifo_rate)
    __arm_cp.4_1                             0x00001d7c   Number         4  inv_mpu_dmp_motion_driver.o(.text.dmp_set_fifo_rate)
    __arm_cp.4_2                             0x00001d80   Number         4  inv_mpu_dmp_motion_driver.o(.text.dmp_set_fifo_rate)
    __arm_cp.4_3                             0x00001d84   Number         4  inv_mpu_dmp_motion_driver.o(.text.dmp_set_fifo_rate)
    __arm_cp.4_4                             0x00001d88   Number         4  inv_mpu_dmp_motion_driver.o(.text.dmp_set_fifo_rate)
    __arm_cp.4_5                             0x00001d8c   Number         4  inv_mpu_dmp_motion_driver.o(.text.dmp_set_fifo_rate)
    [Anonymous Symbol]                       0x00001d90   Section        0  inv_mpu_dmp_motion_driver.o(.text.dmp_set_orientation)
    __arm_cp.1_0                             0x00001e50   Number         4  inv_mpu_dmp_motion_driver.o(.text.dmp_set_orientation)
    __arm_cp.1_1                             0x00001e54   Number         4  inv_mpu_dmp_motion_driver.o(.text.dmp_set_orientation)
    __arm_cp.1_2                             0x00001e58   Number         4  inv_mpu_dmp_motion_driver.o(.text.dmp_set_orientation)
    __arm_cp.1_3                             0x00001e5c   Number         4  inv_mpu_dmp_motion_driver.o(.text.dmp_set_orientation)
    __arm_cp.1_4                             0x00001e60   Number         4  inv_mpu_dmp_motion_driver.o(.text.dmp_set_orientation)
    __arm_cp.1_5                             0x00001e64   Number         4  inv_mpu_dmp_motion_driver.o(.text.dmp_set_orientation)
    [Anonymous Symbol]                       0x00001e68   Section        0  inv_mpu_dmp_motion_driver.o(.text.dmp_set_tap_thresh)
    __arm_cp.6_0                             0x00001f98   Number         4  inv_mpu_dmp_motion_driver.o(.text.dmp_set_tap_thresh)
    __arm_cp.6_1                             0x00001f9c   Number         4  inv_mpu_dmp_motion_driver.o(.text.dmp_set_tap_thresh)
    __arm_cp.6_2                             0x00001fa0   Number         4  inv_mpu_dmp_motion_driver.o(.text.dmp_set_tap_thresh)
    __arm_cp.6_3                             0x00001fa4   Number         4  inv_mpu_dmp_motion_driver.o(.text.dmp_set_tap_thresh)
    __arm_cp.6_4                             0x00001fa8   Number         4  inv_mpu_dmp_motion_driver.o(.text.dmp_set_tap_thresh)
    [Anonymous Symbol]                       0x00001fac   Section        0  board.o(.text.fputc)
    __arm_cp.10_0                            0x00001fbc   Number         4  board.o(.text.fputc)
    [Anonymous Symbol]                       0x00001fc0   Section        0  empty.o(.text.main)
    __arm_cp.0_0                             0x00002024   Number         4  empty.o(.text.main)
    __arm_cp.0_1                             0x00002028   Number         4  empty.o(.text.main)
    __arm_cp.0_2                             0x0000202c   Number         4  empty.o(.text.main)
    [Anonymous Symbol]                       0x00002074   Section        0  inv_mpu.o(.text.mpu_configure_fifo)
    [Anonymous Symbol]                       0x00002108   Section        0  inv_mpu.o(.text.mpu_dmp_init)
    [Anonymous Symbol]                       0x00002188   Section        0  inv_mpu.o(.text.mpu_get_accel_fsr)
    __arm_cp.19_1                            0x000021b0   Number         4  inv_mpu.o(.text.mpu_get_accel_fsr)
    __arm_cp.19_2                            0x000021b4   Number         4  inv_mpu.o(.text.mpu_get_accel_fsr)
    [Anonymous Symbol]                       0x000021b8   Section        0  inv_mpu.o(.text.mpu_init)
    __arm_cp.2_0                             0x00002348   Number         4  inv_mpu.o(.text.mpu_init)
    __arm_cp.2_3                             0x00002394   Number         4  inv_mpu.o(.text.mpu_init)
    __arm_cp.2_4                             0x00002398   Number         4  inv_mpu.o(.text.mpu_init)
    [Anonymous Symbol]                       0x0000239c   Section        0  inv_mpu.o(.text.mpu_load_firmware)
    __arm_cp.37_0                            0x000024c0   Number         4  inv_mpu.o(.text.mpu_load_firmware)
    [Anonymous Symbol]                       0x000024c4   Section        0  inv_mpu.o(.text.mpu_lp_accel_mode)
    __arm_cp.10_0                            0x000026bc   Number         4  inv_mpu.o(.text.mpu_lp_accel_mode)
    [Anonymous Symbol]                       0x000026c0   Section        0  inv_mpu.o(.text.mpu_reset_fifo)
    __arm_cp.17_0                            0x00002808   Number         4  inv_mpu.o(.text.mpu_reset_fifo)
    [Anonymous Symbol]                       0x0000280c   Section        0  inv_mpu.o(.text.mpu_set_bypass)
    __arm_cp.8_0                             0x000028e8   Number         4  inv_mpu.o(.text.mpu_set_bypass)
    [Anonymous Symbol]                       0x000028ec   Section        0  inv_mpu.o(.text.mpu_set_dmp_state)
    [Anonymous Symbol]                       0x000029c4   Section        0  inv_mpu.o(.text.mpu_set_sample_rate)
    __arm_cp.6_0                             0x00002aa4   Number         4  inv_mpu.o(.text.mpu_set_sample_rate)
    [Anonymous Symbol]                       0x00002aa8   Section        0  inv_mpu.o(.text.mpu_set_sensors)
    [Anonymous Symbol]                       0x00002b88   Section        0  inv_mpu.o(.text.mpu_write_mem)
    __arm_cp.35_0                            0x00002be8   Number         4  inv_mpu.o(.text.mpu_write_mem)
    .text_divfast                            0x00002bec   Section      502  aeabi_sdivfast.o(.text_divfast)
    i._is_digit                              0x00002de2   Section        0  __printf_wp.o(i._is_digit)
    x$fpl$fadd                               0x00002df0   Section      140  faddsub.o(x$fpl$fadd)
    _fadd1                                   0x00002dfd   Thumb Code     0  faddsub.o(x$fpl$fadd)
    x$fpl$fmul                               0x00002e7c   Section      176  fmul.o(x$fpl$fmul)
    x$fpl$fsub                               0x00002f2c   Section      208  faddsub.o(x$fpl$fsub)
    _fsub1                                   0x00002f39   Thumb Code     0  faddsub.o(x$fpl$fsub)
    uc_hextab                                0x00002ffc   Data          20  _printf_hex_int.o(.constdata)
    .constdata                               0x00002ffc   Section       40  _printf_hex_int.o(.constdata)
    x$fpl$usenofp                            0x00002ffc   Section        0  usenofp.o(x$fpl$usenofp)
    lc_hextab                                0x00003010   Data          20  _printf_hex_int.o(.constdata)
    maptable                                 0x00003024   Data          17  __printf_flags_wp.o(.constdata)
    .constdata                               0x00003024   Section       17  __printf_flags_wp.o(.constdata)
    fdiv_tab                                 0x00003035   Data          64  fdiv.o(.constdata)
    .constdata                               0x00003035   Section       64  fdiv.o(.constdata)
    [Anonymous Symbol]                       0x00003075   Section        0  inv_mpu_dmp_motion_driver.o(.rodata..L__const.dmp_set_orientation.accel_axes)
    [Anonymous Symbol]                       0x00003078   Section        0  inv_mpu_dmp_motion_driver.o(.rodata..L__const.dmp_set_orientation.gyro_axes)
    dmp_memory                               0x0000307b   Data        3062  inv_mpu_dmp_motion_driver.o(.rodata.dmp_memory)
    [Anonymous Symbol]                       0x0000307b   Section        0  inv_mpu_dmp_motion_driver.o(.rodata.dmp_memory)
    gPWM_MotorAClockConfig                   0x00003c71   Data           3  ti_msp_dl_config.o(.rodata.gPWM_MotorAClockConfig)
    [Anonymous Symbol]                       0x00003c71   Section        0  ti_msp_dl_config.o(.rodata.gPWM_MotorAClockConfig)
    gPWM_MotorAConfig                        0x00003c74   Data           8  ti_msp_dl_config.o(.rodata.gPWM_MotorAConfig)
    [Anonymous Symbol]                       0x00003c74   Section        0  ti_msp_dl_config.o(.rodata.gPWM_MotorAConfig)
    gPWM_MotorBClockConfig                   0x00003c7c   Data           3  ti_msp_dl_config.o(.rodata.gPWM_MotorBClockConfig)
    [Anonymous Symbol]                       0x00003c7c   Section        0  ti_msp_dl_config.o(.rodata.gPWM_MotorBClockConfig)
    gPWM_MotorBConfig                        0x00003c80   Data           8  ti_msp_dl_config.o(.rodata.gPWM_MotorBConfig)
    [Anonymous Symbol]                       0x00003c80   Section        0  ti_msp_dl_config.o(.rodata.gPWM_MotorBConfig)
    gTIMER_0ClockConfig                      0x00003c88   Data           3  ti_msp_dl_config.o(.rodata.gTIMER_0ClockConfig)
    [Anonymous Symbol]                       0x00003c88   Section        0  ti_msp_dl_config.o(.rodata.gTIMER_0ClockConfig)
    gTIMER_0TimerConfig                      0x00003c8c   Data          20  ti_msp_dl_config.o(.rodata.gTIMER_0TimerConfig)
    [Anonymous Symbol]                       0x00003c8c   Section        0  ti_msp_dl_config.o(.rodata.gTIMER_0TimerConfig)
    gUART_TransClockConfig                   0x00003ca0   Data           2  ti_msp_dl_config.o(.rodata.gUART_TransClockConfig)
    [Anonymous Symbol]                       0x00003ca0   Section        0  ti_msp_dl_config.o(.rodata.gUART_TransClockConfig)
    gUART_TransConfig                        0x00003ca2   Data          10  ti_msp_dl_config.o(.rodata.gUART_TransConfig)
    [Anonymous Symbol]                       0x00003ca2   Section        0  ti_msp_dl_config.o(.rodata.gUART_TransConfig)
    gUSB_TLLClockConfig                      0x00003cac   Data           2  ti_msp_dl_config.o(.rodata.gUSB_TLLClockConfig)
    [Anonymous Symbol]                       0x00003cac   Section        0  ti_msp_dl_config.o(.rodata.gUSB_TLLClockConfig)
    gUSB_TLLConfig                           0x00003cae   Data          10  ti_msp_dl_config.o(.rodata.gUSB_TLLConfig)
    [Anonymous Symbol]                       0x00003cae   Section        0  ti_msp_dl_config.o(.rodata.gUSB_TLLConfig)
    [Anonymous Symbol]                       0x00003cdf   Section        0  mpu6050.o(.rodata.str1.1)
    [Anonymous Symbol]                       0x00003d16   Section        0  inv_mpu.o(.rodata.str1.1)
    st                                       0x20200004   Data          44  inv_mpu.o(.data.st)
    [Anonymous Symbol]                       0x20200004   Section        0  inv_mpu.o(.data.st)
    .bss                                     0x20200030   Section       96  libspace.o(.bss)
    dmp.2                                    0x202001b8   Data           2  inv_mpu_dmp_motion_driver.o(.bss.dmp.2)
    [Anonymous Symbol]                       0x202001b8   Section        0  inv_mpu_dmp_motion_driver.o(.bss.dmp.2)
    dmp.3                                    0x202001bc   Data           2  inv_mpu_dmp_motion_driver.o(.bss.dmp.3)
    [Anonymous Symbol]                       0x202001bc   Section        0  inv_mpu_dmp_motion_driver.o(.bss.dmp.3)
    dmp.4                                    0x202001c0   Data           2  inv_mpu_dmp_motion_driver.o(.bss.dmp.4)
    [Anonymous Symbol]                       0x202001c0   Section        0  inv_mpu_dmp_motion_driver.o(.bss.dmp.4)
    dmp.5                                    0x202001c2   Data           1  inv_mpu_dmp_motion_driver.o(.bss.dmp.5)
    [Anonymous Symbol]                       0x202001c2   Section        0  inv_mpu_dmp_motion_driver.o(.bss.dmp.5)
    Heap_Mem                                 0x202002b8   Data           0  startup_mspm0g350x_uvision.o(HEAP)
    Stack_Mem                                0x202002b8   Data         256  startup_mspm0g350x_uvision.o(STACK)
    HEAP                                     0x202002b8   Section        0  startup_mspm0g350x_uvision.o(HEAP)
    STACK                                    0x202002b8   Section      256  startup_mspm0g350x_uvision.o(STACK)
    __initial_sp                             0x202003b8   Data           0  startup_mspm0g350x_uvision.o(STACK)

    Global Symbols

    Symbol Name                              Value     Ov Type        Size  Object(Section)

    BuildAttributes$$THM_ISAv3M$S$PE$A:L22$X:L11$S22$IEEE1$IW$~IW$USESV6$~STKCKD$USESV7$~SHL$OTIME$ROPI$IEEEX$EBA8$UX$STANDARDLIB$REQ8$PRES8$EABIv2 0x00000000   Number         0  anon$$obj.o ABSOLUTE
    __Vectors                                0x00000000   Data           4  startup_mspm0g350x_uvision.o(RESET)
    _printf_flags                            0x00000000   Number         0  printf_stubs.o ABSOLUTE
    _printf_return_value                     0x00000000   Number         0  printf_stubs.o ABSOLUTE
    _printf_sizespec                         0x00000000   Number         0  printf_stubs.o ABSOLUTE
    _printf_widthprec                        0x00000000   Number         0  printf_stubs.o ABSOLUTE
    __ARM_exceptions_init                     - Undefined Weak Reference
    __alloca_initialize                       - Undefined Weak Reference
    __arm_preinit_                            - Undefined Weak Reference
    __cpp_initialize__aeabi_                  - Undefined Weak Reference
    __cxa_finalize                            - Undefined Weak Reference
    __rt_locale                               - Undefined Weak Reference
    __sigvec_lookup                           - Undefined Weak Reference
    _atexit_init                              - Undefined Weak Reference
    _call_atexit_fns                          - Undefined Weak Reference
    _clock_init                               - Undefined Weak Reference
    _fp_trap_init                             - Undefined Weak Reference
    _fp_trap_shutdown                         - Undefined Weak Reference
    _get_lc_collate                           - Undefined Weak Reference
    _get_lc_ctype                             - Undefined Weak Reference
    _get_lc_monetary                          - Undefined Weak Reference
    _get_lc_numeric                           - Undefined Weak Reference
    _get_lc_time                              - Undefined Weak Reference
    _getenv_init                              - Undefined Weak Reference
    _handle_redirection                       - Undefined Weak Reference
    _init_alloc                               - Undefined Weak Reference
    _init_user_alloc                          - Undefined Weak Reference
    _initio                                   - Undefined Weak Reference
    _mutex_acquire                            - Undefined Weak Reference
    _mutex_release                            - Undefined Weak Reference
    _printf_mbtowc                            - Undefined Weak Reference
    _printf_truncate_signed                   - Undefined Weak Reference
    _printf_truncate_unsigned                 - Undefined Weak Reference
    _rand_init                                - Undefined Weak Reference
    _signal_finish                            - Undefined Weak Reference
    _signal_init                              - Undefined Weak Reference
    _terminate_alloc                          - Undefined Weak Reference
    _terminate_user_alloc                     - Undefined Weak Reference
    _terminateio                              - Undefined Weak Reference
    __Vectors_End                            0x000000c0   Data           0  startup_mspm0g350x_uvision.o(RESET)
    __Vectors_Size                           0x000000c0   Number         0  startup_mspm0g350x_uvision.o ABSOLUTE
    __main                                   0x000000c1   Thumb Code     8  __main.o(!!!main)
    __scatterload                            0x000000c9   Thumb Code     0  __scatter.o(!!!scatter)
    __scatterload_rt2                        0x000000c9   Thumb Code    52  __scatter.o(!!!scatter)
    __scatterload_rt2_thumb_only             0x000000c9   Thumb Code     0  __scatter.o(!!!scatter)
    __scatterload_null                       0x000000d9   Thumb Code     0  __scatter.o(!!!scatter)
    __scatterload_copy                       0x00000109   Thumb Code    26  __scatter_copy.o(!!handler_copy)
    __scatterload_zeroinit                   0x00000129   Thumb Code    28  __scatter_zi.o(!!handler_zi)
    _printf_percent                          0x00000145   Thumb Code     0  _printf_percent.o(.ARM.Collect$$_printf_percent$$00000000)
    _printf_d                                0x00000147   Thumb Code     0  _printf_d.o(.ARM.Collect$$_printf_percent$$00000009)
    _printf_x                                0x00000151   Thumb Code     0  _printf_x.o(.ARM.Collect$$_printf_percent$$0000000C)
    _printf_s                                0x0000015b   Thumb Code     0  _printf_s.o(.ARM.Collect$$_printf_percent$$00000014)
    _printf_percent_end                      0x00000165   Thumb Code     0  _printf_percent_end.o(.ARM.Collect$$_printf_percent$$00000017)
    __rt_lib_init                            0x00000169   Thumb Code     0  libinit.o(.ARM.Collect$$libinit$$00000000)
    __rt_lib_init_alloca_1                   0x0000016b   Thumb Code     0  libinit2.o(.ARM.Collect$$libinit$$0000002E)
    __rt_lib_init_argv_1                     0x0000016b   Thumb Code     0  libinit2.o(.ARM.Collect$$libinit$$0000002C)
    __rt_lib_init_atexit_1                   0x0000016b   Thumb Code     0  libinit2.o(.ARM.Collect$$libinit$$0000001B)
    __rt_lib_init_clock_1                    0x0000016b   Thumb Code     0  libinit2.o(.ARM.Collect$$libinit$$00000021)
    __rt_lib_init_cpp_1                      0x0000016b   Thumb Code     0  libinit2.o(.ARM.Collect$$libinit$$00000032)
    __rt_lib_init_exceptions_1               0x0000016b   Thumb Code     0  libinit2.o(.ARM.Collect$$libinit$$00000030)
    __rt_lib_init_fp_1                       0x0000016b   Thumb Code     0  libinit2.o(.ARM.Collect$$libinit$$00000002)
    __rt_lib_init_fp_trap_1                  0x0000016b   Thumb Code     0  libinit2.o(.ARM.Collect$$libinit$$0000001F)
    __rt_lib_init_getenv_1                   0x0000016b   Thumb Code     0  libinit2.o(.ARM.Collect$$libinit$$00000023)
    __rt_lib_init_heap_1                     0x0000016b   Thumb Code     0  libinit2.o(.ARM.Collect$$libinit$$0000000A)
    __rt_lib_init_lc_collate_1               0x0000016b   Thumb Code     0  libinit2.o(.ARM.Collect$$libinit$$00000011)
    __rt_lib_init_lc_ctype_1                 0x0000016b   Thumb Code     0  libinit2.o(.ARM.Collect$$libinit$$00000013)
    __rt_lib_init_lc_monetary_1              0x0000016b   Thumb Code     0  libinit2.o(.ARM.Collect$$libinit$$00000015)
    __rt_lib_init_lc_numeric_1               0x0000016b   Thumb Code     0  libinit2.o(.ARM.Collect$$libinit$$00000017)
    __rt_lib_init_lc_time_1                  0x0000016b   Thumb Code     0  libinit2.o(.ARM.Collect$$libinit$$00000019)
    __rt_lib_init_preinit_1                  0x0000016b   Thumb Code     0  libinit2.o(.ARM.Collect$$libinit$$00000004)
    __rt_lib_init_rand_1                     0x0000016b   Thumb Code     0  libinit2.o(.ARM.Collect$$libinit$$0000000E)
    __rt_lib_init_return                     0x0000016b   Thumb Code     0  libinit2.o(.ARM.Collect$$libinit$$00000033)
    __rt_lib_init_signal_1                   0x0000016b   Thumb Code     0  libinit2.o(.ARM.Collect$$libinit$$0000001D)
    __rt_lib_init_stdio_1                    0x0000016b   Thumb Code     0  libinit2.o(.ARM.Collect$$libinit$$00000025)
    __rt_lib_init_user_alloc_1               0x0000016b   Thumb Code     0  libinit2.o(.ARM.Collect$$libinit$$0000000C)
    __rt_lib_shutdown                        0x0000016d   Thumb Code     0  libshutdown.o(.ARM.Collect$$libshutdown$$00000000)
    __rt_lib_shutdown_cpp_1                  0x0000016f   Thumb Code     0  libshutdown2.o(.ARM.Collect$$libshutdown$$00000002)
    __rt_lib_shutdown_fp_trap_1              0x0000016f   Thumb Code     0  libshutdown2.o(.ARM.Collect$$libshutdown$$00000007)
    __rt_lib_shutdown_heap_1                 0x0000016f   Thumb Code     0  libshutdown2.o(.ARM.Collect$$libshutdown$$0000000F)
    __rt_lib_shutdown_return                 0x0000016f   Thumb Code     0  libshutdown2.o(.ARM.Collect$$libshutdown$$00000010)
    __rt_lib_shutdown_signal_1               0x0000016f   Thumb Code     0  libshutdown2.o(.ARM.Collect$$libshutdown$$0000000A)
    __rt_lib_shutdown_stdio_1                0x0000016f   Thumb Code     0  libshutdown2.o(.ARM.Collect$$libshutdown$$00000004)
    __rt_lib_shutdown_user_alloc_1           0x0000016f   Thumb Code     0  libshutdown2.o(.ARM.Collect$$libshutdown$$0000000C)
    __rt_entry                               0x00000171   Thumb Code     0  __rtentry.o(.ARM.Collect$$rtentry$$00000000)
    __rt_entry_presh_1                       0x00000171   Thumb Code     0  __rtentry2.o(.ARM.Collect$$rtentry$$00000002)
    __rt_entry_sh                            0x00000171   Thumb Code     0  __rtentry4.o(.ARM.Collect$$rtentry$$00000004)
    __rt_entry_li                            0x00000177   Thumb Code     0  __rtentry2.o(.ARM.Collect$$rtentry$$0000000A)
    __rt_entry_postsh_1                      0x00000177   Thumb Code     0  __rtentry2.o(.ARM.Collect$$rtentry$$00000009)
    __rt_entry_main                          0x0000017b   Thumb Code     0  __rtentry2.o(.ARM.Collect$$rtentry$$0000000D)
    __rt_entry_postli_1                      0x0000017b   Thumb Code     0  __rtentry2.o(.ARM.Collect$$rtentry$$0000000C)
    __rt_exit                                0x00000183   Thumb Code     0  rtexit.o(.ARM.Collect$$rtexit$$00000000)
    __rt_exit_ls                             0x00000185   Thumb Code     0  rtexit2.o(.ARM.Collect$$rtexit$$00000003)
    __rt_exit_prels_1                        0x00000185   Thumb Code     0  rtexit2.o(.ARM.Collect$$rtexit$$00000002)
    __rt_exit_exit                           0x00000189   Thumb Code     0  rtexit2.o(.ARM.Collect$$rtexit$$00000004)
    Reset_Handler                            0x00000191   Thumb Code     4  startup_mspm0g350x_uvision.o(.text)
    NMI_Handler                              0x00000195   Thumb Code     2  startup_mspm0g350x_uvision.o(.text)
    HardFault_Handler                        0x00000197   Thumb Code     2  startup_mspm0g350x_uvision.o(.text)
    SVC_Handler                              0x00000199   Thumb Code     2  startup_mspm0g350x_uvision.o(.text)
    PendSV_Handler                           0x0000019b   Thumb Code     2  startup_mspm0g350x_uvision.o(.text)
    SysTick_Handler                          0x0000019d   Thumb Code     2  startup_mspm0g350x_uvision.o(.text)
    ADC0_IRQHandler                          0x0000019f   Thumb Code     0  startup_mspm0g350x_uvision.o(.text)
    ADC1_IRQHandler                          0x0000019f   Thumb Code     0  startup_mspm0g350x_uvision.o(.text)
    AES_IRQHandler                           0x0000019f   Thumb Code     0  startup_mspm0g350x_uvision.o(.text)
    CANFD0_IRQHandler                        0x0000019f   Thumb Code     0  startup_mspm0g350x_uvision.o(.text)
    DAC0_IRQHandler                          0x0000019f   Thumb Code     0  startup_mspm0g350x_uvision.o(.text)
    DMA_IRQHandler                           0x0000019f   Thumb Code     0  startup_mspm0g350x_uvision.o(.text)
    Default_Handler                          0x0000019f   Thumb Code     2  startup_mspm0g350x_uvision.o(.text)
    GROUP0_IRQHandler                        0x0000019f   Thumb Code     0  startup_mspm0g350x_uvision.o(.text)
    I2C0_IRQHandler                          0x0000019f   Thumb Code     0  startup_mspm0g350x_uvision.o(.text)
    I2C1_IRQHandler                          0x0000019f   Thumb Code     0  startup_mspm0g350x_uvision.o(.text)
    RTC_IRQHandler                           0x0000019f   Thumb Code     0  startup_mspm0g350x_uvision.o(.text)
    SPI0_IRQHandler                          0x0000019f   Thumb Code     0  startup_mspm0g350x_uvision.o(.text)
    SPI1_IRQHandler                          0x0000019f   Thumb Code     0  startup_mspm0g350x_uvision.o(.text)
    TIMA0_IRQHandler                         0x0000019f   Thumb Code     0  startup_mspm0g350x_uvision.o(.text)
    TIMA1_IRQHandler                         0x0000019f   Thumb Code     0  startup_mspm0g350x_uvision.o(.text)
    TIMG0_IRQHandler                         0x0000019f   Thumb Code     0  startup_mspm0g350x_uvision.o(.text)
    TIMG12_IRQHandler                        0x0000019f   Thumb Code     0  startup_mspm0g350x_uvision.o(.text)
    TIMG6_IRQHandler                         0x0000019f   Thumb Code     0  startup_mspm0g350x_uvision.o(.text)
    TIMG8_IRQHandler                         0x0000019f   Thumb Code     0  startup_mspm0g350x_uvision.o(.text)
    UART0_IRQHandler                         0x0000019f   Thumb Code     0  startup_mspm0g350x_uvision.o(.text)
    UART2_IRQHandler                         0x0000019f   Thumb Code     0  startup_mspm0g350x_uvision.o(.text)
    UART3_IRQHandler                         0x0000019f   Thumb Code     0  startup_mspm0g350x_uvision.o(.text)
    __user_initial_stackheap                 0x000001a1   Thumb Code    10  startup_mspm0g350x_uvision.o(.text)
    __2printf                                0x000001bd   Thumb Code    22  noretval__2printf.o(.text)
    _printf_pre_padding                      0x000001d9   Thumb Code    44  _printf_pad.o(.text)
    _printf_post_padding                     0x00000205   Thumb Code    34  _printf_pad.o(.text)
    _printf_str                              0x00000227   Thumb Code    82  _printf_str.o(.text)
    _printf_int_dec                          0x00000279   Thumb Code    90  _printf_dec.o(.text)
    _printf_int_hex                          0x000002e5   Thumb Code    84  _printf_hex_int.o(.text)
    _printf_longlong_hex                     0x000002e5   Thumb Code     0  _printf_hex_int.o(.text)
    __printf                                 0x0000033d   Thumb Code   306  __printf_flags_wp.o(.text)
    puts                                     0x00000475   Thumb Code    38  puts.o(.text)
    memcmp                                   0x000004a1   Thumb Code    90  memcmp.o(.text)
    __use_two_region_memory                  0x000004fb   Thumb Code     2  heapauxi.o(.text)
    __rt_heap_escrow$2region                 0x000004fd   Thumb Code     2  heapauxi.o(.text)
    __rt_heap_expand$2region                 0x000004ff   Thumb Code     2  heapauxi.o(.text)
    __aeabi_fdiv                             0x00000501   Thumb Code     0  fdiv.o(.text)
    _fdiv                                    0x00000501   Thumb Code   334  fdiv.o(.text)
    _frdiv                                   0x0000064f   Thumb Code     8  fdiv.o(.text)
    __aeabi_f2iz                             0x00000661   Thumb Code     0  ffixi.o(.text)
    _ffix                                    0x00000661   Thumb Code    76  ffixi.o(.text)
    __aeabi_f2uiz                            0x000006ad   Thumb Code     0  ffixui.o(.text)
    _ffixu                                   0x000006ad   Thumb Code    48  ffixui.o(.text)
    __aeabi_i2f_normalise                    0x000006dd   Thumb Code    72  fflti.o(.text)
    __aeabi_i2f                              0x00000725   Thumb Code    16  fflti.o(.text)
    _fflt                                    0x00000725   Thumb Code     0  fflti.o(.text)
    __aeabi_ui2f                             0x00000735   Thumb Code     6  fflti.o(.text)
    _ffltu                                   0x00000735   Thumb Code     0  fflti.o(.text)
    _printf_int_common                       0x0000073b   Thumb Code   176  _printf_intcommon.o(.text)
    _printf_cs_common                        0x000007eb   Thumb Code    22  _printf_char.o(.text)
    _printf_char                             0x00000801   Thumb Code    16  _printf_char.o(.text)
    _printf_string                           0x00000811   Thumb Code     8  _printf_char.o(.text)
    _printf_char_file                        0x00000819   Thumb Code    34  _printf_char_file.o(.text)
    __rt_udiv10                              0x00000841   Thumb Code    40  rtudiv10.o(.text)
    _printf_char_common                      0x00000873   Thumb Code    32  _printf_char_common.o(.text)
    ferror                                   0x00000899   Thumb Code     8  ferror.o(.text)
    __user_libspace                          0x000008a1   Thumb Code     8  libspace.o(.text)
    __user_perproc_libspace                  0x000008a1   Thumb Code     0  libspace.o(.text)
    __user_perthread_libspace                0x000008a1   Thumb Code     0  libspace.o(.text)
    __user_setup_stackheap                   0x000008a9   Thumb Code    62  sys_stackheap_outer.o(.text)
    exit                                     0x000008e7   Thumb Code    16  exit.o(.text)
    BLE_send_String                          0x000008f9   Thumb Code    32  bluebooth.o(.text.BLE_send_String)
    Bluetooth_Init                           0x0000091d   Thumb Code    24  bluebooth.o(.text.Bluetooth_Init)
    DL_Common_delayCycles                    0x00000959   Thumb Code    10  dl_common.o(.text.DL_Common_delayCycles)
    DL_Timer_initPWMMode                     0x00000965   Thumb Code   172  dl_timer.o(.text.DL_Timer_initPWMMode)
    DL_Timer_initTimerMode                   0x00000a25   Thumb Code   224  dl_timer.o(.text.DL_Timer_initTimerMode)
    DL_Timer_setCaptCompUpdateMethod         0x00000b15   Thumb Code    24  dl_timer.o(.text.DL_Timer_setCaptCompUpdateMethod)
    DL_Timer_setCaptureCompareOutCtl         0x00000b31   Thumb Code    20  dl_timer.o(.text.DL_Timer_setCaptureCompareOutCtl)
    DL_Timer_setCaptureCompareValue          0x00000b49   Thumb Code    12  dl_timer.o(.text.DL_Timer_setCaptureCompareValue)
    DL_Timer_setClockConfig                  0x00000b59   Thumb Code    24  dl_timer.o(.text.DL_Timer_setClockConfig)
    DL_UART_init                             0x00000b75   Thumb Code    64  dl_uart.o(.text.DL_UART_init)
    DL_UART_setClockConfig                   0x00000bbd   Thumb Code    18  dl_uart.o(.text.DL_UART_setClockConfig)
    Encoder_Get                              0x00000bd1   Thumb Code    36  encoder.o(.text.Encoder_Get)
    GROUP1_IRQHandler                        0x00000c15   Thumb Code    84  encoder.o(.text.GROUP1_IRQHandler)
    Interrupt_Solution                       0x00000c79   Thumb Code    40  contorl.o(.text.Interrupt_Solution)
    MPU6050_Init                             0x00000cad   Thumb Code   284  mpu6050.o(.text.MPU6050_Init)
    MPU6050_ReadData                         0x00000dd5   Thumb Code   592  mpu6050.o(.text.MPU6050_ReadData)
    MPU6050_WriteReg                         0x00001035   Thumb Code   520  mpu6050.o(.text.MPU6050_WriteReg)
    Motor_straight                           0x00001249   Thumb Code   100  motor.o(.text.Motor_straight)
    PwmA_Duty_Set                            0x000012b5   Thumb Code    32  pwm.o(.text.PwmA_Duty_Set)
    PwmB_Duty_Set                            0x000012d5   Thumb Code    32  pwm.o(.text.PwmB_Duty_Set)
    Read_Byte                                0x000012f9   Thumb Code   312  mpu6050.o(.text.Read_Byte)
    Receive_Bluetooth_Data                   0x00001441   Thumb Code    28  bluebooth.o(.text.Receive_Bluetooth_Data)
    SYSCFG_DL_GPIO_init                      0x00001475   Thumb Code   144  ti_msp_dl_config.o(.text.SYSCFG_DL_GPIO_init)
    SYSCFG_DL_PWM_MotorA_init                0x0000152d   Thumb Code   108  ti_msp_dl_config.o(.text.SYSCFG_DL_PWM_MotorA_init)
    SYSCFG_DL_PWM_MotorB_init                0x000015a9   Thumb Code   108  ti_msp_dl_config.o(.text.SYSCFG_DL_PWM_MotorB_init)
    SYSCFG_DL_SYSCTL_init                    0x00001629   Thumb Code    52  ti_msp_dl_config.o(.text.SYSCFG_DL_SYSCTL_init)
    SYSCFG_DL_SYSTICK_init                   0x00001665   Thumb Code    24  ti_msp_dl_config.o(.text.SYSCFG_DL_SYSTICK_init)
    SYSCFG_DL_TIMER_0_init                   0x00001681   Thumb Code    36  ti_msp_dl_config.o(.text.SYSCFG_DL_TIMER_0_init)
    SYSCFG_DL_UART_Trans_init                0x000016b9   Thumb Code   100  ti_msp_dl_config.o(.text.SYSCFG_DL_UART_Trans_init)
    SYSCFG_DL_USB_TLL_init                   0x00001735   Thumb Code    88  ti_msp_dl_config.o(.text.SYSCFG_DL_USB_TLL_init)
    SYSCFG_DL_init                           0x000017a5   Thumb Code    52  ti_msp_dl_config.o(.text.SYSCFG_DL_init)
    SYSCFG_DL_initPower                      0x000017e1   Thumb Code    60  ti_msp_dl_config.o(.text.SYSCFG_DL_initPower)
    Send_Byte                                0x00001841   Thumb Code   316  mpu6050.o(.text.Send_Byte)
    TIMG7_IRQHandler                         0x00001985   Thumb Code     8  empty.o(.text.TIMG7_IRQHandler)
    UART1_IRQHandler                         0x00001991   Thumb Code    52  bluebooth.o(.text.UART1_IRQHandler)
    _sys_exit                                0x000019d9   Thumb Code     2  board.o(.text._sys_exit)
    board_init                               0x000019dd   Thumb Code    24  board.o(.text.board_init)
    delay_ms                                 0x00001a1d   Thumb Code    48  board.o(.text.delay_ms)
    delay_us                                 0x00001a4d   Thumb Code    44  board.o(.text.delay_us)
    dmp_enable_feature                       0x00001a7d   Thumb Code   604  inv_mpu_dmp_motion_driver.o(.text.dmp_enable_feature)
    dmp_load_motion_driver_firmware          0x00001d09   Thumb Code    20  inv_mpu_dmp_motion_driver.o(.text.dmp_load_motion_driver_firmware)
    dmp_set_fifo_rate                        0x00001d25   Thumb Code    84  inv_mpu_dmp_motion_driver.o(.text.dmp_set_fifo_rate)
    dmp_set_orientation                      0x00001d91   Thumb Code   192  inv_mpu_dmp_motion_driver.o(.text.dmp_set_orientation)
    dmp_set_tap_thresh                       0x00001e69   Thumb Code   304  inv_mpu_dmp_motion_driver.o(.text.dmp_set_tap_thresh)
    fputc                                    0x00001fad   Thumb Code    16  board.o(.text.fputc)
    main                                     0x00001fc1   Thumb Code   100  empty.o(.text.main)
    mpu_configure_fifo                       0x00002075   Thumb Code   148  inv_mpu.o(.text.mpu_configure_fifo)
    mpu_dmp_init                             0x00002109   Thumb Code   126  inv_mpu.o(.text.mpu_dmp_init)
    mpu_get_accel_fsr                        0x00002189   Thumb Code    40  inv_mpu.o(.text.mpu_get_accel_fsr)
    mpu_init                                 0x000021b9   Thumb Code   400  inv_mpu.o(.text.mpu_init)
    mpu_load_firmware                        0x0000239d   Thumb Code   292  inv_mpu.o(.text.mpu_load_firmware)
    mpu_lp_accel_mode                        0x000024c5   Thumb Code   504  inv_mpu.o(.text.mpu_lp_accel_mode)
    mpu_reset_fifo                           0x000026c1   Thumb Code   328  inv_mpu.o(.text.mpu_reset_fifo)
    mpu_set_bypass                           0x0000280d   Thumb Code   220  inv_mpu.o(.text.mpu_set_bypass)
    mpu_set_dmp_state                        0x000028ed   Thumb Code   216  inv_mpu.o(.text.mpu_set_dmp_state)
    mpu_set_sample_rate                      0x000029c5   Thumb Code   224  inv_mpu.o(.text.mpu_set_sample_rate)
    mpu_set_sensors                          0x00002aa9   Thumb Code   224  inv_mpu.o(.text.mpu_set_sensors)
    mpu_write_mem                            0x00002b89   Thumb Code    96  inv_mpu.o(.text.mpu_write_mem)
    __aeabi_uidiv                            0x00002bed   Thumb Code    68  aeabi_sdivfast.o(.text_divfast)
    __aeabi_idiv                             0x00002c31   Thumb Code   434  aeabi_sdivfast.o(.text_divfast)
    _is_digit                                0x00002de3   Thumb Code    14  __printf_wp.o(i._is_digit)
    __aeabi_fadd                             0x00002df1   Thumb Code     0  faddsub.o(x$fpl$fadd)
    _fadd                                    0x00002df1   Thumb Code   134  faddsub.o(x$fpl$fadd)
    __aeabi_fmul                             0x00002e7d   Thumb Code     0  fmul.o(x$fpl$fmul)
    _fmul                                    0x00002e7d   Thumb Code   172  fmul.o(x$fpl$fmul)
    __aeabi_fsub                             0x00002f2d   Thumb Code     0  faddsub.o(x$fpl$fsub)
    _fsub                                    0x00002f2d   Thumb Code   204  faddsub.o(x$fpl$fsub)
    __I$use$fp                               0x00002ffc   Number         0  usenofp.o(x$fpl$usenofp)
    hw                                       0x00003cb8   Data          12  inv_mpu.o(.rodata.hw)
    reg                                      0x00003cc4   Data          27  inv_mpu.o(.rodata.reg)
    test                                     0x00003d64   Data          40  inv_mpu.o(.rodata.test)
    Region$$Table$$Base                      0x00003d90   Number         0  anon$$obj.o(Region$$Table)
    Region$$Table$$Limit                     0x00003db0   Number         0  anon$$obj.o(Region$$Table)
    Vlocity_init                             0x20200000   Data           2  motor.o(.data.Vlocity_init)
    __libspace_start                         0x20200030   Data          96  libspace.o(.bss)
    BLERX_BUFF                               0x20200090   Data         200  bluebooth.o(.bss.BLERX_BUFF)
    __temporary_stack_top$libspace           0x20200090   Data           0  libspace.o(.bss)
    BLERX_FLAG                               0x20200158   Data           1  bluebooth.o(.bss.BLERX_FLAG)
    BLERX_LEN                                0x20200159   Data           1  bluebooth.o(.bss.BLERX_LEN)
    Flag_20ms                                0x2020015a   Data           1  encoder.o(.bss.Flag_20ms)
    Flag_2ms                                 0x2020015b   Data           1  encoder.o(.bss.Flag_2ms)
    Left_Count                               0x2020015c   Data           4  encoder.o(.bss.Left_Count)
    Right_Count                              0x20200160   Data           4  encoder.o(.bss.Right_Count)
    __stdout                                 0x20200164   Data          84  board.o(.bss.__stdout)
    gPWM_MotorABackup                        0x202001c4   Data         120  ti_msp_dl_config.o(.bss.gPWM_MotorABackup)
    gTIMER_0Backup                           0x2020023c   Data         120  ti_msp_dl_config.o(.bss.gTIMER_0Backup)



==============================================================================

Memory Map of the image

  Image Entry point : 0x000000c1

  Load Region LR_IROM1 (Base: 0x00000000, Size: 0x00003de0, Max: 0x00020000, ABSOLUTE)

    Execution Region ER_IROM1 (Exec base: 0x00000000, Load base: 0x00000000, Size: 0x00003db0, Max: 0x00020000, ABSOLUTE)

    Exec Addr    Load Addr    Size         Type   Attr      Idx    E Section Name        Object

    0x00000000   0x00000000   0x000000c0   Data   RO           16    RESET               startup_mspm0g350x_uvision.o
    0x000000c0   0x000000c0   0x00000008   Code   RO         1254  * !!!main             c_p.l(__main.o)
    0x000000c8   0x000000c8   0x0000003c   Code   RO         1559    !!!scatter          c_p.l(__scatter.o)
    0x00000104   0x00000104   0x00000004   PAD
    0x00000108   0x00000108   0x0000001a   Code   RO         1561    !!handler_copy      c_p.l(__scatter_copy.o)
    0x00000122   0x00000122   0x00000006   PAD
    0x00000128   0x00000128   0x0000001c   Code   RO         1563    !!handler_zi        c_p.l(__scatter_zi.o)
    0x00000144   0x00000144   0x00000002   Code   RO         1235    .ARM.Collect$$_printf_percent$$00000000  c_p.l(_printf_percent.o)
    0x00000146   0x00000146   0x0000000a   Code   RO         1234    .ARM.Collect$$_printf_percent$$00000009  c_p.l(_printf_d.o)
    0x00000150   0x00000150   0x0000000a   Code   RO         1233    .ARM.Collect$$_printf_percent$$0000000C  c_p.l(_printf_x.o)
    0x0000015a   0x0000015a   0x0000000a   Code   RO         1232    .ARM.Collect$$_printf_percent$$00000014  c_p.l(_printf_s.o)
    0x00000164   0x00000164   0x00000004   Code   RO         1326    .ARM.Collect$$_printf_percent$$00000017  c_p.l(_printf_percent_end.o)
    0x00000168   0x00000168   0x00000002   Code   RO         1421    .ARM.Collect$$libinit$$00000000  c_p.l(libinit.o)
    0x0000016a   0x0000016a   0x00000000   Code   RO         1438    .ARM.Collect$$libinit$$00000002  c_p.l(libinit2.o)
    0x0000016a   0x0000016a   0x00000000   Code   RO         1440    .ARM.Collect$$libinit$$00000004  c_p.l(libinit2.o)
    0x0000016a   0x0000016a   0x00000000   Code   RO         1443    .ARM.Collect$$libinit$$0000000A  c_p.l(libinit2.o)
    0x0000016a   0x0000016a   0x00000000   Code   RO         1445    .ARM.Collect$$libinit$$0000000C  c_p.l(libinit2.o)
    0x0000016a   0x0000016a   0x00000000   Code   RO         1447    .ARM.Collect$$libinit$$0000000E  c_p.l(libinit2.o)
    0x0000016a   0x0000016a   0x00000000   Code   RO         1450    .ARM.Collect$$libinit$$00000011  c_p.l(libinit2.o)
    0x0000016a   0x0000016a   0x00000000   Code   RO         1452    .ARM.Collect$$libinit$$00000013  c_p.l(libinit2.o)
    0x0000016a   0x0000016a   0x00000000   Code   RO         1454    .ARM.Collect$$libinit$$00000015  c_p.l(libinit2.o)
    0x0000016a   0x0000016a   0x00000000   Code   RO         1456    .ARM.Collect$$libinit$$00000017  c_p.l(libinit2.o)
    0x0000016a   0x0000016a   0x00000000   Code   RO         1458    .ARM.Collect$$libinit$$00000019  c_p.l(libinit2.o)
    0x0000016a   0x0000016a   0x00000000   Code   RO         1460    .ARM.Collect$$libinit$$0000001B  c_p.l(libinit2.o)
    0x0000016a   0x0000016a   0x00000000   Code   RO         1462    .ARM.Collect$$libinit$$0000001D  c_p.l(libinit2.o)
    0x0000016a   0x0000016a   0x00000000   Code   RO         1464    .ARM.Collect$$libinit$$0000001F  c_p.l(libinit2.o)
    0x0000016a   0x0000016a   0x00000000   Code   RO         1466    .ARM.Collect$$libinit$$00000021  c_p.l(libinit2.o)
    0x0000016a   0x0000016a   0x00000000   Code   RO         1468    .ARM.Collect$$libinit$$00000023  c_p.l(libinit2.o)
    0x0000016a   0x0000016a   0x00000000   Code   RO         1470    .ARM.Collect$$libinit$$00000025  c_p.l(libinit2.o)
    0x0000016a   0x0000016a   0x00000000   Code   RO         1474    .ARM.Collect$$libinit$$0000002C  c_p.l(libinit2.o)
    0x0000016a   0x0000016a   0x00000000   Code   RO         1476    .ARM.Collect$$libinit$$0000002E  c_p.l(libinit2.o)
    0x0000016a   0x0000016a   0x00000000   Code   RO         1478    .ARM.Collect$$libinit$$00000030  c_p.l(libinit2.o)
    0x0000016a   0x0000016a   0x00000000   Code   RO         1480    .ARM.Collect$$libinit$$00000032  c_p.l(libinit2.o)
    0x0000016a   0x0000016a   0x00000002   Code   RO         1481    .ARM.Collect$$libinit$$00000033  c_p.l(libinit2.o)
    0x0000016c   0x0000016c   0x00000002   Code   RO         1511    .ARM.Collect$$libshutdown$$00000000  c_p.l(libshutdown.o)
    0x0000016e   0x0000016e   0x00000000   Code   RO         1542    .ARM.Collect$$libshutdown$$00000002  c_p.l(libshutdown2.o)
    0x0000016e   0x0000016e   0x00000000   Code   RO         1544    .ARM.Collect$$libshutdown$$00000004  c_p.l(libshutdown2.o)
    0x0000016e   0x0000016e   0x00000000   Code   RO         1547    .ARM.Collect$$libshutdown$$00000007  c_p.l(libshutdown2.o)
    0x0000016e   0x0000016e   0x00000000   Code   RO         1550    .ARM.Collect$$libshutdown$$0000000A  c_p.l(libshutdown2.o)
    0x0000016e   0x0000016e   0x00000000   Code   RO         1552    .ARM.Collect$$libshutdown$$0000000C  c_p.l(libshutdown2.o)
    0x0000016e   0x0000016e   0x00000000   Code   RO         1555    .ARM.Collect$$libshutdown$$0000000F  c_p.l(libshutdown2.o)
    0x0000016e   0x0000016e   0x00000002   Code   RO         1556    .ARM.Collect$$libshutdown$$00000010  c_p.l(libshutdown2.o)
    0x00000170   0x00000170   0x00000000   Code   RO         1307    .ARM.Collect$$rtentry$$00000000  c_p.l(__rtentry.o)
    0x00000170   0x00000170   0x00000000   Code   RO         1369    .ARM.Collect$$rtentry$$00000002  c_p.l(__rtentry2.o)
    0x00000170   0x00000170   0x00000006   Code   RO         1381    .ARM.Collect$$rtentry$$00000004  c_p.l(__rtentry4.o)
    0x00000176   0x00000176   0x00000000   Code   RO         1371    .ARM.Collect$$rtentry$$00000009  c_p.l(__rtentry2.o)
    0x00000176   0x00000176   0x00000004   Code   RO         1372    .ARM.Collect$$rtentry$$0000000A  c_p.l(__rtentry2.o)
    0x0000017a   0x0000017a   0x00000000   Code   RO         1374    .ARM.Collect$$rtentry$$0000000C  c_p.l(__rtentry2.o)
    0x0000017a   0x0000017a   0x00000008   Code   RO         1375    .ARM.Collect$$rtentry$$0000000D  c_p.l(__rtentry2.o)
    0x00000182   0x00000182   0x00000002   Code   RO         1429    .ARM.Collect$$rtexit$$00000000  c_p.l(rtexit.o)
    0x00000184   0x00000184   0x00000000   Code   RO         1485    .ARM.Collect$$rtexit$$00000002  c_p.l(rtexit2.o)
    0x00000184   0x00000184   0x00000004   Code   RO         1486    .ARM.Collect$$rtexit$$00000003  c_p.l(rtexit2.o)
    0x00000188   0x00000188   0x00000006   Code   RO         1487    .ARM.Collect$$rtexit$$00000004  c_p.l(rtexit2.o)
    0x0000018e   0x0000018e   0x00000002   PAD
    0x00000190   0x00000190   0x0000002c   Code   RO           17    .text               startup_mspm0g350x_uvision.o
    0x000001bc   0x000001bc   0x0000001c   Code   RO         1181    .text               c_p.l(noretval__2printf.o)
    0x000001d8   0x000001d8   0x0000004e   Code   RO         1185    .text               c_p.l(_printf_pad.o)
    0x00000226   0x00000226   0x00000052   Code   RO         1187    .text               c_p.l(_printf_str.o)
    0x00000278   0x00000278   0x0000006c   Code   RO         1189    .text               c_p.l(_printf_dec.o)
    0x000002e4   0x000002e4   0x00000058   Code   RO         1194    .text               c_p.l(_printf_hex_int.o)
    0x0000033c   0x0000033c   0x00000138   Code   RO         1224    .text               c_p.l(__printf_flags_wp.o)
    0x00000474   0x00000474   0x0000002c   Code   RO         1236    .text               c_p.l(puts.o)
    0x000004a0   0x000004a0   0x0000005a   Code   RO         1238    .text               c_p.l(memcmp.o)
    0x000004fa   0x000004fa   0x00000006   Code   RO         1252    .text               c_p.l(heapauxi.o)
    0x00000500   0x00000500   0x00000160   Code   RO         1287    .text               fz_ps.l(fdiv.o)
    0x00000660   0x00000660   0x0000004c   Code   RO         1290    .text               fz_ps.l(ffixi.o)
    0x000006ac   0x000006ac   0x00000030   Code   RO         1292    .text               fz_ps.l(ffixui.o)
    0x000006dc   0x000006dc   0x0000005e   Code   RO         1294    .text               fz_ps.l(fflti.o)
    0x0000073a   0x0000073a   0x000000b0   Code   RO         1320    .text               c_p.l(_printf_intcommon.o)
    0x000007ea   0x000007ea   0x0000002e   Code   RO         1322    .text               c_p.l(_printf_char.o)
    0x00000818   0x00000818   0x00000028   Code   RO         1324    .text               c_p.l(_printf_char_file.o)
    0x00000840   0x00000840   0x00000028   Code   RO         1327    .text               c_p.l(rtudiv10.o)
    0x00000868   0x00000868   0x00000030   Code   RO         1390    .text               c_p.l(_printf_char_common.o)
    0x00000898   0x00000898   0x00000008   Code   RO         1392    .text               c_p.l(ferror.o)
    0x000008a0   0x000008a0   0x00000008   Code   RO         1402    .text               c_p.l(libspace.o)
    0x000008a8   0x000008a8   0x0000003e   Code   RO         1405    .text               c_p.l(sys_stackheap_outer.o)
    0x000008e6   0x000008e6   0x00000010   Code   RO         1410    .text               c_p.l(exit.o)
    0x000008f6   0x000008f6   0x00000002   PAD
    0x000008f8   0x000008f8   0x00000024   Code   RO          116    .text.BLE_send_String  bluebooth.o
    0x0000091c   0x0000091c   0x0000003c   Code   RO          120    .text.Bluetooth_Init  bluebooth.o
    0x00000958   0x00000958   0x0000000a   Code   RO         1116    .text.DL_Common_delayCycles  dl_common.o
    0x00000962   0x00000962   0x00000002   PAD
    0x00000964   0x00000964   0x000000c0   Code   RO          550    .text.DL_Timer_initPWMMode  dl_timer.o
    0x00000a24   0x00000a24   0x000000f0   Code   RO          532    .text.DL_Timer_initTimerMode  dl_timer.o
    0x00000b14   0x00000b14   0x0000001c   Code   RO          564    .text.DL_Timer_setCaptCompUpdateMethod  dl_timer.o
    0x00000b30   0x00000b30   0x00000018   Code   RO          554    .text.DL_Timer_setCaptureCompareOutCtl  dl_timer.o
    0x00000b48   0x00000b48   0x00000010   Code   RO          534    .text.DL_Timer_setCaptureCompareValue  dl_timer.o
    0x00000b58   0x00000b58   0x0000001c   Code   RO          528    .text.DL_Timer_setClockConfig  dl_timer.o
    0x00000b74   0x00000b74   0x00000048   Code   RO          476    .text.DL_UART_init  dl_uart.o
    0x00000bbc   0x00000bbc   0x00000012   Code   RO          478    .text.DL_UART_setClockConfig  dl_uart.o
    0x00000bce   0x00000bce   0x00000002   PAD
    0x00000bd0   0x00000bd0   0x00000044   Code   RO          420    .text.Encoder_Get   encoder.o
    0x00000c14   0x00000c14   0x00000064   Code   RO          424    .text.GROUP1_IRQHandler  encoder.o
    0x00000c78   0x00000c78   0x00000034   Code   RO          442    .text.Interrupt_Solution  contorl.o
    0x00000cac   0x00000cac   0x00000128   Code   RO          177    .text.MPU6050_Init  mpu6050.o
    0x00000dd4   0x00000dd4   0x00000260   Code   RO          159    .text.MPU6050_ReadData  mpu6050.o
    0x00001034   0x00001034   0x00000214   Code   RO          157    .text.MPU6050_WriteReg  mpu6050.o
    0x00001248   0x00001248   0x0000006c   Code   RO          389    .text.Motor_straight  motor.o
    0x000012b4   0x000012b4   0x00000020   Code   RO          408    .text.PwmA_Duty_Set  pwm.o
    0x000012d4   0x000012d4   0x00000024   Code   RO          410    .text.PwmB_Duty_Set  pwm.o
    0x000012f8   0x000012f8   0x00000148   Code   RO          155    .text.Read_Byte     mpu6050.o
    0x00001440   0x00001440   0x00000034   Code   RO          126    .text.Receive_Bluetooth_Data  bluebooth.o
    0x00001474   0x00001474   0x000000b8   Code   RO           28    .text.SYSCFG_DL_GPIO_init  ti_msp_dl_config.o
    0x0000152c   0x0000152c   0x0000007c   Code   RO           34    .text.SYSCFG_DL_PWM_MotorA_init  ti_msp_dl_config.o
    0x000015a8   0x000015a8   0x00000080   Code   RO           32    .text.SYSCFG_DL_PWM_MotorB_init  ti_msp_dl_config.o
    0x00001628   0x00001628   0x0000003c   Code   RO           30    .text.SYSCFG_DL_SYSCTL_init  ti_msp_dl_config.o
    0x00001664   0x00001664   0x0000001c   Code   RO           42    .text.SYSCFG_DL_SYSTICK_init  ti_msp_dl_config.o
    0x00001680   0x00001680   0x00000038   Code   RO           36    .text.SYSCFG_DL_TIMER_0_init  ti_msp_dl_config.o
    0x000016b8   0x000016b8   0x0000007c   Code   RO           40    .text.SYSCFG_DL_UART_Trans_init  ti_msp_dl_config.o
    0x00001734   0x00001734   0x00000070   Code   RO           38    .text.SYSCFG_DL_USB_TLL_init  ti_msp_dl_config.o
    0x000017a4   0x000017a4   0x0000003c   Code   RO           24    .text.SYSCFG_DL_init  ti_msp_dl_config.o
    0x000017e0   0x000017e0   0x00000060   Code   RO           26    .text.SYSCFG_DL_initPower  ti_msp_dl_config.o
    0x00001840   0x00001840   0x00000144   Code   RO          153    .text.Send_Byte     mpu6050.o
    0x00001984   0x00001984   0x0000000c   Code   RO            4    .text.TIMG7_IRQHandler  empty.o
    0x00001990   0x00001990   0x00000048   Code   RO          130    .text.UART1_IRQHandler  bluebooth.o
    0x000019d8   0x000019d8   0x00000002   Code   RO           86    .text._sys_exit     board.o
    0x000019da   0x000019da   0x00000002   PAD
    0x000019dc   0x000019dc   0x00000040   Code   RO           68    .text.board_init    board.o
    0x00001a1c   0x00001a1c   0x00000030   Code   RO           72    .text.delay_ms      board.o
    0x00001a4c   0x00001a4c   0x00000030   Code   RO           70    .text.delay_us      board.o
    0x00001a7c   0x00001a7c   0x0000028c   Code   RO          333    .text.dmp_enable_feature  inv_mpu_dmp_motion_driver.o
    0x00001d08   0x00001d08   0x0000001c   Code   RO          297    .text.dmp_load_motion_driver_firmware  inv_mpu_dmp_motion_driver.o
    0x00001d24   0x00001d24   0x0000006c   Code   RO          305    .text.dmp_set_fifo_rate  inv_mpu_dmp_motion_driver.o
    0x00001d90   0x00001d90   0x000000d8   Code   RO          299    .text.dmp_set_orientation  inv_mpu_dmp_motion_driver.o
    0x00001e68   0x00001e68   0x00000144   Code   RO          309    .text.dmp_set_tap_thresh  inv_mpu_dmp_motion_driver.o
    0x00001fac   0x00001fac   0x00000014   Code   RO           88    .text.fputc         board.o
    0x00001fc0   0x00001fc0   0x000000b4   Code   RO            2    .text.main          empty.o
    0x00002074   0x00002074   0x00000094   Code   RO          202    .text.mpu_configure_fifo  inv_mpu.o
    0x00002108   0x00002108   0x0000007e   Code   RO          280    .text.mpu_dmp_init  inv_mpu.o
    0x00002186   0x00002186   0x00000002   PAD
    0x00002188   0x00002188   0x00000030   Code   RO          226    .text.mpu_get_accel_fsr  inv_mpu.o
    0x000021b8   0x000021b8   0x000001e4   Code   RO          192    .text.mpu_init      inv_mpu.o
    0x0000239c   0x0000239c   0x00000128   Code   RO          262    .text.mpu_load_firmware  inv_mpu.o
    0x000024c4   0x000024c4   0x000001fc   Code   RO          208    .text.mpu_lp_accel_mode  inv_mpu.o
    0x000026c0   0x000026c0   0x0000014c   Code   RO          222    .text.mpu_reset_fifo  inv_mpu.o
    0x0000280c   0x0000280c   0x000000e0   Code   RO          204    .text.mpu_set_bypass  inv_mpu.o
    0x000028ec   0x000028ec   0x000000d8   Code   RO          254    .text.mpu_set_dmp_state  inv_mpu.o
    0x000029c4   0x000029c4   0x000000e4   Code   RO          200    .text.mpu_set_sample_rate  inv_mpu.o
    0x00002aa8   0x00002aa8   0x000000e0   Code   RO          206    .text.mpu_set_sensors  inv_mpu.o
    0x00002b88   0x00002b88   0x00000064   Code   RO          258    .text.mpu_write_mem  inv_mpu.o
    0x00002bec   0x00002bec   0x000001f6   Code   RO         1245    .text_divfast       c_p.l(aeabi_sdivfast.o)
    0x00002de2   0x00002de2   0x0000000e   Code   RO         1222    i._is_digit         c_p.l(__printf_wp.o)
    0x00002df0   0x00002df0   0x0000008c   Code   RO         1269    x$fpl$fadd          fz_ps.l(faddsub.o)
    0x00002e7c   0x00002e7c   0x000000b0   Code   RO         1296    x$fpl$fmul          fz_ps.l(fmul.o)
    0x00002f2c   0x00002f2c   0x000000d0   Code   RO         1271    x$fpl$fsub          fz_ps.l(faddsub.o)
    0x00002ffc   0x00002ffc   0x00000000   Code   RO         1339    x$fpl$usenofp       fz_ps.l(usenofp.o)
    0x00002ffc   0x00002ffc   0x00000028   Data   RO         1195    .constdata          c_p.l(_printf_hex_int.o)
    0x00003024   0x00003024   0x00000011   Data   RO         1225    .constdata          c_p.l(__printf_flags_wp.o)
    0x00003035   0x00003035   0x00000040   Data   RO         1288    .constdata          fz_ps.l(fdiv.o)
    0x00003075   0x00003075   0x00000003   Data   RO          353    .rodata..L__const.dmp_set_orientation.accel_axes  inv_mpu_dmp_motion_driver.o
    0x00003078   0x00003078   0x00000003   Data   RO          352    .rodata..L__const.dmp_set_orientation.gyro_axes  inv_mpu_dmp_motion_driver.o
    0x0000307b   0x0000307b   0x00000bf6   Data   RO          351    .rodata.dmp_memory  inv_mpu_dmp_motion_driver.o
    0x00003c71   0x00003c71   0x00000003   Data   RO           52    .rodata.gPWM_MotorAClockConfig  ti_msp_dl_config.o
    0x00003c74   0x00003c74   0x00000008   Data   RO           53    .rodata.gPWM_MotorAConfig  ti_msp_dl_config.o
    0x00003c7c   0x00003c7c   0x00000003   Data   RO           50    .rodata.gPWM_MotorBClockConfig  ti_msp_dl_config.o
    0x00003c7f   0x00003c7f   0x00000001   PAD
    0x00003c80   0x00003c80   0x00000008   Data   RO           51    .rodata.gPWM_MotorBConfig  ti_msp_dl_config.o
    0x00003c88   0x00003c88   0x00000003   Data   RO           54    .rodata.gTIMER_0ClockConfig  ti_msp_dl_config.o
    0x00003c8b   0x00003c8b   0x00000001   PAD
    0x00003c8c   0x00003c8c   0x00000014   Data   RO           55    .rodata.gTIMER_0TimerConfig  ti_msp_dl_config.o
    0x00003ca0   0x00003ca0   0x00000002   Data   RO           58    .rodata.gUART_TransClockConfig  ti_msp_dl_config.o
    0x00003ca2   0x00003ca2   0x0000000a   Data   RO           59    .rodata.gUART_TransConfig  ti_msp_dl_config.o
    0x00003cac   0x00003cac   0x00000002   Data   RO           56    .rodata.gUSB_TLLClockConfig  ti_msp_dl_config.o
    0x00003cae   0x00003cae   0x0000000a   Data   RO           57    .rodata.gUSB_TLLConfig  ti_msp_dl_config.o
    0x00003cb8   0x00003cb8   0x0000000c   Data   RO          285    .rodata.hw          inv_mpu.o
    0x00003cc4   0x00003cc4   0x0000001b   Data   RO          284    .rodata.reg         inv_mpu.o
    0x00003cdf   0x00003cdf   0x00000037   Data   RO          179    .rodata.str1.1      mpu6050.o
    0x00003d16   0x00003d16   0x0000004c   Data   RO          288    .rodata.str1.1      inv_mpu.o
    0x00003d62   0x00003d62   0x00000002   PAD
    0x00003d64   0x00003d64   0x00000028   Data   RO          286    .rodata.test        inv_mpu.o
    0x00003d8c   0x00003d8c   0x00000004   PAD
    0x00003d90   0x00003d90   0x00000020   Data   RO         1558    Region$$Table       anon$$obj.o


    Execution Region RW_IRAM2 (Exec base: 0x20200000, Load base: 0x00003db0, Size: 0x000003b8, Max: 0x00008000, ABSOLUTE)

    Exec Addr    Load Addr    Size         Type   Attr      Idx    E Section Name        Object

    0x20200000   0x00003db0   0x00000002   Data   RW          399    .data.Vlocity_init  motor.o
    0x20200002   0x00003db2   0x00000002   PAD
    0x20200004   0x00003db4   0x0000002c   Data   RW          287    .data.st            inv_mpu.o
    0x20200030        -       0x00000060   Zero   RW         1403    .bss                c_p.l(libspace.o)
    0x20200090        -       0x000000c8   Zero   RW          136    .bss.BLERX_BUFF     bluebooth.o
    0x20200158        -       0x00000001   Zero   RW          133    .bss.BLERX_FLAG     bluebooth.o
    0x20200159        -       0x00000001   Zero   RW          134    .bss.BLERX_LEN      bluebooth.o
    0x2020015a        -       0x00000001   Zero   RW          432    .bss.Flag_20ms      encoder.o
    0x2020015b        -       0x00000001   Zero   RW          430    .bss.Flag_2ms       encoder.o
    0x2020015c        -       0x00000004   Zero   RW          426    .bss.Left_Count     encoder.o
    0x20200160        -       0x00000004   Zero   RW          427    .bss.Right_Count    encoder.o
    0x20200164        -       0x00000054   Zero   RW           93    .bss.__stdout       board.o
    0x202001b8        -       0x00000002   Zero   RW          358    .bss.dmp.2          inv_mpu_dmp_motion_driver.o
    0x202001ba   0x00003de0   0x00000002   PAD
    0x202001bc        -       0x00000002   Zero   RW          359    .bss.dmp.3          inv_mpu_dmp_motion_driver.o
    0x202001be   0x00003de0   0x00000002   PAD
    0x202001c0        -       0x00000002   Zero   RW          360    .bss.dmp.4          inv_mpu_dmp_motion_driver.o
    0x202001c2        -       0x00000001   Zero   RW          361    .bss.dmp.5          inv_mpu_dmp_motion_driver.o
    0x202001c3   0x00003de0   0x00000001   PAD
    0x202001c4        -       0x00000078   Zero   RW           48    .bss.gPWM_MotorABackup  ti_msp_dl_config.o
    0x2020023c        -       0x00000078   Zero   RW           49    .bss.gTIMER_0Backup  ti_msp_dl_config.o
    0x202002b4   0x00003de0   0x00000004   PAD
    0x202002b8        -       0x00000000   Zero   RW           15    HEAP                startup_mspm0g350x_uvision.o
    0x202002b8        -       0x00000100   Zero   RW           14    STACK               startup_mspm0g350x_uvision.o



  Load Region LR_BCR (Base: 0x41c00000, Size: 0x00000000, Max: 0x00000100, ABSOLUTE)

    Execution Region BCR_CONFIG (Exec base: 0x41c00000, Load base: 0x41c00000, Size: 0x00000000, Max: 0x00000080, ABSOLUTE)

    **** No section assigned to this execution region ****



  Load Region LR_BSL (Base: 0x41c00100, Size: 0x00000000, Max: 0x00000100, ABSOLUTE)

    Execution Region BSL_CONFIG (Exec base: 0x41c00100, Load base: 0x41c00100, Size: 0x00000000, Max: 0x00000080, ABSOLUTE)

    **** No section assigned to this execution region ****


==============================================================================

Image component sizes


      Code (inc. data)   RO Data    RW Data    ZI Data      Debug   Object Name

       220         84          0          0        202       9311   bluebooth.o
       182         48          0          0         84       8080   board.o
        52         12          0          0          0        988   contorl.o
        10          0          0          0          0        569   dl_common.o
       528        192          0          0          0      31175   dl_timer.o
        90          8          0          0          0      13100   dl_uart.o
       192         84          0          0          0       5831   empty.o
       168         48          0          0         10       4896   encoder.o
      2934        116        155         44          0      33117   inv_mpu.o
      1328        132       3068          0          7      11453   inv_mpu_dmp_motion_driver.o
       108          8          0          2          0       2205   motor.o
      2088         64         55          0          0      22492   mpu6050.o
        68          4          0          0          0       3738   pwm.o
        44         18        192          0        256        664   startup_mspm0g350x_uvision.o
       972        200         69          0        240      29538   ti_msp_dl_config.o

    ----------------------------------------------------------------------
      8992       1018       3579         48        808     177157   Object Totals
         0          0         32          0          0          0   (incl. Generated)
         8          0          8          2          9          0   (incl. Padding)

    ----------------------------------------------------------------------

      Code (inc. data)   RO Data    RW Data    ZI Data      Debug   Library Member Name

         8          0          0          0          0         68   __main.o
       312          6         17          0          0         76   __printf_flags_wp.o
        14          0          0          0          0         60   __printf_wp.o
         0          0          0          0          0          0   __rtentry.o
        12          0          0          0          0          0   __rtentry2.o
         6          0          0          0          0          0   __rtentry4.o
        60          8          0          0          0          0   __scatter.o
        26          0          0          0          0          0   __scatter_copy.o
        28          0          0          0          0          0   __scatter_zi.o
        46          0          0          0          0        100   _printf_char.o
        48          6          0          0          0         88   _printf_char_common.o
        40          6          0          0          0         72   _printf_char_file.o
        10          0          0          0          0          0   _printf_d.o
       108         18          0          0          0         76   _printf_dec.o
        88          4         40          0          0         72   _printf_hex_int.o
       176          0          0          0          0         84   _printf_intcommon.o
        78          0          0          0          0        100   _printf_pad.o
         2          0          0          0          0          0   _printf_percent.o
         4          0          0          0          0          0   _printf_percent_end.o
        10          0          0          0          0          0   _printf_s.o
        82          0          0          0          0         72   _printf_str.o
        10          0          0          0          0          0   _printf_x.o
       502          0          0          0          0         92   aeabi_sdivfast.o
        16          0          0          0          0         68   exit.o
         8          0          0          0          0         60   ferror.o
         6          0          0          0          0        136   heapauxi.o
         2          0          0          0          0          0   libinit.o
         2          0          0          0          0          0   libinit2.o
         2          0          0          0          0          0   libshutdown.o
         2          0          0          0          0          0   libshutdown2.o
         8          4          0          0         96         68   libspace.o
        90          0          0          0          0         68   memcmp.o
        28          6          0          0          0         84   noretval__2printf.o
        44          6          0          0          0         68   puts.o
         2          0          0          0          0          0   rtexit.o
        10          0          0          0          0          0   rtexit2.o
        40          0          0          0          0         60   rtudiv10.o
        62          0          0          0          0         80   sys_stackheap_outer.o
       348          8          0          0          0        160   faddsub.o
       352         10         64          0          0         92   fdiv.o
        76          0          0          0          0         68   ffixi.o
        48          0          0          0          0         60   ffixui.o
        94          0          0          0          0         92   fflti.o
       176          4          0          0          0         80   fmul.o
         0          0          0          0          0          0   usenofp.o

    ----------------------------------------------------------------------
      3100         90        121          0         96       2204   Library Totals
        14          4          0          0          0          0   (incl. Padding)

    ----------------------------------------------------------------------

      Code (inc. data)   RO Data    RW Data    ZI Data      Debug   Library Name

      1992         64         57          0         96       1652   c_p.l
      1094         22         64          0          0        552   fz_ps.l

    ----------------------------------------------------------------------
      3100         90        121          0         96       2204   Library Totals

    ----------------------------------------------------------------------

==============================================================================


      Code (inc. data)   RO Data    RW Data    ZI Data      Debug   

     12092       1108       3700         48        904     178061   Grand Totals
     12092       1108       3700         48        904     178061   ELF Image Totals
     12092       1108       3700         48          0          0   ROM Totals

==============================================================================

    Total RO  Size (Code + RO Data)                15792 (  15.42kB)
    Total RW  Size (RW Data + ZI Data)               952 (   0.93kB)
    Total ROM Size (Code + RO Data + RW Data)      15840 (  15.47kB)

==============================================================================

