Component: ARM Compiler 6.16 Tool: armlink [5dfeaa00]

==============================================================================

Section Cross References

    empty.o(.text.main) refers to ti_msp_dl_config.o(.text.SYSCFG_DL_init) for SYSCFG_DL_init
    empty.o(.text.main) refers to board.o(.text.board_init) for board_init
    empty.o(.text.main) refers to bluebooth.o(.text.Bluetooth_Init) for Bluetooth_Init
    empty.o(.text.main) refers to oled.o(.text.OLED_Init) for OLED_Init
    empty.o(.text.main) refers to oled.o(.text.OLED_Clear) for OLED_Clear
    empty.o(.text.main) refers to puts.o(.text) for puts
    empty.o(.text.main) refers to bluebooth.o(.text.Receive_Bluetooth_Data) for Receive_Bluetooth_Data
    empty.o(.text.main) refers to bluebooth.o(.text.BLE_send_String) for BLE_send_String
    empty.o(.text.main) refers to board.o(.text.delay_ms) for delay_ms
    empty.o(.ARM.exidx.text.main) refers to empty.o(.text.main) for [Anonymous Symbol]
    startup_mspm0g350x_uvision.o(STACK) refers (Special) to heapauxi.o(.text) for __use_two_region_memory
    startup_mspm0g350x_uvision.o(HEAP) refers (Special) to heapauxi.o(.text) for __use_two_region_memory
    startup_mspm0g350x_uvision.o(RESET) refers (Special) to heapauxi.o(.text) for __use_two_region_memory
    startup_mspm0g350x_uvision.o(RESET) refers to startup_mspm0g350x_uvision.o(STACK) for __initial_sp
    startup_mspm0g350x_uvision.o(RESET) refers to startup_mspm0g350x_uvision.o(.text) for Reset_Handler
    startup_mspm0g350x_uvision.o(RESET) refers to uart.o(.text.HardFault_Handler) for HardFault_Handler
    startup_mspm0g350x_uvision.o(RESET) refers to encoder.o(.text.GROUP1_IRQHandler) for GROUP1_IRQHandler
    startup_mspm0g350x_uvision.o(RESET) refers to bluebooth.o(.text.UART1_IRQHandler) for UART1_IRQHandler
    startup_mspm0g350x_uvision.o(RESET) refers to encoder.o(.text.TIMG0_IRQHandler) for TIMG0_IRQHandler
    startup_mspm0g350x_uvision.o(.text) refers (Special) to heapauxi.o(.text) for __use_two_region_memory
    startup_mspm0g350x_uvision.o(.text) refers to __main.o(!!!main) for __main
    startup_mspm0g350x_uvision.o(.text) refers to startup_mspm0g350x_uvision.o(HEAP) for Heap_Mem
    startup_mspm0g350x_uvision.o(.text) refers to startup_mspm0g350x_uvision.o(STACK) for Stack_Mem
    ti_msp_dl_config.o(.text.SYSCFG_DL_init) refers to ti_msp_dl_config.o(.text.SYSCFG_DL_initPower) for SYSCFG_DL_initPower
    ti_msp_dl_config.o(.text.SYSCFG_DL_init) refers to ti_msp_dl_config.o(.text.SYSCFG_DL_GPIO_init) for SYSCFG_DL_GPIO_init
    ti_msp_dl_config.o(.text.SYSCFG_DL_init) refers to ti_msp_dl_config.o(.text.SYSCFG_DL_SYSCTL_init) for SYSCFG_DL_SYSCTL_init
    ti_msp_dl_config.o(.text.SYSCFG_DL_init) refers to ti_msp_dl_config.o(.text.SYSCFG_DL_PWM_MotorB_init) for SYSCFG_DL_PWM_MotorB_init
    ti_msp_dl_config.o(.text.SYSCFG_DL_init) refers to ti_msp_dl_config.o(.text.SYSCFG_DL_PWM_MotorA_init) for SYSCFG_DL_PWM_MotorA_init
    ti_msp_dl_config.o(.text.SYSCFG_DL_init) refers to ti_msp_dl_config.o(.text.SYSCFG_DL_TIMER_0_init) for SYSCFG_DL_TIMER_0_init
    ti_msp_dl_config.o(.text.SYSCFG_DL_init) refers to ti_msp_dl_config.o(.text.SYSCFG_DL_USB_TLL_init) for SYSCFG_DL_USB_TLL_init
    ti_msp_dl_config.o(.text.SYSCFG_DL_init) refers to ti_msp_dl_config.o(.text.SYSCFG_DL_UART_Trans_init) for SYSCFG_DL_UART_Trans_init
    ti_msp_dl_config.o(.text.SYSCFG_DL_init) refers to ti_msp_dl_config.o(.text.SYSCFG_DL_SYSTICK_init) for SYSCFG_DL_SYSTICK_init
    ti_msp_dl_config.o(.text.SYSCFG_DL_init) refers to ti_msp_dl_config.o(.bss.gPWM_MotorABackup) for gPWM_MotorABackup
    ti_msp_dl_config.o(.ARM.exidx.text.SYSCFG_DL_init) refers to ti_msp_dl_config.o(.text.SYSCFG_DL_init) for [Anonymous Symbol]
    ti_msp_dl_config.o(.text.SYSCFG_DL_initPower) refers to dl_common.o(.text.DL_Common_delayCycles) for DL_Common_delayCycles
    ti_msp_dl_config.o(.ARM.exidx.text.SYSCFG_DL_initPower) refers to ti_msp_dl_config.o(.text.SYSCFG_DL_initPower) for [Anonymous Symbol]
    ti_msp_dl_config.o(.ARM.exidx.text.SYSCFG_DL_GPIO_init) refers to ti_msp_dl_config.o(.text.SYSCFG_DL_GPIO_init) for [Anonymous Symbol]
    ti_msp_dl_config.o(.ARM.exidx.text.SYSCFG_DL_SYSCTL_init) refers to ti_msp_dl_config.o(.text.SYSCFG_DL_SYSCTL_init) for [Anonymous Symbol]
    ti_msp_dl_config.o(.text.SYSCFG_DL_PWM_MotorB_init) refers to dl_timer.o(.text.DL_Timer_setClockConfig) for DL_Timer_setClockConfig
    ti_msp_dl_config.o(.text.SYSCFG_DL_PWM_MotorB_init) refers to dl_timer.o(.text.DL_Timer_initPWMMode) for DL_Timer_initPWMMode
    ti_msp_dl_config.o(.text.SYSCFG_DL_PWM_MotorB_init) refers to dl_timer.o(.text.DL_Timer_setCaptureCompareOutCtl) for DL_Timer_setCaptureCompareOutCtl
    ti_msp_dl_config.o(.text.SYSCFG_DL_PWM_MotorB_init) refers to dl_timer.o(.text.DL_Timer_setCaptCompUpdateMethod) for DL_Timer_setCaptCompUpdateMethod
[...]
    Removing dl_flashctl.o(.text.DL_FlashCTL_eraseDataBank), (64 bytes).
    Removing dl_flashctl.o(.ARM.exidx.text.DL_FlashCTL_eraseDataBank), (8 bytes).
    Removing dl_flashctl.o(.text.DL_FlashCTL_massEraseFromRAM), (112 bytes).
    Removing dl_flashctl.o(.ARM.exidx.text.DL_FlashCTL_massEraseFromRAM), (8 bytes).
    Removing dl_flashctl.o(.text.DL_FlashCTL_eraseDataBankFromRAM), (44 bytes).
    Removing dl_flashctl.o(.ARM.exidx.text.DL_FlashCTL_eraseDataBankFromRAM), (8 bytes).
    Removing dl_flashctl.o(.text.DL_FlashCTL_massEraseMultiBank), (316 bytes).
    Removing dl_flashctl.o(.ARM.exidx.text.DL_FlashCTL_massEraseMultiBank), (8 bytes).
    Removing dl_flashctl.o(.text.DL_FlashCTL_factoryReset), (180 bytes).
    Removing dl_flashctl.o(.ARM.exidx.text.DL_FlashCTL_factoryReset), (8 bytes).
    Removing dl_flashctl.o(.text.DL_FlashCTL_unprotectNonMainMemory), (12 bytes).
    Removing dl_flashctl.o(.ARM.exidx.text.DL_FlashCTL_unprotectNonMainMemory), (8 bytes).
    Removing dl_flashctl.o(.text.DL_FlashCTL_factoryResetFromRAM), (136 bytes).
    Removing dl_flashctl.o(.ARM.exidx.text.DL_FlashCTL_factoryResetFromRAM), (8 bytes).
    Removing dl_flashctl.o(.text.DL_FlashCTL_factoryResetMultiBank), (76 bytes).
    Removing dl_flashctl.o(.ARM.exidx.text.DL_FlashCTL_factoryResetMultiBank), (8 bytes).
    Removing dl_flashctl.o(.text.DL_FlashCTL_programMemory8), (24 bytes).
    Removing dl_flashctl.o(.ARM.exidx.text.DL_FlashCTL_programMemory8), (8 bytes).
    Removing dl_flashctl.o(.text.DL_FlashCTL_programMemoryFromRAM8), (28 bytes).
    Removing dl_flashctl.o(.ARM.exidx.text.DL_FlashCTL_programMemoryFromRAM8), (8 bytes).
    Removing dl_flashctl.o(.text.DL_FlashCTL_programMemory16), (26 bytes).
    Removing dl_flashctl.o(.ARM.exidx.text.DL_FlashCTL_programMemory16), (8 bytes).
    Removing dl_flashctl.o(.text.DL_FlashCTL_programMemoryFromRAM16), (32 bytes).
    Removing dl_flashctl.o(.ARM.exidx.text.DL_FlashCTL_programMemoryFromRAM16), (8 bytes).
    Removing dl_flashctl.o(.text.DL_FlashCTL_programMemory32), (26 bytes).
    Removing dl_flashctl.o(.ARM.exidx.text.DL_FlashCTL_programMemory32), (8 bytes).
    Removing dl_flashctl.o(.text.DL_FlashCTL_programMemoryFromRAM32), (32 bytes).
    Removing dl_flashctl.o(.ARM.exidx.text.DL_FlashCTL_programMemoryFromRAM32), (8 bytes).
    Removing dl_flashctl.o(.text.DL_FlashCTL_programMemory64), (30 bytes).
    Removing dl_flashctl.o(.ARM.exidx.text.DL_FlashCTL_programMemory64), (8 bytes).
    Removing dl_flashctl.o(.text.DL_FlashCTL_programMemoryFromRAM64), (36 bytes).
    Removing dl_flashctl.o(.ARM.exidx.text.DL_FlashCTL_programMemoryFromRAM64), (8 bytes).
    Removing dl_flashctl.o(.text.DL_FlashCTL_programMemory8WithECCGenerated), (28 bytes).
    Removing dl_flashctl.o(.ARM.exidx.text.DL_FlashCTL_programMemory8WithECCGenerated), (8 bytes).
    Removing dl_flashctl.o(.text.DL_FlashCTL_programMemoryFromRAM8WithECCGenerated), (32 bytes).
    Removing dl_flashctl.o(.ARM.exidx.text.DL_FlashCTL_programMemoryFromRAM8WithECCGenerated), (8 bytes).
    Removing dl_flashctl.o(.text.DL_FlashCTL_programMemory16WithECCGenerated), (28 bytes).
    Removing dl_flashctl.o(.ARM.exidx.text.DL_FlashCTL_programMemory16WithECCGenerated), (8 bytes).
    Removing dl_flashctl.o(.text.DL_FlashCTL_programMemoryFromRAM16WithECCGenerated), (32 bytes).
    Removing dl_flashctl.o(.ARM.exidx.text.DL_FlashCTL_programMemoryFromRAM16WithECCGenerated), (8 bytes).
    Removing dl_flashctl.o(.text.DL_FlashCTL_programMemory32WithECCGenerated), (28 bytes).
    Removing dl_flashctl.o(.ARM.exidx.text.DL_FlashCTL_programMemory32WithECCGenerated), (8 bytes).
    Removing dl_flashctl.o(.text.DL_FlashCTL_programMemoryFromRAM32WithECCGenerated), (32 bytes).
    Removing dl_flashctl.o(.ARM.exidx.text.DL_FlashCTL_programMemoryFromRAM32WithECCGenerated), (8 bytes).
    Removing dl_flashctl.o(.text.DL_FlashCTL_programMemory64WithECCGenerated), (36 bytes).
    Removing dl_flashctl.o(.ARM.exidx.text.DL_FlashCTL_programMemory64WithECCGenerated), (8 bytes).
    Removing dl_flashctl.o(.text.DL_FlashCTL_programMemoryFromRAM64WithECCGenerated), (40 bytes).
    Removing dl_flashctl.o(.ARM.exidx.text.DL_FlashCTL_programMemoryFromRAM64WithECCGenerated), (8 bytes).
    Removing dl_flashctl.o(.text.DL_FlashCTL_programMemory8WithECCManual), (40 bytes).
    Removing dl_flashctl.o(.ARM.exidx.text.DL_FlashCTL_programMemory8WithECCManual), (8 bytes).
    Removing dl_flashctl.o(.text.DL_FlashCTL_programMemoryFromRAM8WithECCManual), (44 bytes).
    Removing dl_flashctl.o(.ARM.exidx.text.DL_FlashCTL_programMemoryFromRAM8WithECCManual), (8 bytes).
    Removing dl_flashctl.o(.text.DL_FlashCTL_programMemory16WithECCManual), (40 bytes).
    Removing dl_flashctl.o(.ARM.exidx.text.DL_FlashCTL_programMemory16WithECCManual), (8 bytes).
    Removing dl_flashctl.o(.text.DL_FlashCTL_programMemoryFromRAM16WithECCManual), (44 bytes).
    Removing dl_flashctl.o(.ARM.exidx.text.DL_FlashCTL_programMemoryFromRAM16WithECCManual), (8 bytes).
    Removing dl_flashctl.o(.text.DL_FlashCTL_programMemory32WithECCManual), (40 bytes).
    Removing dl_flashctl.o(.ARM.exidx.text.DL_FlashCTL_programMemory32WithECCManual), (8 bytes).
    Removing dl_flashctl.o(.text.DL_FlashCTL_programMemoryFromRAM32WithECCManual), (44 bytes).
    Removing dl_flashctl.o(.ARM.exidx.text.DL_FlashCTL_programMemoryFromRAM32WithECCManual), (8 bytes).
    Removing dl_flashctl.o(.text.DL_FlashCTL_programMemory64WithECCManual), (44 bytes).
    Removing dl_flashctl.o(.ARM.exidx.text.DL_FlashCTL_programMemory64WithECCManual), (8 bytes).
    Removing dl_flashctl.o(.text.DL_FlashCTL_programMemoryFromRAM64WithECCManual), (48 bytes).
    Removing dl_flashctl.o(.ARM.exidx.text.DL_FlashCTL_programMemoryFromRAM64WithECCManual), (8 bytes).
    Removing dl_flashctl.o(.text.DL_FlashCTL_programMemoryBlocking64WithECCGenerated), (116 bytes).
    Removing dl_flashctl.o(.ARM.exidx.text.DL_FlashCTL_programMemoryBlocking64WithECCGenerated), (8 bytes).
    Removing dl_flashctl.o(.text.DL_FlashCTL_unprotectSector), (240 bytes).
    Removing dl_flashctl.o(.ARM.exidx.text.DL_FlashCTL_unprotectSector), (8 bytes).
    Removing dl_flashctl.o(.text.DL_FlashCTL_programMemoryBlockingFromRAM64WithECCGenerated), (100 bytes).
    Removing dl_flashctl.o(.ARM.exidx.text.DL_FlashCTL_programMemoryBlockingFromRAM64WithECCGenerated), (8 bytes).
    Removing dl_flashctl.o(.text.DL_FlashCTL_programMemoryBlocking64WithECCManual), (148 bytes).
    Removing dl_flashctl.o(.ARM.exidx.text.DL_FlashCTL_programMemoryBlocking64WithECCManual), (8 bytes).
    Removing dl_flashctl.o(.text.DL_FlashCTL_programMemoryBlockingFromRAM64WithECCManual), (120 bytes).
    Removing dl_flashctl.o(.ARM.exidx.text.DL_FlashCTL_programMemoryBlockingFromRAM64WithECCManual), (8 bytes).
    Removing dl_flashctl.o(.text.DL_FlashCTL_programMemoryBlocking), (140 bytes).
    Removing dl_flashctl.o(.ARM.exidx.text.DL_FlashCTL_programMemoryBlocking), (8 bytes).
    Removing dl_flashctl.o(.text.DL_FlashCTL_programMemoryFromRAM), (120 bytes).
    Removing dl_flashctl.o(.ARM.exidx.text.DL_FlashCTL_programMemoryFromRAM), (8 bytes).
    Removing dl_flashctl.o(.text.DL_FlashCTL_unprotectDataMemory), (20 bytes).
    Removing dl_flashctl.o(.ARM.exidx.text.DL_FlashCTL_unprotectDataMemory), (8 bytes).
    Removing dl_flashctl.o(.text.DL_FlashCTL_protectMainMemory), (20 bytes).
    Removing dl_flashctl.o(.ARM.exidx.text.DL_FlashCTL_protectMainMemory), (8 bytes).
    Removing dl_flashctl.o(.text.DL_FlashCTL_unprotectAllMemory), (24 bytes).
    Removing dl_flashctl.o(.ARM.exidx.text.DL_FlashCTL_unprotectAllMemory), (8 bytes).
    Removing dl_flashctl.o(.text.DL_FlashCTL_protectAllMemory), (28 bytes).
    Removing dl_flashctl.o(.ARM.exidx.text.DL_FlashCTL_protectAllMemory), (8 bytes).
    Removing dl_flashctl.o(.text.DL_FlashCTL_protectSector), (240 bytes).
    Removing dl_flashctl.o(.ARM.exidx.text.DL_FlashCTL_protectSector), (8 bytes).
    Removing dl_flashctl.o(.text.DL_FlashCTL_readVerify8), (26 bytes).
    Removing dl_flashctl.o(.ARM.exidx.text.DL_FlashCTL_readVerify8), (8 bytes).
    Removing dl_flashctl.o(.text.DL_FlashCTL_readVerify16), (26 bytes).
    Removing dl_flashctl.o(.ARM.exidx.text.DL_FlashCTL_readVerify16), (8 bytes).
    Removing dl_flashctl.o(.text.DL_FlashCTL_readVerify32), (28 bytes).
    Removing dl_flashctl.o(.ARM.exidx.text.DL_FlashCTL_readVerify32), (8 bytes).
    Removing dl_flashctl.o(.text.DL_FlashCTL_readVerify64), (32 bytes).
    Removing dl_flashctl.o(.ARM.exidx.text.DL_FlashCTL_readVerify64), (8 bytes).
    Removing dl_flashctl.o(.text.DL_FlashCTL_readVerifyFromRAM8), (32 bytes).
    Removing dl_flashctl.o(.ARM.exidx.text.DL_FlashCTL_readVerifyFromRAM8), (8 bytes).
    Removing dl_flashctl.o(.text.DL_FlashCTL_readVerifyFromRAM16), (28 bytes).
    Removing dl_flashctl.o(.ARM.exidx.text.DL_FlashCTL_readVerifyFromRAM16), (8 bytes).
    Removing dl_flashctl.o(.text.DL_FlashCTL_readVerifyFromRAM32), (32 bytes).
    Removing dl_flashctl.o(.ARM.exidx.text.DL_FlashCTL_readVerifyFromRAM32), (8 bytes).
    Removing dl_flashctl.o(.text.DL_FlashCTL_readVerifyFromRAM64), (36 bytes).
    Removing dl_flashctl.o(.ARM.exidx.text.DL_FlashCTL_readVerifyFromRAM64), (8 bytes).
    Removing dl_flashctl.o(.text.DL_FlashCTL_readVerifyFromRAM8WithECCGenerated), (32 bytes).
    Removing dl_flashctl.o(.ARM.exidx.text.DL_FlashCTL_readVerifyFromRAM8WithECCGenerated), (8 bytes).
    Removing dl_flashctl.o(.text.DL_FlashCTL_readVerifyFromRAM16WithECCGenerated), (32 bytes).
    Removing dl_flashctl.o(.ARM.exidx.text.DL_FlashCTL_readVerifyFromRAM16WithECCGenerated), (8 bytes).
    Removing dl_flashctl.o(.text.DL_FlashCTL_readVerifyFromRAM32WithECCGenerated), (32 bytes).
    Removing dl_flashctl.o(.ARM.exidx.text.DL_FlashCTL_readVerifyFromRAM32WithECCGenerated), (8 bytes).
    Removing dl_flashctl.o(.text.DL_FlashCTL_readVerifyFromRAM64WithECCGenerated), (40 bytes).
    Removing dl_flashctl.o(.ARM.exidx.text.DL_FlashCTL_readVerifyFromRAM64WithECCGenerated), (8 bytes).
    Removing dl_flashctl.o(.text.DL_FlashCTL_readVerifyFromRAM8WithECCManual), (44 bytes).
    Removing dl_flashctl.o(.ARM.exidx.text.DL_FlashCTL_readVerifyFromRAM8WithECCManual), (8 bytes).
    Removing dl_flashctl.o(.text.DL_FlashCTL_readVerifyFromRAM16WithECCManual), (44 bytes).
    Removing dl_flashctl.o(.ARM.exidx.text.DL_FlashCTL_readVerifyFromRAM16WithECCManual), (8 bytes).
    Removing dl_flashctl.o(.text.DL_FlashCTL_readVerifyFromRAM32WithECCManual), (44 bytes).
    Removing dl_flashctl.o(.ARM.exidx.text.DL_FlashCTL_readVerifyFromRAM32WithECCManual), (8 bytes).
    Removing dl_flashctl.o(.text.DL_FlashCTL_readVerifyFromRAM64WithECCManual), (48 bytes).
    Removing dl_flashctl.o(.ARM.exidx.text.DL_FlashCTL_readVerifyFromRAM64WithECCManual), (8 bytes).
    Removing dl_flashctl.o(.text.DL_FlashCTL_readVerify8WithECCGenerated), (30 bytes).
    Removing dl_flashctl.o(.ARM.exidx.text.DL_FlashCTL_readVerify8WithECCGenerated), (8 bytes).
    Removing dl_flashctl.o(.text.DL_FlashCTL_readVerify16WithECCGenerated), (30 bytes).
    Removing dl_flashctl.o(.ARM.exidx.text.DL_FlashCTL_readVerify16WithECCGenerated), (8 bytes).
    Removing dl_flashctl.o(.text.DL_FlashCTL_readVerify32WithECCGenerated), (30 bytes).
    Removing dl_flashctl.o(.ARM.exidx.text.DL_FlashCTL_readVerify32WithECCGenerated), (8 bytes).
    Removing dl_flashctl.o(.text.DL_FlashCTL_readVerify64WithECCGenerated), (36 bytes).
    Removing dl_flashctl.o(.ARM.exidx.text.DL_FlashCTL_readVerify64WithECCGenerated), (8 bytes).
    Removing dl_flashctl.o(.text.DL_FlashCTL_readVerify8WithECCManual), (40 bytes).
    Removing dl_flashctl.o(.ARM.exidx.text.DL_FlashCTL_readVerify8WithECCManual), (8 bytes).
    Removing dl_flashctl.o(.text.DL_FlashCTL_readVerify16WithECCManual), (40 bytes).
    Removing dl_flashctl.o(.ARM.exidx.text.DL_FlashCTL_readVerify16WithECCManual), (8 bytes).
    Removing dl_flashctl.o(.text.DL_FlashCTL_readVerify32WithECCManual), (40 bytes).
    Removing dl_flashctl.o(.ARM.exidx.text.DL_FlashCTL_readVerify32WithECCManual), (8 bytes).
    Removing dl_flashctl.o(.text.DL_FlashCTL_readVerify64WithECCManual), (48 bytes).
    Removing dl_flashctl.o(.ARM.exidx.text.DL_FlashCTL_readVerify64WithECCManual), (8 bytes).
    Removing dl_flashctl.o(.text.DL_FlashCTL_blankVerify), (20 bytes).
    Removing dl_flashctl.o(.ARM.exidx.text.DL_FlashCTL_blankVerify), (8 bytes).
    Removing dl_flashctl.o(.text.DL_FlashCTL_blankVerifyFromRAM), (24 bytes).
    Removing dl_flashctl.o(.ARM.exidx.text.DL_FlashCTL_blankVerifyFromRAM), (8 bytes).
    Removing dl_dma.o(.text), (0 bytes).
    Removing dl_dma.o(.text.DL_DMA_initChannel), (68 bytes).
    Removing dl_dma.o(.ARM.exidx.text.DL_DMA_initChannel), (8 bytes).
    Removing dl_dac12.o(.text), (0 bytes).
    Removing dl_dac12.o(.text.DL_DAC12_init), (136 bytes).
    Removing dl_dac12.o(.ARM.exidx.text.DL_DAC12_init), (8 bytes).
    Removing dl_dac12.o(.text.DL_DAC12_outputBlocking8), (24 bytes).
    Removing dl_dac12.o(.ARM.exidx.text.DL_DAC12_outputBlocking8), (8 bytes).
    Removing dl_dac12.o(.text.DL_DAC12_outputBlocking12), (32 bytes).
    Removing dl_dac12.o(.ARM.exidx.text.DL_DAC12_outputBlocking12), (8 bytes).
    Removing dl_dac12.o(.text.DL_DAC12_fillFIFO8), (48 bytes).
    Removing dl_dac12.o(.ARM.exidx.text.DL_DAC12_fillFIFO8), (8 bytes).
    Removing dl_dac12.o(.text.DL_DAC12_fillFIFO12), (56 bytes).
    Removing dl_dac12.o(.ARM.exidx.text.DL_DAC12_fillFIFO12), (8 bytes).
    Removing dl_dac12.o(.text.DL_DAC12_performSelfCalibrationBlocking), (18 bytes).
    Removing dl_dac12.o(.ARM.exidx.text.DL_DAC12_performSelfCalibrationBlocking), (8 bytes).
    Removing dl_crcp.o(.text), (0 bytes).
    Removing dl_crc.o(.text), (0 bytes).
    Removing dl_crc.o(.text.DL_CRC_calculateBlock32), (28 bytes).
    Removing dl_crc.o(.ARM.exidx.text.DL_CRC_calculateBlock32), (8 bytes).
    Removing dl_crc.o(.text.DL_CRC_calculateMemoryRange32), (28 bytes).
    Removing dl_crc.o(.ARM.exidx.text.DL_CRC_calculateMemoryRange32), (8 bytes).
    Removing dl_crc.o(.text.DL_CRC_calculateBlock16), (60 bytes).
    Removing dl_crc.o(.ARM.exidx.text.DL_CRC_calculateBlock16), (8 bytes).
    Removing dl_crc.o(.text.DL_CRC_calculateMemoryRange16), (60 bytes).
    Removing dl_crc.o(.ARM.exidx.text.DL_CRC_calculateMemoryRange16), (8 bytes).
    Removing dl_common.o(.text), (0 bytes).
    Removing dl_common.o(.ARM.exidx.text.DL_Common_delayCycles), (8 bytes).
    Removing dl_aesadv.o(.text), (0 bytes).
    Removing dl_aes.o(.text), (0 bytes).
    Removing dl_aes.o(.text.DL_AES_setKey), (68 bytes).
    Removing dl_aes.o(.ARM.exidx.text.DL_AES_setKey), (8 bytes).
    Removing dl_aes.o(.text.DL_AES_setKeyAligned), (52 bytes).
    Removing dl_aes.o(.ARM.exidx.text.DL_AES_setKeyAligned), (8 bytes).
    Removing dl_aes.o(.text.DL_AES_loadDataIn), (40 bytes).
    Removing dl_aes.o(.ARM.exidx.text.DL_AES_loadDataIn), (8 bytes).
    Removing dl_aes.o(.text.DL_AES_loadDataInAligned), (24 bytes).
    Removing dl_aes.o(.ARM.exidx.text.DL_AES_loadDataInAligned), (8 bytes).
    Removing dl_aes.o(.text.DL_AES_getDataOut), (36 bytes).
    Removing dl_aes.o(.ARM.exidx.text.DL_AES_getDataOut), (8 bytes).
    Removing dl_aes.o(.text.DL_AES_getDataOutAligned), (24 bytes).
    Removing dl_aes.o(.ARM.exidx.text.DL_AES_getDataOutAligned), (8 bytes).
    Removing dl_aes.o(.text.DL_AES_loadXORDataIn), (40 bytes).
    Removing dl_aes.o(.ARM.exidx.text.DL_AES_loadXORDataIn), (8 bytes).
    Removing dl_aes.o(.text.DL_AES_loadXORDataInAligned), (24 bytes).
    Removing dl_aes.o(.ARM.exidx.text.DL_AES_loadXORDataInAligned), (8 bytes).
    Removing dl_aes.o(.text.DL_AES_loadXORDataInWithoutTrigger), (40 bytes).
    Removing dl_aes.o(.ARM.exidx.text.DL_AES_loadXORDataInWithoutTrigger), (8 bytes).
    Removing dl_aes.o(.text.DL_AES_loadXORDataInWithoutTriggerAligned), (24 bytes).
    Removing dl_aes.o(.ARM.exidx.text.DL_AES_loadXORDataInWithoutTriggerAligned), (8 bytes).
    Removing dl_aes.o(.text.DL_AES_xorData), (58 bytes).
    Removing dl_aes.o(.ARM.exidx.text.DL_AES_xorData), (8 bytes).
    Removing dl_aes.o(.text.DL_AES_xorDataAligned), (36 bytes).
    Removing dl_aes.o(.ARM.exidx.text.DL_AES_xorDataAligned), (8 bytes).
    Removing dl_aes.o(.text.DL_AES_saveConfiguration), (60 bytes).
    Removing dl_aes.o(.ARM.exidx.text.DL_AES_saveConfiguration), (8 bytes).
    Removing dl_aes.o(.text.DL_AES_restoreConfiguration), (60 bytes).
    Removing dl_aes.o(.ARM.exidx.text.DL_AES_restoreConfiguration), (8 bytes).
    Removing dl_adc12.o(.text), (0 bytes).
    Removing dl_adc12.o(.text.DL_ADC12_setClockConfig), (64 bytes).
    Removing dl_adc12.o(.ARM.exidx.text.DL_ADC12_setClockConfig), (8 bytes).
    Removing dl_adc12.o(.text.DL_ADC12_getClockConfig), (40 bytes).
    Removing dl_adc12.o(.ARM.exidx.text.DL_ADC12_getClockConfig), (8 bytes).

743 unused section(s) (total 30948 bytes) removed from the image.

==============================================================================

Image Symbol Table

    Local Symbols

    Symbol Name                              Value     Ov Type        Size  Object(Section)

    ../clib/angel/boardlib.s                 0x00000000   Number         0  boardinit1.o ABSOLUTE
    ../clib/angel/boardlib.s                 0x00000000   Number         0  boardinit2.o ABSOLUTE
    ../clib/angel/boardlib.s                 0x00000000   Number         0  boardinit3.o ABSOLUTE
    ../clib/angel/boardlib.s                 0x00000000   Number         0  boardshut.o ABSOLUTE
    ../clib/angel/handlers.s                 0x00000000   Number         0  __scatter_zi.o ABSOLUTE
    ../clib/angel/kernel.s                   0x00000000   Number         0  __rtentry.o ABSOLUTE
    ../clib/angel/kernel.s                   0x00000000   Number         0  __rtentry2.o ABSOLUTE
    ../clib/angel/kernel.s                   0x00000000   Number         0  __rtentry4.o ABSOLUTE
    ../clib/angel/kernel.s                   0x00000000   Number         0  rtexit.o ABSOLUTE
    ../clib/angel/kernel.s                   0x00000000   Number         0  rtexit2.o ABSOLUTE
    ../clib/angel/rt.s                       0x00000000   Number         0  aeabi_idiv0.o ABSOLUTE
    ../clib/angel/rt.s                       0x00000000   Number         0  aeabi_idiv0_sigfpe.o ABSOLUTE
    ../clib/angel/rt.s                       0x00000000   Number         0  rt_div0.o ABSOLUTE
    ../clib/angel/rt.s                       0x00000000   Number         0  rt_raise.o ABSOLUTE
    ../clib/angel/scatterp.s                 0x00000000   Number         0  __scatter.o ABSOLUTE
    ../clib/angel/startup.s                  0x00000000   Number         0  __main.o ABSOLUTE
    ../clib/angel/sys.s                      0x00000000   Number         0  sys_stackheap_outer.o ABSOLUTE
    ../clib/angel/sys.s                      0x00000000   Number         0  libspace.o ABSOLUTE
    ../clib/angel/sys.s                      0x00000000   Number         0  tempstk.o ABSOLUTE
    ../clib/angel/sys.s                      0x00000000   Number         0  use_no_semi.o ABSOLUTE
    ../clib/angel/sys.s                      0x00000000   Number         0  indicate_semi.o ABSOLUTE
    ../clib/angel/sysapp.c                   0x00000000   Number         0  sys_wrch.o ABSOLUTE
    ../clib/angel/sysapp.c                   0x00000000   Number         0  sys_wrch_hlt.o ABSOLUTE
    ../clib/angel/sysapp.c                   0x00000000   Number         0  sys_command.o ABSOLUTE
    ../clib/angel/sysapp.c                   0x00000000   Number         0  sys_command_hlt.o ABSOLUTE
    ../clib/armsys.c                         0x00000000   Number         0  argv_veneer.o ABSOLUTE
    ../clib/armsys.c                         0x00000000   Number         0  _get_argv_nomalloc.o ABSOLUTE
    ../clib/armsys.c                         0x00000000   Number         0  no_argv.o ABSOLUTE
    ../clib/division.s                       0x00000000   Number         0  aeabi_sdivfast.o ABSOLUTE
    ../clib/division.s                       0x00000000   Number         0  aeabi_sdivfast_div0.o ABSOLUTE
    ../clib/heapalloc.c                      0x00000000   Number         0  hrguard.o ABSOLUTE
    ../clib/heapaux.c                        0x00000000   Number         0  heapauxi.o ABSOLUTE
    ../clib/libinit.s                        0x00000000   Number         0  libinit.o ABSOLUTE
    ../clib/libinit.s                        0x00000000   Number         0  libinit2.o ABSOLUTE
    ../clib/libinit.s                        0x00000000   Number         0  libshutdown.o ABSOLUTE
    ../clib/libinit.s                        0x00000000   Number         0  libshutdown2.o ABSOLUTE
    ../clib/memcpset.c                       0x00000000   Number         0  rt_memclr.o ABSOLUTE
    ../clib/printf.c                         0x00000000   Number         0  __2printf.o ABSOLUTE
    ../clib/printf.c                         0x00000000   Number         0  noretval__2printf.o ABSOLUTE
    ../clib/printf.c                         0x00000000   Number         0  __printf.o ABSOLUTE
    ../clib/printf.c                         0x00000000   Number         0  _printf_str.o ABSOLUTE
    ../clib/printf.c                         0x00000000   Number         0  __printf_flags.o ABSOLUTE
    ../clib/printf.c                         0x00000000   Number         0  __printf_ss.o ABSOLUTE
    ../clib/printf.c                         0x00000000   Number         0  __printf_flags_ss.o ABSOLUTE
    ../clib/printf.c                         0x00000000   Number         0  __printf_wp.o ABSOLUTE
    ../clib/printf.c                         0x00000000   Number         0  __printf_flags_wp.o ABSOLUTE
    ../clib/printf.c                         0x00000000   Number         0  __printf_ss_wp.o ABSOLUTE
    ../clib/printf.c                         0x00000000   Number         0  __printf_flags_ss_wp.o ABSOLUTE
    ../clib/printf.c                         0x00000000   Number         0  _printf_char.o ABSOLUTE
    ../clib/printf.c                         0x00000000   Number         0  _printf_char_file.o ABSOLUTE
    ../clib/printf.c                         0x00000000   Number         0  _printf_char_common.o ABSOLUTE
    ../clib/printf.c                         0x00000000   Number         0  __printf_nopercent.o ABSOLUTE
    ../clib/printf_percent.s                 0x00000000   Number         0  _printf_s.o ABSOLUTE
    ../clib/printf_percent.s                 0x00000000   Number         0  _printf_percent.o ABSOLUTE
    ../clib/printf_percent.s                 0x00000000   Number         0  _printf_percent_end.o ABSOLUTE
    ../clib/signal.c                         0x00000000   Number         0  defsig_fpe_outer.o ABSOLUTE
    ../clib/signal.c                         0x00000000   Number         0  defsig_fpe_formal.o ABSOLUTE
    ../clib/signal.c                         0x00000000   Number         0  defsig_exit.o ABSOLUTE
    ../clib/signal.c                         0x00000000   Number         0  defsig_fpe_inner.o ABSOLUTE
    ../clib/signal.c                         0x00000000   Number         0  __raise.o ABSOLUTE
    ../clib/signal.c                         0x00000000   Number         0  defsig_general.o ABSOLUTE
    ../clib/signal.c                         0x00000000   Number         0  defsig_abrt_inner.o ABSOLUTE
    ../clib/signal.c                         0x00000000   Number         0  defsig_rtred_inner.o ABSOLUTE
    ../clib/signal.c                         0x00000000   Number         0  defsig_rtmem_inner.o ABSOLUTE
    ../clib/signal.c                         0x00000000   Number         0  defsig_rtmem_outer.o ABSOLUTE
    ../clib/signal.c                         0x00000000   Number         0  defsig_rtmem_formal.o ABSOLUTE
    ../clib/signal.c                         0x00000000   Number         0  defsig_stak_inner.o ABSOLUTE
    ../clib/signal.c                         0x00000000   Number         0  defsig_pvfn_inner.o ABSOLUTE
    ../clib/signal.c                         0x00000000   Number         0  defsig_cppl_inner.o ABSOLUTE
    ../clib/signal.c                         0x00000000   Number         0  defsig_segv_inner.o ABSOLUTE
    ../clib/signal.c                         0x00000000   Number         0  defsig_other.o ABSOLUTE
    ../clib/signal.s                         0x00000000   Number         0  defsig.o ABSOLUTE
    ../clib/stdio.c                          0x00000000   Number         0  puts.o ABSOLUTE
    ../clib/stdio.c                          0x00000000   Number         0  ferror.o ABSOLUTE
    ../clib/stdio.c                          0x00000000   Number         0  ferror_locked.o ABSOLUTE
    ../clib/stdlib.c                         0x00000000   Number         0  exit.o ABSOLUTE
    ../clib/string.c                         0x00000000   Number         0  strncpy.o ABSOLUTE
    ../fplib/cfplib/cmp.c                    0x00000000   Number         0  fcmp.o ABSOLUTE
    ../fplib/cfplib/cmpret.c                 0x00000000   Number         0  cmpret.o ABSOLUTE
    ../fplib/cfplib/fcmpin.c                 0x00000000   Number         0  fcmpin.o ABSOLUTE
    ../fplib/cfplib/ffix.c                   0x00000000   Number         0  ffixi.o ABSOLUTE
    ../fplib/cfplib/ffix.c                   0x00000000   Number         0  ffixui.o ABSOLUTE
    ../fplib/cfplib/fflt.c                   0x00000000   Number         0  fflti.o ABSOLUTE
    ../fplib/cfplib/fpinit.c                 0x00000000   Number         0  fpinit.o ABSOLUTE
    ../fplib/cfplib/nan2.c                   0x00000000   Number         0  fnan2.o ABSOLUTE
    ../fplib/cfplib/retnan.c                 0x00000000   Number         0  retnan.o ABSOLUTE
    ../fplib/faddsub6m.s                     0x00000000   Number         0  faddsub.o ABSOLUTE
    ../fplib/feqf6m.s                        0x00000000   Number         0  feqf.o ABSOLUTE
    ../fplib/fgeqf6m.s                       0x00000000   Number         0  fgef.o ABSOLUTE
    ../fplib/fleqf6m.s                       0x00000000   Number         0  flef.o ABSOLUTE
    ../fplib/fmul6m.s                        0x00000000   Number         0  fmul.o ABSOLUTE
    ../fplib/usenofp.s                       0x00000000   Number         0  usenofp.o ABSOLUTE
    Contorl.c                                0x00000000   Number         0  contorl.o ABSOLUTE
    Encoder.c                                0x00000000   Number         0  encoder.o ABSOLUTE
    Line_Follow.c                            0x00000000   Number         0  line_follow.o ABSOLUTE
    Motor.c                                  0x00000000   Number         0  motor.o ABSOLUTE
    PWM.c                                    0x00000000   Number         0  pwm.o ABSOLUTE
    UART.c                                   0x00000000   Number         0  uart.o ABSOLUTE
    bluebooth.c                              0x00000000   Number         0  bluebooth.o ABSOLUTE
    board.c                                  0x00000000   Number         0  board.o ABSOLUTE
    dc.s                                     0x00000000   Number         0  dc.o ABSOLUTE
    dl_adc12.c                               0x00000000   Number         0  dl_adc12.o ABSOLUTE
    dl_aes.c                                 0x00000000   Number         0  dl_aes.o ABSOLUTE
    dl_aesadv.c                              0x00000000   Number         0  dl_aesadv.o ABSOLUTE
    dl_common.c                              0x00000000   Number         0  dl_common.o ABSOLUTE
    dl_crc.c                                 0x00000000   Number         0  dl_crc.o ABSOLUTE
    dl_crcp.c                                0x00000000   Number         0  dl_crcp.o ABSOLUTE
    dl_dac12.c                               0x00000000   Number         0  dl_dac12.o ABSOLUTE
    dl_dma.c                                 0x00000000   Number         0  dl_dma.o ABSOLUTE
    dl_flashctl.c                            0x00000000   Number         0  dl_flashctl.o ABSOLUTE
    dl_i2c.c                                 0x00000000   Number         0  dl_i2c.o ABSOLUTE
    dl_keystorectl.c                         0x00000000   Number         0  dl_keystorectl.o ABSOLUTE
    dl_lcd.c                                 0x00000000   Number         0  dl_lcd.o ABSOLUTE
    dl_lfss.c                                0x00000000   Number         0  dl_lfss.o ABSOLUTE
    dl_mathacl.c                             0x00000000   Number         0  dl_mathacl.o ABSOLUTE
    dl_mcan.c                                0x00000000   Number         0  dl_mcan.o ABSOLUTE
    dl_opa.c                                 0x00000000   Number         0  dl_opa.o ABSOLUTE
    dl_rtc_common.c                          0x00000000   Number         0  dl_rtc_common.o ABSOLUTE
    dl_spi.c                                 0x00000000   Number         0  dl_spi.o ABSOLUTE
    dl_timer.c                               0x00000000   Number         0  dl_timer.o ABSOLUTE
    dl_trng.c                                0x00000000   Number         0  dl_trng.o ABSOLUTE
    dl_uart.c                                0x00000000   Number         0  dl_uart.o ABSOLUTE
    dl_vref.c                                0x00000000   Number         0  dl_vref.o ABSOLUTE
    empty.c                                  0x00000000   Number         0  empty.o ABSOLUTE
    oled.c                                   0x00000000   Number         0  oled.o ABSOLUTE
    startup_mspm0g350x_uvision.s             0x00000000   Number         0  startup_mspm0g350x_uvision.o ABSOLUTE
    ti_msp_dl_config.c                       0x00000000   Number         0  ti_msp_dl_config.o ABSOLUTE
    RESET                                    0x00000000   Section      192  startup_mspm0g350x_uvision.o(RESET)
    !!!main                                  0x000000c0   Section        8  __main.o(!!!main)
    !!!scatter                               0x000000c8   Section       60  __scatter.o(!!!scatter)
    !!handler_zi                             0x00000108   Section       28  __scatter_zi.o(!!handler_zi)
    .ARM.Collect$$_printf_percent$$00000000  0x00000124   Section        2  _printf_percent.o(.ARM.Collect$$_printf_percent$$00000000)
    .ARM.Collect$$_printf_percent$$00000014  0x00000126   Section       10  _printf_s.o(.ARM.Collect$$_printf_percent$$00000014)
    .ARM.Collect$$_printf_percent$$00000017  0x00000130   Section        4  _printf_percent_end.o(.ARM.Collect$$_printf_percent$$00000017)
    .ARM.Collect$$libinit$$00000000          0x00000134   Section        2  libinit.o(.ARM.Collect$$libinit$$00000000)
    .ARM.Collect$$libinit$$00000002          0x00000136   Section        0  libinit2.o(.ARM.Collect$$libinit$$00000002)
    .ARM.Collect$$libinit$$00000004          0x00000136   Section        0  libinit2.o(.ARM.Collect$$libinit$$00000004)
    .ARM.Collect$$libinit$$0000000A          0x00000136   Section        0  libinit2.o(.ARM.Collect$$libinit$$0000000A)
    .ARM.Collect$$libinit$$0000000C          0x00000136   Section        0  libinit2.o(.ARM.Collect$$libinit$$0000000C)
    .ARM.Collect$$libinit$$0000000E          0x00000136   Section        0  libinit2.o(.ARM.Collect$$libinit$$0000000E)
    .ARM.Collect$$libinit$$00000011          0x00000136   Section        0  libinit2.o(.ARM.Collect$$libinit$$00000011)
    .ARM.Collect$$libinit$$00000013          0x00000136   Section        0  libinit2.o(.ARM.Collect$$libinit$$00000013)
    .ARM.Collect$$libinit$$00000015          0x00000136   Section        0  libinit2.o(.ARM.Collect$$libinit$$00000015)
    .ARM.Collect$$libinit$$00000017          0x00000136   Section        0  libinit2.o(.ARM.Collect$$libinit$$00000017)
    .ARM.Collect$$libinit$$00000019          0x00000136   Section        0  libinit2.o(.ARM.Collect$$libinit$$00000019)
    .ARM.Collect$$libinit$$0000001B          0x00000136   Section        0  libinit2.o(.ARM.Collect$$libinit$$0000001B)
    .ARM.Collect$$libinit$$0000001D          0x00000136   Section        0  libinit2.o(.ARM.Collect$$libinit$$0000001D)
    .ARM.Collect$$libinit$$0000001F          0x00000136   Section        0  libinit2.o(.ARM.Collect$$libinit$$0000001F)
    .ARM.Collect$$libinit$$00000021          0x00000136   Section        0  libinit2.o(.ARM.Collect$$libinit$$00000021)
    .ARM.Collect$$libinit$$00000023          0x00000136   Section        0  libinit2.o(.ARM.Collect$$libinit$$00000023)
    .ARM.Collect$$libinit$$00000025          0x00000136   Section        0  libinit2.o(.ARM.Collect$$libinit$$00000025)
    .ARM.Collect$$libinit$$0000002C          0x00000136   Section        0  libinit2.o(.ARM.Collect$$libinit$$0000002C)
    .ARM.Collect$$libinit$$0000002E          0x00000136   Section        0  libinit2.o(.ARM.Collect$$libinit$$0000002E)
    .ARM.Collect$$libinit$$00000030          0x00000136   Section        0  libinit2.o(.ARM.Collect$$libinit$$00000030)
    .ARM.Collect$$libinit$$00000032          0x00000136   Section        0  libinit2.o(.ARM.Collect$$libinit$$00000032)
    .ARM.Collect$$libinit$$00000033          0x00000136   Section        2  libinit2.o(.ARM.Collect$$libinit$$00000033)
    .ARM.Collect$$libshutdown$$00000000      0x00000138   Section        2  libshutdown.o(.ARM.Collect$$libshutdown$$00000000)
    .ARM.Collect$$libshutdown$$00000002      0x0000013a   Section        0  libshutdown2.o(.ARM.Collect$$libshutdown$$00000002)
    .ARM.Collect$$libshutdown$$00000004      0x0000013a   Section        0  libshutdown2.o(.ARM.Collect$$libshutdown$$00000004)
    .ARM.Collect$$libshutdown$$00000007      0x0000013a   Section        0  libshutdown2.o(.ARM.Collect$$libshutdown$$00000007)
    .ARM.Collect$$libshutdown$$0000000A      0x0000013a   Section        0  libshutdown2.o(.ARM.Collect$$libshutdown$$0000000A)
    .ARM.Collect$$libshutdown$$0000000C      0x0000013a   Section        0  libshutdown2.o(.ARM.Collect$$libshutdown$$0000000C)
    .ARM.Collect$$libshutdown$$0000000F      0x0000013a   Section        0  libshutdown2.o(.ARM.Collect$$libshutdown$$0000000F)
    .ARM.Collect$$libshutdown$$00000010      0x0000013a   Section        2  libshutdown2.o(.ARM.Collect$$libshutdown$$00000010)
    .ARM.Collect$$rtentry$$00000000          0x0000013c   Section        0  __rtentry.o(.ARM.Collect$$rtentry$$00000000)
    .ARM.Collect$$rtentry$$00000002          0x0000013c   Section        0  __rtentry2.o(.ARM.Collect$$rtentry$$00000002)
    .ARM.Collect$$rtentry$$00000004          0x0000013c   Section        6  __rtentry4.o(.ARM.Collect$$rtentry$$00000004)
    .ARM.Collect$$rtentry$$00000009          0x00000142   Section        0  __rtentry2.o(.ARM.Collect$$rtentry$$00000009)
    .ARM.Collect$$rtentry$$0000000A          0x00000142   Section        4  __rtentry2.o(.ARM.Collect$$rtentry$$0000000A)
    .ARM.Collect$$rtentry$$0000000C          0x00000146   Section        0  __rtentry2.o(.ARM.Collect$$rtentry$$0000000C)
    .ARM.Collect$$rtentry$$0000000D          0x00000146   Section        8  __rtentry2.o(.ARM.Collect$$rtentry$$0000000D)
    .ARM.Collect$$rtexit$$00000000           0x0000014e   Section        2  rtexit.o(.ARM.Collect$$rtexit$$00000000)
    .ARM.Collect$$rtexit$$00000002           0x00000150   Section        0  rtexit2.o(.ARM.Collect$$rtexit$$00000002)
    .ARM.Collect$$rtexit$$00000003           0x00000150   Section        4  rtexit2.o(.ARM.Collect$$rtexit$$00000003)
    .ARM.Collect$$rtexit$$00000004           0x00000154   Section        6  rtexit2.o(.ARM.Collect$$rtexit$$00000004)
    .text                                    0x0000015c   Section       44  startup_mspm0g350x_uvision.o(.text)
    .text                                    0x00000188   Section        0  noretval__2printf.o(.text)
    .text                                    0x000001a4   Section        0  __printf.o(.text)
    .text                                    0x00000210   Section        0  _printf_str.o(.text)
    .text                                    0x00000264   Section        0  puts.o(.text)
    .text                                    0x00000290   Section        0  heapauxi.o(.text)
    .text                                    0x00000296   Section        0  _printf_char.o(.text)
    .text                                    0x000002c4   Section        0  _printf_char_file.o(.text)
    _printf_input_char                       0x000002ed   Thumb Code    10  _printf_char_common.o(.text)
    .text                                    0x000002ec   Section        0  _printf_char_common.o(.text)
    .text                                    0x0000031c   Section        0  ferror.o(.text)
    .text                                    0x00000324   Section       62  sys_stackheap_outer.o(.text)
    .text                                    0x00000362   Section        0  exit.o(.text)
    .text                                    0x00000374   Section        8  libspace.o(.text)
    [Anonymous Symbol]                       0x0000037c   Section        0  bluebooth.o(.text.BLE_send_String)
    __arm_cp.1_0                             0x0000039c   Number         4  bluebooth.o(.text.BLE_send_String)
    [Anonymous Symbol]                       0x000003a0   Section        0  bluebooth.o(.text.Bluetooth_Init)
    __arm_cp.3_0                             0x000003b8   Number         4  bluebooth.o(.text.Bluetooth_Init)
    __arm_cp.3_1                             0x000003bc   Number         4  bluebooth.o(.text.Bluetooth_Init)
    [Anonymous Symbol]                       0x000003dc   Section        0  dl_common.o(.text.DL_Common_delayCycles)
    [Anonymous Symbol]                       0x000003e8   Section        0  dl_timer.o(.text.DL_Timer_initPWMMode)
    __arm_cp.11_1                            0x00000494   Number         4  dl_timer.o(.text.DL_Timer_initPWMMode)
    __arm_cp.11_2                            0x00000498   Number         4  dl_timer.o(.text.DL_Timer_initPWMMode)
    __arm_cp.11_3                            0x0000049c   Number         4  dl_timer.o(.text.DL_Timer_initPWMMode)
    __arm_cp.11_4                            0x000004a0   Number         4  dl_timer.o(.text.DL_Timer_initPWMMode)
    __arm_cp.11_6                            0x000004a4   Number         4  dl_timer.o(.text.DL_Timer_initPWMMode)
    [Anonymous Symbol]                       0x000004a8   Section        0  dl_timer.o(.text.DL_Timer_initTimerMode)
    __arm_cp.2_0                             0x00000588   Number         4  dl_timer.o(.text.DL_Timer_initTimerMode)
    __arm_cp.2_1                             0x0000058c   Number         4  dl_timer.o(.text.DL_Timer_initTimerMode)
    __arm_cp.2_2                             0x00000590   Number         4  dl_timer.o(.text.DL_Timer_initTimerMode)
    __arm_cp.2_3                             0x00000594   Number         4  dl_timer.o(.text.DL_Timer_initTimerMode)
    [Anonymous Symbol]                       0x00000598   Section        0  dl_timer.o(.text.DL_Timer_setCaptCompUpdateMethod)
    __arm_cp.18_0                            0x000005b0   Number         4  dl_timer.o(.text.DL_Timer_setCaptCompUpdateMethod)
    [Anonymous Symbol]                       0x000005b4   Section        0  dl_timer.o(.text.DL_Timer_setCaptureCompareOutCtl)
    __arm_cp.13_0                            0x000005c8   Number         4  dl_timer.o(.text.DL_Timer_setCaptureCompareOutCtl)
    [Anonymous Symbol]                       0x000005cc   Section        0  dl_timer.o(.text.DL_Timer_setCaptureCompareValue)
    __arm_cp.3_0                             0x000005d8   Number         4  dl_timer.o(.text.DL_Timer_setCaptureCompareValue)
    [Anonymous Symbol]                       0x000005dc   Section        0  dl_timer.o(.text.DL_Timer_setClockConfig)
    __arm_cp.0_0                             0x000005f4   Number         4  dl_timer.o(.text.DL_Timer_setClockConfig)
    [Anonymous Symbol]                       0x000005f8   Section        0  dl_uart.o(.text.DL_UART_init)
    __arm_cp.0_0                             0x00000638   Number         4  dl_uart.o(.text.DL_UART_init)
    __arm_cp.0_1                             0x0000063c   Number         4  dl_uart.o(.text.DL_UART_init)
    [Anonymous Symbol]                       0x00000640   Section        0  dl_uart.o(.text.DL_UART_setClockConfig)
    [Anonymous Symbol]                       0x00000654   Section        0  encoder.o(.text.GROUP1_IRQHandler)
    __arm_cp.2_0                             0x000006a8   Number         4  encoder.o(.text.GROUP1_IRQHandler)
    __arm_cp.2_1                             0x000006ac   Number         4  encoder.o(.text.GROUP1_IRQHandler)
    __arm_cp.2_2                             0x000006b0   Number         4  encoder.o(.text.GROUP1_IRQHandler)
    __arm_cp.2_3                             0x000006b4   Number         4  encoder.o(.text.GROUP1_IRQHandler)
    [Anonymous Symbol]                       0x000006b8   Section        0  uart.o(.text.HardFault_Handler)
    [Anonymous Symbol]                       0x000006d8   Section        0  oled.o(.text.OLED_Clear)
    [Anonymous Symbol]                       0x00000748   Section        0  oled.o(.text.OLED_Init)
    [Anonymous Symbol]                       0x0000089c   Section        0  oled.o(.text.OLED_Refresh)
    __arm_cp.10_0                            0x0000098c   Number         4  oled.o(.text.OLED_Refresh)
    [Anonymous Symbol]                       0x00000990   Section        0  oled.o(.text.OLED_WR_Byte)
    __arm_cp.1_0                             0x00000a2c   Number         4  oled.o(.text.OLED_WR_Byte)
    [Anonymous Symbol]                       0x00000a30   Section        0  bluebooth.o(.text.Receive_Bluetooth_Data)
    __arm_cp.6_0                             0x00000a4c   Number         4  bluebooth.o(.text.Receive_Bluetooth_Data)
    __arm_cp.6_2                             0x00000a5c   Number         4  bluebooth.o(.text.Receive_Bluetooth_Data)
    __arm_cp.6_3                             0x00000a60   Number         4  bluebooth.o(.text.Receive_Bluetooth_Data)
    [Anonymous Symbol]                       0x00000a64   Section        0  ti_msp_dl_config.o(.text.SYSCFG_DL_GPIO_init)
    __arm_cp.2_0                             0x00000b08   Number         4  ti_msp_dl_config.o(.text.SYSCFG_DL_GPIO_init)
    __arm_cp.2_1                             0x00000b0c   Number         4  ti_msp_dl_config.o(.text.SYSCFG_DL_GPIO_init)
    __arm_cp.2_2                             0x00000b10   Number         4  ti_msp_dl_config.o(.text.SYSCFG_DL_GPIO_init)
    __arm_cp.2_3                             0x00000b14   Number         4  ti_msp_dl_config.o(.text.SYSCFG_DL_GPIO_init)
    __arm_cp.2_4                             0x00000b18   Number         4  ti_msp_dl_config.o(.text.SYSCFG_DL_GPIO_init)
    __arm_cp.2_5                             0x00000b1c   Number         4  ti_msp_dl_config.o(.text.SYSCFG_DL_GPIO_init)
    __arm_cp.2_6                             0x00000b20   Number         4  ti_msp_dl_config.o(.text.SYSCFG_DL_GPIO_init)
    __arm_cp.2_7                             0x00000b24   Number         4  ti_msp_dl_config.o(.text.SYSCFG_DL_GPIO_init)
    __arm_cp.2_8                             0x00000b28   Number         4  ti_msp_dl_config.o(.text.SYSCFG_DL_GPIO_init)
    __arm_cp.2_9                             0x00000b2c   Number         4  ti_msp_dl_config.o(.text.SYSCFG_DL_GPIO_init)
    __arm_cp.2_10                            0x00000b30   Number         4  ti_msp_dl_config.o(.text.SYSCFG_DL_GPIO_init)
    [Anonymous Symbol]                       0x00000b34   Section        0  ti_msp_dl_config.o(.text.SYSCFG_DL_PWM_MotorA_init)
    __arm_cp.5_0                             0x00000ba0   Number         4  ti_msp_dl_config.o(.text.SYSCFG_DL_PWM_MotorA_init)
    __arm_cp.5_1                             0x00000ba4   Number         4  ti_msp_dl_config.o(.text.SYSCFG_DL_PWM_MotorA_init)
    __arm_cp.5_2                             0x00000ba8   Number         4  ti_msp_dl_config.o(.text.SYSCFG_DL_PWM_MotorA_init)
    __arm_cp.5_4                             0x00000bac   Number         4  ti_msp_dl_config.o(.text.SYSCFG_DL_PWM_MotorA_init)
    [Anonymous Symbol]                       0x00000bb0   Section        0  ti_msp_dl_config.o(.text.SYSCFG_DL_PWM_MotorB_init)
    __arm_cp.4_0                             0x00000c1c   Number         4  ti_msp_dl_config.o(.text.SYSCFG_DL_PWM_MotorB_init)
    __arm_cp.4_1                             0x00000c20   Number         4  ti_msp_dl_config.o(.text.SYSCFG_DL_PWM_MotorB_init)
    __arm_cp.4_2                             0x00000c24   Number         4  ti_msp_dl_config.o(.text.SYSCFG_DL_PWM_MotorB_init)
    __arm_cp.4_3                             0x00000c28   Number         4  ti_msp_dl_config.o(.text.SYSCFG_DL_PWM_MotorB_init)
    __arm_cp.4_4                             0x00000c2c   Number         4  ti_msp_dl_config.o(.text.SYSCFG_DL_PWM_MotorB_init)
    [Anonymous Symbol]                       0x00000c30   Section        0  ti_msp_dl_config.o(.text.SYSCFG_DL_SYSCTL_init)
    __arm_cp.3_0                             0x00000c64   Number         4  ti_msp_dl_config.o(.text.SYSCFG_DL_SYSCTL_init)
    __arm_cp.3_1                             0x00000c68   Number         4  ti_msp_dl_config.o(.text.SYSCFG_DL_SYSCTL_init)
    [Anonymous Symbol]                       0x00000c6c   Section        0  ti_msp_dl_config.o(.text.SYSCFG_DL_SYSTICK_init)
    __arm_cp.9_0                             0x00000c84   Number         4  ti_msp_dl_config.o(.text.SYSCFG_DL_SYSTICK_init)
    [Anonymous Symbol]                       0x00000c88   Section        0  ti_msp_dl_config.o(.text.SYSCFG_DL_TIMER_0_init)
    __arm_cp.6_0                             0x00000cac   Number         4  ti_msp_dl_config.o(.text.SYSCFG_DL_TIMER_0_init)
    __arm_cp.6_1                             0x00000cb0   Number         4  ti_msp_dl_config.o(.text.SYSCFG_DL_TIMER_0_init)
    __arm_cp.6_2                             0x00000cb4   Number         4  ti_msp_dl_config.o(.text.SYSCFG_DL_TIMER_0_init)
    __arm_cp.6_3                             0x00000cb8   Number         4  ti_msp_dl_config.o(.text.SYSCFG_DL_TIMER_0_init)
    __arm_cp.6_4                             0x00000cbc   Number         4  ti_msp_dl_config.o(.text.SYSCFG_DL_TIMER_0_init)
    [Anonymous Symbol]                       0x00000cc0   Section        0  ti_msp_dl_config.o(.text.SYSCFG_DL_UART_Trans_init)
    __arm_cp.8_0                             0x00000d24   Number         4  ti_msp_dl_config.o(.text.SYSCFG_DL_UART_Trans_init)
    __arm_cp.8_1                             0x00000d28   Number         4  ti_msp_dl_config.o(.text.SYSCFG_DL_UART_Trans_init)
    __arm_cp.8_2                             0x00000d2c   Number         4  ti_msp_dl_config.o(.text.SYSCFG_DL_UART_Trans_init)
    __arm_cp.8_3                             0x00000d30   Number         4  ti_msp_dl_config.o(.text.SYSCFG_DL_UART_Trans_init)
    __arm_cp.8_5                             0x00000d34   Number         4  ti_msp_dl_config.o(.text.SYSCFG_DL_UART_Trans_init)
    __arm_cp.8_6                             0x00000d38   Number         4  ti_msp_dl_config.o(.text.SYSCFG_DL_UART_Trans_init)
    [Anonymous Symbol]                       0x00000d3c   Section        0  ti_msp_dl_config.o(.text.SYSCFG_DL_USB_TLL_init)
    __arm_cp.7_0                             0x00000d94   Number         4  ti_msp_dl_config.o(.text.SYSCFG_DL_USB_TLL_init)
    __arm_cp.7_1                             0x00000d98   Number         4  ti_msp_dl_config.o(.text.SYSCFG_DL_USB_TLL_init)
    __arm_cp.7_2                             0x00000d9c   Number         4  ti_msp_dl_config.o(.text.SYSCFG_DL_USB_TLL_init)
    __arm_cp.7_3                             0x00000da0   Number         4  ti_msp_dl_config.o(.text.SYSCFG_DL_USB_TLL_init)
    __arm_cp.7_4                             0x00000da4   Number         4  ti_msp_dl_config.o(.text.SYSCFG_DL_USB_TLL_init)
    __arm_cp.7_5                             0x00000da8   Number         4  ti_msp_dl_config.o(.text.SYSCFG_DL_USB_TLL_init)
    [Anonymous Symbol]                       0x00000dac   Section        0  ti_msp_dl_config.o(.text.SYSCFG_DL_init)
    __arm_cp.0_0                             0x00000ddc   Number         4  ti_msp_dl_config.o(.text.SYSCFG_DL_init)
    [Anonymous Symbol]                       0x00000de0   Section        0  ti_msp_dl_config.o(.text.SYSCFG_DL_initPower)
    __arm_cp.1_0                             0x00000e1c   Number         4  ti_msp_dl_config.o(.text.SYSCFG_DL_initPower)
    __arm_cp.1_1                             0x00000e20   Number         4  ti_msp_dl_config.o(.text.SYSCFG_DL_initPower)
    __arm_cp.1_2                             0x00000e24   Number         4  ti_msp_dl_config.o(.text.SYSCFG_DL_initPower)
    __arm_cp.1_3                             0x00000e28   Number         4  ti_msp_dl_config.o(.text.SYSCFG_DL_initPower)
    __arm_cp.1_4                             0x00000e2c   Number         4  ti_msp_dl_config.o(.text.SYSCFG_DL_initPower)
    __arm_cp.1_5                             0x00000e30   Number         4  ti_msp_dl_config.o(.text.SYSCFG_DL_initPower)
    __arm_cp.1_6                             0x00000e34   Number         4  ti_msp_dl_config.o(.text.SYSCFG_DL_initPower)
    __arm_cp.1_7                             0x00000e38   Number         4  ti_msp_dl_config.o(.text.SYSCFG_DL_initPower)
    __arm_cp.1_8                             0x00000e3c   Number         4  ti_msp_dl_config.o(.text.SYSCFG_DL_initPower)
    [Anonymous Symbol]                       0x00000e40   Section        0  oled.o(.text.Send_Byte)
    __arm_cp.7_0                             0x00000f50   Number         4  oled.o(.text.Send_Byte)
    [Anonymous Symbol]                       0x00000f54   Section        0  encoder.o(.text.TIMG0_IRQHandler)
    __arm_cp.1_0                             0x00000f6c   Number         4  encoder.o(.text.TIMG0_IRQHandler)
    __arm_cp.1_1                             0x00000f70   Number         4  encoder.o(.text.TIMG0_IRQHandler)
    __arm_cp.1_2                             0x00000f74   Number         4  encoder.o(.text.TIMG0_IRQHandler)
    [Anonymous Symbol]                       0x00000f78   Section        0  bluebooth.o(.text.UART1_IRQHandler)
    __arm_cp.8_0                             0x00000fac   Number         4  bluebooth.o(.text.UART1_IRQHandler)
    __arm_cp.8_1                             0x00000fb0   Number         4  bluebooth.o(.text.UART1_IRQHandler)
    __arm_cp.8_2                             0x00000fb4   Number         4  bluebooth.o(.text.UART1_IRQHandler)
    __arm_cp.8_3                             0x00000fb8   Number         4  bluebooth.o(.text.UART1_IRQHandler)
    __arm_cp.8_4                             0x00000fbc   Number         4  bluebooth.o(.text.UART1_IRQHandler)
    [Anonymous Symbol]                       0x00000fc0   Section        0  board.o(.text._sys_exit)
    [Anonymous Symbol]                       0x00000fc4   Section        0  board.o(.text.board_init)
    __arm_cp.0_0                             0x00000fdc   Number         4  board.o(.text.board_init)
    __arm_cp.0_1                             0x00000fe0   Number         4  board.o(.text.board_init)
    [Anonymous Symbol]                       0x00001004   Section        0  board.o(.text.delay_ms)
    [Anonymous Symbol]                       0x00001034   Section        0  board.o(.text.delay_us)
    __arm_cp.1_0                             0x00001060   Number         4  board.o(.text.delay_us)
    [Anonymous Symbol]                       0x00001064   Section        0  board.o(.text.fputc)
    __arm_cp.10_0                            0x00001074   Number         4  board.o(.text.fputc)
    [Anonymous Symbol]                       0x00001078   Section        0  empty.o(.text.main)
    __arm_cp.0_0                             0x000010b8   Number         4  empty.o(.text.main)
    __arm_cp.0_1                             0x000010bc   Number         4  empty.o(.text.main)
    gPWM_MotorAClockConfig                   0x000010d8   Data           3  ti_msp_dl_config.o(.rodata.gPWM_MotorAClockConfig)
    [Anonymous Symbol]                       0x000010d8   Section        0  ti_msp_dl_config.o(.rodata.gPWM_MotorAClockConfig)
    gPWM_MotorAConfig                        0x000010dc   Data           8  ti_msp_dl_config.o(.rodata.gPWM_MotorAConfig)
    [Anonymous Symbol]                       0x000010dc   Section        0  ti_msp_dl_config.o(.rodata.gPWM_MotorAConfig)
    gPWM_MotorBClockConfig                   0x000010e4   Data           3  ti_msp_dl_config.o(.rodata.gPWM_MotorBClockConfig)
    [Anonymous Symbol]                       0x000010e4   Section        0  ti_msp_dl_config.o(.rodata.gPWM_MotorBClockConfig)
    gPWM_MotorBConfig                        0x000010e8   Data           8  ti_msp_dl_config.o(.rodata.gPWM_MotorBConfig)
    [Anonymous Symbol]                       0x000010e8   Section        0  ti_msp_dl_config.o(.rodata.gPWM_MotorBConfig)
    gTIMER_0ClockConfig                      0x000010f0   Data           3  ti_msp_dl_config.o(.rodata.gTIMER_0ClockConfig)
    [Anonymous Symbol]                       0x000010f0   Section        0  ti_msp_dl_config.o(.rodata.gTIMER_0ClockConfig)
    gTIMER_0TimerConfig                      0x000010f4   Data          20  ti_msp_dl_config.o(.rodata.gTIMER_0TimerConfig)
    [Anonymous Symbol]                       0x000010f4   Section        0  ti_msp_dl_config.o(.rodata.gTIMER_0TimerConfig)
    gUART_TransClockConfig                   0x00001108   Data           2  ti_msp_dl_config.o(.rodata.gUART_TransClockConfig)
    [Anonymous Symbol]                       0x00001108   Section        0  ti_msp_dl_config.o(.rodata.gUART_TransClockConfig)
    gUART_TransConfig                        0x0000110a   Data          10  ti_msp_dl_config.o(.rodata.gUART_TransConfig)
    [Anonymous Symbol]                       0x0000110a   Section        0  ti_msp_dl_config.o(.rodata.gUART_TransConfig)
    gUSB_TLLClockConfig                      0x00001114   Data           2  ti_msp_dl_config.o(.rodata.gUSB_TLLClockConfig)
    [Anonymous Symbol]                       0x00001114   Section        0  ti_msp_dl_config.o(.rodata.gUSB_TLLClockConfig)
    gUSB_TLLConfig                           0x00001116   Data          10  ti_msp_dl_config.o(.rodata.gUSB_TLLConfig)
    [Anonymous Symbol]                       0x00001116   Section        0  ti_msp_dl_config.o(.rodata.gUSB_TLLConfig)
    .bss                                     0x20200000   Section       96  libspace.o(.bss)
    Heap_Mem                                 0x20200680   Data           0  startup_mspm0g350x_uvision.o(HEAP)
    Stack_Mem                                0x20200680   Data         256  startup_mspm0g350x_uvision.o(STACK)
    HEAP                                     0x20200680   Section        0  startup_mspm0g350x_uvision.o(HEAP)
    STACK                                    0x20200680   Section      256  startup_mspm0g350x_uvision.o(STACK)
    __initial_sp                             0x20200780   Data           0  startup_mspm0g350x_uvision.o(STACK)

    Global Symbols

    Symbol Name                              Value     Ov Type        Size  Object(Section)

    BuildAttributes$$THM_ISAv3M$S$PE$A:L22$X:L11$S22$IEEE1$IW$~IW$USESV6$~STKCKD$USESV7$~SHL$OTIME$ROPI$EBA8$UX$STANDARDLIB$REQ8$PRES8$EABIv2 0x00000000   Number         0  anon$$obj.o ABSOLUTE
    __Vectors                                0x00000000   Data           4  startup_mspm0g350x_uvision.o(RESET)
    __ARM_exceptions_init                     - Undefined Weak Reference
    __alloca_initialize                       - Undefined Weak Reference
    __arm_preinit_                            - Undefined Weak Reference
    __cpp_initialize__aeabi_                  - Undefined Weak Reference
    __cxa_finalize                            - Undefined Weak Reference
    __rt_locale                               - Undefined Weak Reference
    __sigvec_lookup                           - Undefined Weak Reference
    _atexit_init                              - Undefined Weak Reference
    _call_atexit_fns                          - Undefined Weak Reference
    _clock_init                               - Undefined Weak Reference
    _fp_trap_init                             - Undefined Weak Reference
    _fp_trap_shutdown                         - Undefined Weak Reference
    _get_lc_collate                           - Undefined Weak Reference
    _get_lc_ctype                             - Undefined Weak Reference
    _get_lc_monetary                          - Undefined Weak Reference
    _get_lc_numeric                           - Undefined Weak Reference
    _get_lc_time                              - Undefined Weak Reference
    _getenv_init                              - Undefined Weak Reference
    _handle_redirection                       - Undefined Weak Reference
    _init_alloc                               - Undefined Weak Reference
    _init_user_alloc                          - Undefined Weak Reference
    _initio                                   - Undefined Weak Reference
    _mutex_acquire                            - Undefined Weak Reference
    _mutex_release                            - Undefined Weak Reference
    _printf_mbtowc                            - Undefined Weak Reference
    _printf_post_padding                      - Undefined Weak Reference
    _printf_pre_padding                       - Undefined Weak Reference
    _rand_init                                - Undefined Weak Reference
    _signal_finish                            - Undefined Weak Reference
    _signal_init                              - Undefined Weak Reference
    _terminate_alloc                          - Undefined Weak Reference
    _terminate_user_alloc                     - Undefined Weak Reference
    _terminateio                              - Undefined Weak Reference
    __Vectors_End                            0x000000c0   Data           0  startup_mspm0g350x_uvision.o(RESET)
    __Vectors_Size                           0x000000c0   Number         0  startup_mspm0g350x_uvision.o ABSOLUTE
    __main                                   0x000000c1   Thumb Code     8  __main.o(!!!main)
    __scatterload                            0x000000c9   Thumb Code     0  __scatter.o(!!!scatter)
    __scatterload_rt2                        0x000000c9   Thumb Code    52  __scatter.o(!!!scatter)
    __scatterload_rt2_thumb_only             0x000000c9   Thumb Code     0  __scatter.o(!!!scatter)
    __scatterload_null                       0x000000d9   Thumb Code     0  __scatter.o(!!!scatter)
    __scatterload_zeroinit                   0x00000109   Thumb Code    28  __scatter_zi.o(!!handler_zi)
    _printf_percent                          0x00000125   Thumb Code     0  _printf_percent.o(.ARM.Collect$$_printf_percent$$00000000)
    _printf_s                                0x00000127   Thumb Code     0  _printf_s.o(.ARM.Collect$$_printf_percent$$00000014)
    _printf_percent_end                      0x00000131   Thumb Code     0  _printf_percent_end.o(.ARM.Collect$$_printf_percent$$00000017)
    __rt_lib_init                            0x00000135   Thumb Code     0  libinit.o(.ARM.Collect$$libinit$$00000000)
    __rt_lib_init_alloca_1                   0x00000137   Thumb Code     0  libinit2.o(.ARM.Collect$$libinit$$0000002E)
    __rt_lib_init_argv_1                     0x00000137   Thumb Code     0  libinit2.o(.ARM.Collect$$libinit$$0000002C)
    __rt_lib_init_atexit_1                   0x00000137   Thumb Code     0  libinit2.o(.ARM.Collect$$libinit$$0000001B)
    __rt_lib_init_clock_1                    0x00000137   Thumb Code     0  libinit2.o(.ARM.Collect$$libinit$$00000021)
    __rt_lib_init_cpp_1                      0x00000137   Thumb Code     0  libinit2.o(.ARM.Collect$$libinit$$00000032)
    __rt_lib_init_exceptions_1               0x00000137   Thumb Code     0  libinit2.o(.ARM.Collect$$libinit$$00000030)
    __rt_lib_init_fp_1                       0x00000137   Thumb Code     0  libinit2.o(.ARM.Collect$$libinit$$00000002)
    __rt_lib_init_fp_trap_1                  0x00000137   Thumb Code     0  libinit2.o(.ARM.Collect$$libinit$$0000001F)
    __rt_lib_init_getenv_1                   0x00000137   Thumb Code     0  libinit2.o(.ARM.Collect$$libinit$$00000023)
    __rt_lib_init_heap_1                     0x00000137   Thumb Code     0  libinit2.o(.ARM.Collect$$libinit$$0000000A)
    __rt_lib_init_lc_collate_1               0x00000137   Thumb Code     0  libinit2.o(.ARM.Collect$$libinit$$00000011)
    __rt_lib_init_lc_ctype_1                 0x00000137   Thumb Code     0  libinit2.o(.ARM.Collect$$libinit$$00000013)
    __rt_lib_init_lc_monetary_1              0x00000137   Thumb Code     0  libinit2.o(.ARM.Collect$$libinit$$00000015)
    __rt_lib_init_lc_numeric_1               0x00000137   Thumb Code     0  libinit2.o(.ARM.Collect$$libinit$$00000017)
    __rt_lib_init_lc_time_1                  0x00000137   Thumb Code     0  libinit2.o(.ARM.Collect$$libinit$$00000019)
    __rt_lib_init_preinit_1                  0x00000137   Thumb Code     0  libinit2.o(.ARM.Collect$$libinit$$00000004)
    __rt_lib_init_rand_1                     0x00000137   Thumb Code     0  libinit2.o(.ARM.Collect$$libinit$$0000000E)
    __rt_lib_init_return                     0x00000137   Thumb Code     0  libinit2.o(.ARM.Collect$$libinit$$00000033)
    __rt_lib_init_signal_1                   0x00000137   Thumb Code     0  libinit2.o(.ARM.Collect$$libinit$$0000001D)
    __rt_lib_init_stdio_1                    0x00000137   Thumb Code     0  libinit2.o(.ARM.Collect$$libinit$$00000025)
    __rt_lib_init_user_alloc_1               0x00000137   Thumb Code     0  libinit2.o(.ARM.Collect$$libinit$$0000000C)
    __rt_lib_shutdown                        0x00000139   Thumb Code     0  libshutdown.o(.ARM.Collect$$libshutdown$$00000000)
    __rt_lib_shutdown_cpp_1                  0x0000013b   Thumb Code     0  libshutdown2.o(.ARM.Collect$$libshutdown$$00000002)
    __rt_lib_shutdown_fp_trap_1              0x0000013b   Thumb Code     0  libshutdown2.o(.ARM.Collect$$libshutdown$$00000007)
    __rt_lib_shutdown_heap_1                 0x0000013b   Thumb Code     0  libshutdown2.o(.ARM.Collect$$libshutdown$$0000000F)
    __rt_lib_shutdown_return                 0x0000013b   Thumb Code     0  libshutdown2.o(.ARM.Collect$$libshutdown$$00000010)
    __rt_lib_shutdown_signal_1               0x0000013b   Thumb Code     0  libshutdown2.o(.ARM.Collect$$libshutdown$$0000000A)
    __rt_lib_shutdown_stdio_1                0x0000013b   Thumb Code     0  libshutdown2.o(.ARM.Collect$$libshutdown$$00000004)
    __rt_lib_shutdown_user_alloc_1           0x0000013b   Thumb Code     0  libshutdown2.o(.ARM.Collect$$libshutdown$$0000000C)
    __rt_entry                               0x0000013d   Thumb Code     0  __rtentry.o(.ARM.Collect$$rtentry$$00000000)
    __rt_entry_presh_1                       0x0000013d   Thumb Code     0  __rtentry2.o(.ARM.Collect$$rtentry$$00000002)
    __rt_entry_sh                            0x0000013d   Thumb Code     0  __rtentry4.o(.ARM.Collect$$rtentry$$00000004)
    __rt_entry_li                            0x00000143   Thumb Code     0  __rtentry2.o(.ARM.Collect$$rtentry$$0000000A)
    __rt_entry_postsh_1                      0x00000143   Thumb Code     0  __rtentry2.o(.ARM.Collect$$rtentry$$00000009)
    __rt_entry_main                          0x00000147   Thumb Code     0  __rtentry2.o(.ARM.Collect$$rtentry$$0000000D)
    __rt_entry_postli_1                      0x00000147   Thumb Code     0  __rtentry2.o(.ARM.Collect$$rtentry$$0000000C)
    __rt_exit                                0x0000014f   Thumb Code     0  rtexit.o(.ARM.Collect$$rtexit$$00000000)
    __rt_exit_ls                             0x00000151   Thumb Code     0  rtexit2.o(.ARM.Collect$$rtexit$$00000003)
    __rt_exit_prels_1                        0x00000151   Thumb Code     0  rtexit2.o(.ARM.Collect$$rtexit$$00000002)
    __rt_exit_exit                           0x00000155   Thumb Code     0  rtexit2.o(.ARM.Collect$$rtexit$$00000004)
    Reset_Handler                            0x0000015d   Thumb Code     4  startup_mspm0g350x_uvision.o(.text)
    NMI_Handler                              0x00000161   Thumb Code     2  startup_mspm0g350x_uvision.o(.text)
    SVC_Handler                              0x00000165   Thumb Code     2  startup_mspm0g350x_uvision.o(.text)
    PendSV_Handler                           0x00000167   Thumb Code     2  startup_mspm0g350x_uvision.o(.text)
    SysTick_Handler                          0x00000169   Thumb Code     2  startup_mspm0g350x_uvision.o(.text)
    ADC0_IRQHandler                          0x0000016b   Thumb Code     0  startup_mspm0g350x_uvision.o(.text)
    ADC1_IRQHandler                          0x0000016b   Thumb Code     0  startup_mspm0g350x_uvision.o(.text)
    AES_IRQHandler                           0x0000016b   Thumb Code     0  startup_mspm0g350x_uvision.o(.text)
    CANFD0_IRQHandler                        0x0000016b   Thumb Code     0  startup_mspm0g350x_uvision.o(.text)
    DAC0_IRQHandler                          0x0000016b   Thumb Code     0  startup_mspm0g350x_uvision.o(.text)
    DMA_IRQHandler                           0x0000016b   Thumb Code     0  startup_mspm0g350x_uvision.o(.text)
    Default_Handler                          0x0000016b   Thumb Code     2  startup_mspm0g350x_uvision.o(.text)
    GROUP0_IRQHandler                        0x0000016b   Thumb Code     0  startup_mspm0g350x_uvision.o(.text)
    I2C0_IRQHandler                          0x0000016b   Thumb Code     0  startup_mspm0g350x_uvision.o(.text)
    I2C1_IRQHandler                          0x0000016b   Thumb Code     0  startup_mspm0g350x_uvision.o(.text)
    RTC_IRQHandler                           0x0000016b   Thumb Code     0  startup_mspm0g350x_uvision.o(.text)
    SPI0_IRQHandler                          0x0000016b   Thumb Code     0  startup_mspm0g350x_uvision.o(.text)
    SPI1_IRQHandler                          0x0000016b   Thumb Code     0  startup_mspm0g350x_uvision.o(.text)
    TIMA0_IRQHandler                         0x0000016b   Thumb Code     0  startup_mspm0g350x_uvision.o(.text)
    TIMA1_IRQHandler                         0x0000016b   Thumb Code     0  startup_mspm0g350x_uvision.o(.text)
    TIMG12_IRQHandler                        0x0000016b   Thumb Code     0  startup_mspm0g350x_uvision.o(.text)
    TIMG6_IRQHandler                         0x0000016b   Thumb Code     0  startup_mspm0g350x_uvision.o(.text)
    TIMG7_IRQHandler                         0x0000016b   Thumb Code     0  startup_mspm0g350x_uvision.o(.text)
    TIMG8_IRQHandler                         0x0000016b   Thumb Code     0  startup_mspm0g350x_uvision.o(.text)
    UART0_IRQHandler                         0x0000016b   Thumb Code     0  startup_mspm0g350x_uvision.o(.text)
    UART2_IRQHandler                         0x0000016b   Thumb Code     0  startup_mspm0g350x_uvision.o(.text)
    UART3_IRQHandler                         0x0000016b   Thumb Code     0  startup_mspm0g350x_uvision.o(.text)
    __user_initial_stackheap                 0x0000016d   Thumb Code    10  startup_mspm0g350x_uvision.o(.text)
    __2printf                                0x00000189   Thumb Code    22  noretval__2printf.o(.text)
    __printf                                 0x000001a5   Thumb Code   108  __printf.o(.text)
    _printf_str                              0x00000211   Thumb Code    82  _printf_str.o(.text)
    puts                                     0x00000265   Thumb Code    38  puts.o(.text)
    __use_two_region_memory                  0x00000291   Thumb Code     2  heapauxi.o(.text)
    __rt_heap_escrow$2region                 0x00000293   Thumb Code     2  heapauxi.o(.text)
    __rt_heap_expand$2region                 0x00000295   Thumb Code     2  heapauxi.o(.text)
    _printf_cs_common                        0x00000297   Thumb Code    22  _printf_char.o(.text)
    _printf_char                             0x000002ad   Thumb Code    16  _printf_char.o(.text)
    _printf_string                           0x000002bd   Thumb Code     8  _printf_char.o(.text)
    _printf_char_file                        0x000002c5   Thumb Code    34  _printf_char_file.o(.text)
    _printf_char_common                      0x000002f7   Thumb Code    32  _printf_char_common.o(.text)
    ferror                                   0x0000031d   Thumb Code     8  ferror.o(.text)
    __user_setup_stackheap                   0x00000325   Thumb Code    62  sys_stackheap_outer.o(.text)
    exit                                     0x00000363   Thumb Code    16  exit.o(.text)
    __user_libspace                          0x00000375   Thumb Code     8  libspace.o(.text)
    __user_perproc_libspace                  0x00000375   Thumb Code     0  libspace.o(.text)
    __user_perthread_libspace                0x00000375   Thumb Code     0  libspace.o(.text)
    BLE_send_String                          0x0000037d   Thumb Code    32  bluebooth.o(.text.BLE_send_String)
    Bluetooth_Init                           0x000003a1   Thumb Code    24  bluebooth.o(.text.Bluetooth_Init)
    DL_Common_delayCycles                    0x000003dd   Thumb Code    10  dl_common.o(.text.DL_Common_delayCycles)
    DL_Timer_initPWMMode                     0x000003e9   Thumb Code   172  dl_timer.o(.text.DL_Timer_initPWMMode)
    DL_Timer_initTimerMode                   0x000004a9   Thumb Code   224  dl_timer.o(.text.DL_Timer_initTimerMode)
    DL_Timer_setCaptCompUpdateMethod         0x00000599   Thumb Code    24  dl_timer.o(.text.DL_Timer_setCaptCompUpdateMethod)
    DL_Timer_setCaptureCompareOutCtl         0x000005b5   Thumb Code    20  dl_timer.o(.text.DL_Timer_setCaptureCompareOutCtl)
    DL_Timer_setCaptureCompareValue          0x000005cd   Thumb Code    12  dl_timer.o(.text.DL_Timer_setCaptureCompareValue)
    DL_Timer_setClockConfig                  0x000005dd   Thumb Code    24  dl_timer.o(.text.DL_Timer_setClockConfig)
    DL_UART_init                             0x000005f9   Thumb Code    64  dl_uart.o(.text.DL_UART_init)
    DL_UART_setClockConfig                   0x00000641   Thumb Code    18  dl_uart.o(.text.DL_UART_setClockConfig)
    GROUP1_IRQHandler                        0x00000655   Thumb Code    84  encoder.o(.text.GROUP1_IRQHandler)
    HardFault_Handler                        0x000006b9   Thumb Code    12  uart.o(.text.HardFault_Handler)
    OLED_Clear                               0x000006d9   Thumb Code   112  oled.o(.text.OLED_Clear)
    OLED_Init                                0x00000749   Thumb Code   340  oled.o(.text.OLED_Init)
    OLED_Refresh                             0x0000089d   Thumb Code   240  oled.o(.text.OLED_Refresh)
    OLED_WR_Byte                             0x00000991   Thumb Code   156  oled.o(.text.OLED_WR_Byte)
    Receive_Bluetooth_Data                   0x00000a31   Thumb Code    28  bluebooth.o(.text.Receive_Bluetooth_Data)
    SYSCFG_DL_GPIO_init                      0x00000a65   Thumb Code   164  ti_msp_dl_config.o(.text.SYSCFG_DL_GPIO_init)
    SYSCFG_DL_PWM_MotorA_init                0x00000b35   Thumb Code   108  ti_msp_dl_config.o(.text.SYSCFG_DL_PWM_MotorA_init)
    SYSCFG_DL_PWM_MotorB_init                0x00000bb1   Thumb Code   108  ti_msp_dl_config.o(.text.SYSCFG_DL_PWM_MotorB_init)
    SYSCFG_DL_SYSCTL_init                    0x00000c31   Thumb Code    52  ti_msp_dl_config.o(.text.SYSCFG_DL_SYSCTL_init)
    SYSCFG_DL_SYSTICK_init                   0x00000c6d   Thumb Code    24  ti_msp_dl_config.o(.text.SYSCFG_DL_SYSTICK_init)
    SYSCFG_DL_TIMER_0_init                   0x00000c89   Thumb Code    36  ti_msp_dl_config.o(.text.SYSCFG_DL_TIMER_0_init)
    SYSCFG_DL_UART_Trans_init                0x00000cc1   Thumb Code   100  ti_msp_dl_config.o(.text.SYSCFG_DL_UART_Trans_init)
    SYSCFG_DL_USB_TLL_init                   0x00000d3d   Thumb Code    88  ti_msp_dl_config.o(.text.SYSCFG_DL_USB_TLL_init)
    SYSCFG_DL_init                           0x00000dad   Thumb Code    48  ti_msp_dl_config.o(.text.SYSCFG_DL_init)
    SYSCFG_DL_initPower                      0x00000de1   Thumb Code    60  ti_msp_dl_config.o(.text.SYSCFG_DL_initPower)
    Send_Byte                                0x00000e41   Thumb Code   272  oled.o(.text.Send_Byte)
    TIMG0_IRQHandler                         0x00000f55   Thumb Code    24  encoder.o(.text.TIMG0_IRQHandler)
    UART1_IRQHandler                         0x00000f79   Thumb Code    52  bluebooth.o(.text.UART1_IRQHandler)
    _sys_exit                                0x00000fc1   Thumb Code     2  board.o(.text._sys_exit)
    board_init                               0x00000fc5   Thumb Code    24  board.o(.text.board_init)
    delay_ms                                 0x00001005   Thumb Code    48  board.o(.text.delay_ms)
    delay_us                                 0x00001035   Thumb Code    44  board.o(.text.delay_us)
    fputc                                    0x00001065   Thumb Code    16  board.o(.text.fputc)
    main                                     0x00001079   Thumb Code    64  empty.o(.text.main)
    Region$$Table$$Base                      0x00001120   Number         0  anon$$obj.o(Region$$Table)
    Region$$Table$$Limit                     0x00001130   Number         0  anon$$obj.o(Region$$Table)
    __libspace_start                         0x20200000   Data          96  libspace.o(.bss)
    BLERX_BUFF                               0x20200060   Data         200  bluebooth.o(.bss.BLERX_BUFF)
    __temporary_stack_top$libspace           0x20200060   Data           0  libspace.o(.bss)
    BLERX_FLAG                               0x20200128   Data           1  bluebooth.o(.bss.BLERX_FLAG)
    BLERX_LEN                                0x20200129   Data           1  bluebooth.o(.bss.BLERX_LEN)
    Left_Count                               0x2020012c   Data           4  encoder.o(.bss.Left_Count)
    OLED_GRAM                                0x20200130   Data        1152  oled.o(.bss.OLED_GRAM)
    Right_Count                              0x202005b0   Data           4  encoder.o(.bss.Right_Count)
    __stdout                                 0x202005b4   Data          84  board.o(.bss.__stdout)
    gPWM_MotorABackup                        0x20200608   Data         120  ti_msp_dl_config.o(.bss.gPWM_MotorABackup)



==============================================================================

Memory Map of the image

  Image Entry point : 0x000000c1

  Load Region LR_IROM1 (Base: 0x00000000, Size: 0x00001130, Max: 0x00020000, ABSOLUTE)

    Execution Region ER_IROM1 (Exec base: 0x00000000, Load base: 0x00000000, Size: 0x00001130, Max: 0x00020000, ABSOLUTE)

    Exec Addr    Load Addr    Size         Type   Attr      Idx    E Section Name        Object

    0x00000000   0x00000000   0x000000c0   Data   RO           12    RESET               startup_mspm0g350x_uvision.o
    0x000000c0   0x000000c0   0x00000008   Code   RO         1047  * !!!main             c_p.l(__main.o)
    0x000000c8   0x000000c8   0x0000003c   Code   RO         1272    !!!scatter          c_p.l(__scatter.o)
    0x00000104   0x00000104   0x00000004   PAD
    0x00000108   0x00000108   0x0000001c   Code   RO         1274    !!handler_zi        c_p.l(__scatter_zi.o)
    0x00000124   0x00000124   0x00000002   Code   RO         1030    .ARM.Collect$$_printf_percent$$00000000  c_p.l(_printf_percent.o)
    0x00000126   0x00000126   0x0000000a   Code   RO         1029    .ARM.Collect$$_printf_percent$$00000014  c_p.l(_printf_s.o)
    0x00000130   0x00000130   0x00000004   Code   RO         1084    .ARM.Collect$$_printf_percent$$00000017  c_p.l(_printf_percent_end.o)
    0x00000134   0x00000134   0x00000002   Code   RO         1133    .ARM.Collect$$libinit$$00000000  c_p.l(libinit.o)
    0x00000136   0x00000136   0x00000000   Code   RO         1151    .ARM.Collect$$libinit$$00000002  c_p.l(libinit2.o)
    0x00000136   0x00000136   0x00000000   Code   RO         1153    .ARM.Collect$$libinit$$00000004  c_p.l(libinit2.o)
    0x00000136   0x00000136   0x00000000   Code   RO         1156    .ARM.Collect$$libinit$$0000000A  c_p.l(libinit2.o)
    0x00000136   0x00000136   0x00000000   Code   RO         1158    .ARM.Collect$$libinit$$0000000C  c_p.l(libinit2.o)
    0x00000136   0x00000136   0x00000000   Code   RO         1160    .ARM.Collect$$libinit$$0000000E  c_p.l(libinit2.o)
    0x00000136   0x00000136   0x00000000   Code   RO         1163    .ARM.Collect$$libinit$$00000011  c_p.l(libinit2.o)
    0x00000136   0x00000136   0x00000000   Code   RO         1165    .ARM.Collect$$libinit$$00000013  c_p.l(libinit2.o)
    0x00000136   0x00000136   0x00000000   Code   RO         1167    .ARM.Collect$$libinit$$00000015  c_p.l(libinit2.o)
    0x00000136   0x00000136   0x00000000   Code   RO         1169    .ARM.Collect$$libinit$$00000017  c_p.l(libinit2.o)
    0x00000136   0x00000136   0x00000000   Code   RO         1171    .ARM.Collect$$libinit$$00000019  c_p.l(libinit2.o)
    0x00000136   0x00000136   0x00000000   Code   RO         1173    .ARM.Collect$$libinit$$0000001B  c_p.l(libinit2.o)
    0x00000136   0x00000136   0x00000000   Code   RO         1175    .ARM.Collect$$libinit$$0000001D  c_p.l(libinit2.o)
    0x00000136   0x00000136   0x00000000   Code   RO         1177    .ARM.Collect$$libinit$$0000001F  c_p.l(libinit2.o)
    0x00000136   0x00000136   0x00000000   Code   RO         1179    .ARM.Collect$$libinit$$00000021  c_p.l(libinit2.o)
    0x00000136   0x00000136   0x00000000   Code   RO         1181    .ARM.Collect$$libinit$$00000023  c_p.l(libinit2.o)
    0x00000136   0x00000136   0x00000000   Code   RO         1183    .ARM.Collect$$libinit$$00000025  c_p.l(libinit2.o)
    0x00000136   0x00000136   0x00000000   Code   RO         1187    .ARM.Collect$$libinit$$0000002C  c_p.l(libinit2.o)
    0x00000136   0x00000136   0x00000000   Code   RO         1189    .ARM.Collect$$libinit$$0000002E  c_p.l(libinit2.o)
    0x00000136   0x00000136   0x00000000   Code   RO         1191    .ARM.Collect$$libinit$$00000030  c_p.l(libinit2.o)
    0x00000136   0x00000136   0x00000000   Code   RO         1193    .ARM.Collect$$libinit$$00000032  c_p.l(libinit2.o)
    0x00000136   0x00000136   0x00000002   Code   RO         1194    .ARM.Collect$$libinit$$00000033  c_p.l(libinit2.o)
    0x00000138   0x00000138   0x00000002   Code   RO         1224    .ARM.Collect$$libshutdown$$00000000  c_p.l(libshutdown.o)
    0x0000013a   0x0000013a   0x00000000   Code   RO         1255    .ARM.Collect$$libshutdown$$00000002  c_p.l(libshutdown2.o)
    0x0000013a   0x0000013a   0x00000000   Code   RO         1257    .ARM.Collect$$libshutdown$$00000004  c_p.l(libshutdown2.o)
    0x0000013a   0x0000013a   0x00000000   Code   RO         1260    .ARM.Collect$$libshutdown$$00000007  c_p.l(libshutdown2.o)
    0x0000013a   0x0000013a   0x00000000   Code   RO         1263    .ARM.Collect$$libshutdown$$0000000A  c_p.l(libshutdown2.o)
    0x0000013a   0x0000013a   0x00000000   Code   RO         1265    .ARM.Collect$$libshutdown$$0000000C  c_p.l(libshutdown2.o)
    0x0000013a   0x0000013a   0x00000000   Code   RO         1268    .ARM.Collect$$libshutdown$$0000000F  c_p.l(libshutdown2.o)
    0x0000013a   0x0000013a   0x00000002   Code   RO         1269    .ARM.Collect$$libshutdown$$00000010  c_p.l(libshutdown2.o)
    0x0000013c   0x0000013c   0x00000000   Code   RO         1075    .ARM.Collect$$rtentry$$00000000  c_p.l(__rtentry.o)
    0x0000013c   0x0000013c   0x00000000   Code   RO         1093    .ARM.Collect$$rtentry$$00000002  c_p.l(__rtentry2.o)
    0x0000013c   0x0000013c   0x00000006   Code   RO         1105    .ARM.Collect$$rtentry$$00000004  c_p.l(__rtentry4.o)
    0x00000142   0x00000142   0x00000000   Code   RO         1095    .ARM.Collect$$rtentry$$00000009  c_p.l(__rtentry2.o)
    0x00000142   0x00000142   0x00000004   Code   RO         1096    .ARM.Collect$$rtentry$$0000000A  c_p.l(__rtentry2.o)
    0x00000146   0x00000146   0x00000000   Code   RO         1098    .ARM.Collect$$rtentry$$0000000C  c_p.l(__rtentry2.o)
    0x00000146   0x00000146   0x00000008   Code   RO         1099    .ARM.Collect$$rtentry$$0000000D  c_p.l(__rtentry2.o)
    0x0000014e   0x0000014e   0x00000002   Code   RO         1142    .ARM.Collect$$rtexit$$00000000  c_p.l(rtexit.o)
    0x00000150   0x00000150   0x00000000   Code   RO         1198    .ARM.Collect$$rtexit$$00000002  c_p.l(rtexit2.o)
    0x00000150   0x00000150   0x00000004   Code   RO         1199    .ARM.Collect$$rtexit$$00000003  c_p.l(rtexit2.o)
    0x00000154   0x00000154   0x00000006   Code   RO         1200    .ARM.Collect$$rtexit$$00000004  c_p.l(rtexit2.o)
    0x0000015a   0x0000015a   0x00000002   PAD
    0x0000015c   0x0000015c   0x0000002c   Code   RO           13    .text               startup_mspm0g350x_uvision.o
    0x00000188   0x00000188   0x0000001c   Code   RO         1003    .text               c_p.l(noretval__2printf.o)
    0x000001a4   0x000001a4   0x0000006c   Code   RO         1005    .text               c_p.l(__printf.o)
    0x00000210   0x00000210   0x00000052   Code   RO         1007    .text               c_p.l(_printf_str.o)
    0x00000262   0x00000262   0x00000002   PAD
    0x00000264   0x00000264   0x0000002c   Code   RO         1031    .text               c_p.l(puts.o)
    0x00000290   0x00000290   0x00000006   Code   RO         1045    .text               c_p.l(heapauxi.o)
    0x00000296   0x00000296   0x0000002e   Code   RO         1080    .text               c_p.l(_printf_char.o)
    0x000002c4   0x000002c4   0x00000028   Code   RO         1082    .text               c_p.l(_printf_char_file.o)
    0x000002ec   0x000002ec   0x00000030   Code   RO         1109    .text               c_p.l(_printf_char_common.o)
    0x0000031c   0x0000031c   0x00000008   Code   RO         1111    .text               c_p.l(ferror.o)
    0x00000324   0x00000324   0x0000003e   Code   RO         1117    .text               c_p.l(sys_stackheap_outer.o)
    0x00000362   0x00000362   0x00000010   Code   RO         1122    .text               c_p.l(exit.o)
    0x00000372   0x00000372   0x00000002   PAD
    0x00000374   0x00000374   0x00000008   Code   RO         1138    .text               c_p.l(libspace.o)
    0x0000037c   0x0000037c   0x00000024   Code   RO          259    .text.BLE_send_String  bluebooth.o
    0x000003a0   0x000003a0   0x0000003c   Code   RO          263    .text.Bluetooth_Init  bluebooth.o
    0x000003dc   0x000003dc   0x0000000a   Code   RO          942    .text.DL_Common_delayCycles  dl_common.o
    0x000003e6   0x000003e6   0x00000002   PAD
    0x000003e8   0x000003e8   0x000000c0   Code   RO          376    .text.DL_Timer_initPWMMode  dl_timer.o
    0x000004a8   0x000004a8   0x000000f0   Code   RO          358    .text.DL_Timer_initTimerMode  dl_timer.o
    0x00000598   0x00000598   0x0000001c   Code   RO          390    .text.DL_Timer_setCaptCompUpdateMethod  dl_timer.o
    0x000005b4   0x000005b4   0x00000018   Code   RO          380    .text.DL_Timer_setCaptureCompareOutCtl  dl_timer.o
    0x000005cc   0x000005cc   0x00000010   Code   RO          360    .text.DL_Timer_setCaptureCompareValue  dl_timer.o
    0x000005dc   0x000005dc   0x0000001c   Code   RO          354    .text.DL_Timer_setClockConfig  dl_timer.o
    0x000005f8   0x000005f8   0x00000048   Code   RO          302    .text.DL_UART_init  dl_uart.o
    0x00000640   0x00000640   0x00000012   Code   RO          304    .text.DL_UART_setClockConfig  dl_uart.o
    0x00000652   0x00000652   0x00000002   PAD
    0x00000654   0x00000654   0x00000064   Code   RO          199    .text.GROUP1_IRQHandler  encoder.o
    0x000006b8   0x000006b8   0x00000020   Code   RO          213    .text.HardFault_Handler  uart.o
    0x000006d8   0x000006d8   0x00000070   Code   RO          119    .text.OLED_Clear    oled.o
    0x00000748   0x00000748   0x00000154   Code   RO          141    .text.OLED_Init     oled.o
    0x0000089c   0x0000089c   0x000000f4   Code   RO          117    .text.OLED_Refresh  oled.o
    0x00000990   0x00000990   0x000000a0   Code   RO           99    .text.OLED_WR_Byte  oled.o
    0x00000a30   0x00000a30   0x00000034   Code   RO          269    .text.Receive_Bluetooth_Data  bluebooth.o
    0x00000a64   0x00000a64   0x000000d0   Code   RO           24    .text.SYSCFG_DL_GPIO_init  ti_msp_dl_config.o
    0x00000b34   0x00000b34   0x0000007c   Code   RO           30    .text.SYSCFG_DL_PWM_MotorA_init  ti_msp_dl_config.o
    0x00000bb0   0x00000bb0   0x00000080   Code   RO           28    .text.SYSCFG_DL_PWM_MotorB_init  ti_msp_dl_config.o
    0x00000c30   0x00000c30   0x0000003c   Code   RO           26    .text.SYSCFG_DL_SYSCTL_init  ti_msp_dl_config.o
    0x00000c6c   0x00000c6c   0x0000001c   Code   RO           38    .text.SYSCFG_DL_SYSTICK_init  ti_msp_dl_config.o
    0x00000c88   0x00000c88   0x00000038   Code   RO           32    .text.SYSCFG_DL_TIMER_0_init  ti_msp_dl_config.o
    0x00000cc0   0x00000cc0   0x0000007c   Code   RO           36    .text.SYSCFG_DL_UART_Trans_init  ti_msp_dl_config.o
    0x00000d3c   0x00000d3c   0x00000070   Code   RO           34    .text.SYSCFG_DL_USB_TLL_init  ti_msp_dl_config.o
    0x00000dac   0x00000dac   0x00000034   Code   RO           20    .text.SYSCFG_DL_init  ti_msp_dl_config.o
    0x00000de0   0x00000de0   0x00000060   Code   RO           22    .text.SYSCFG_DL_initPower  ti_msp_dl_config.o
    0x00000e40   0x00000e40   0x00000114   Code   RO          111    .text.Send_Byte     oled.o
    0x00000f54   0x00000f54   0x00000024   Code   RO          197    .text.TIMG0_IRQHandler  encoder.o
    0x00000f78   0x00000f78   0x00000048   Code   RO          273    .text.UART1_IRQHandler  bluebooth.o
    0x00000fc0   0x00000fc0   0x00000002   Code   RO           81    .text._sys_exit     board.o
    0x00000fc2   0x00000fc2   0x00000002   PAD
    0x00000fc4   0x00000fc4   0x00000040   Code   RO           63    .text.board_init    board.o
    0x00001004   0x00001004   0x00000030   Code   RO           67    .text.delay_ms      board.o
    0x00001034   0x00001034   0x00000030   Code   RO           65    .text.delay_us      board.o
    0x00001064   0x00001064   0x00000014   Code   RO           83    .text.fputc         board.o
    0x00001078   0x00001078   0x00000060   Code   RO            2    .text.main          empty.o
    0x000010d8   0x000010d8   0x00000003   Data   RO           47    .rodata.gPWM_MotorAClockConfig  ti_msp_dl_config.o
    0x000010db   0x000010db   0x00000001   PAD
    0x000010dc   0x000010dc   0x00000008   Data   RO           48    .rodata.gPWM_MotorAConfig  ti_msp_dl_config.o
    0x000010e4   0x000010e4   0x00000003   Data   RO           45    .rodata.gPWM_MotorBClockConfig  ti_msp_dl_config.o
    0x000010e7   0x000010e7   0x00000001   PAD
    0x000010e8   0x000010e8   0x00000008   Data   RO           46    .rodata.gPWM_MotorBConfig  ti_msp_dl_config.o
    0x000010f0   0x000010f0   0x00000003   Data   RO           49    .rodata.gTIMER_0ClockConfig  ti_msp_dl_config.o
    0x000010f3   0x000010f3   0x00000001   PAD
    0x000010f4   0x000010f4   0x00000014   Data   RO           50    .rodata.gTIMER_0TimerConfig  ti_msp_dl_config.o
    0x00001108   0x00001108   0x00000002   Data   RO           53    .rodata.gUART_TransClockConfig  ti_msp_dl_config.o
    0x0000110a   0x0000110a   0x0000000a   Data   RO           54    .rodata.gUART_TransConfig  ti_msp_dl_config.o
    0x00001114   0x00001114   0x00000002   Data   RO           51    .rodata.gUSB_TLLClockConfig  ti_msp_dl_config.o
    0x00001116   0x00001116   0x0000000a   Data   RO           52    .rodata.gUSB_TLLConfig  ti_msp_dl_config.o
    0x00001120   0x00001120   0x00000010   Data   RO         1271    Region$$Table       anon$$obj.o


    Execution Region RW_IRAM2 (Exec base: 0x20200000, Load base: 0x00001130, Size: 0x00000780, Max: 0x00008000, ABSOLUTE)

    Exec Addr    Load Addr    Size         Type   Attr      Idx    E Section Name        Object

    0x20200000        -       0x00000060   Zero   RW         1139    .bss                c_p.l(libspace.o)
    0x20200060        -       0x000000c8   Zero   RW          279    .bss.BLERX_BUFF     bluebooth.o
    0x20200128        -       0x00000001   Zero   RW          276    .bss.BLERX_FLAG     bluebooth.o
    0x20200129        -       0x00000001   Zero   RW          277    .bss.BLERX_LEN      bluebooth.o
    0x2020012a   0x00001130   0x00000002   PAD
    0x2020012c        -       0x00000004   Zero   RW          201    .bss.Left_Count     encoder.o
    0x20200130        -       0x00000480   Zero   RW          151    .bss.OLED_GRAM      oled.o
    0x202005b0        -       0x00000004   Zero   RW          202    .bss.Right_Count    encoder.o
    0x202005b4        -       0x00000054   Zero   RW           88    .bss.__stdout       board.o
    0x20200608        -       0x00000078   Zero   RW           44    .bss.gPWM_MotorABackup  ti_msp_dl_config.o
    0x20200680        -       0x00000000   Zero   RW           11    HEAP                startup_mspm0g350x_uvision.o
    0x20200680        -       0x00000100   Zero   RW           10    STACK               startup_mspm0g350x_uvision.o



  Load Region LR_BCR (Base: 0x41c00000, Size: 0x00000000, Max: 0x00000100, ABSOLUTE)

    Execution Region BCR_CONFIG (Exec base: 0x41c00000, Load base: 0x41c00000, Size: 0x00000000, Max: 0x00000080, ABSOLUTE)

    **** No section assigned to this execution region ****



  Load Region LR_BSL (Base: 0x41c00100, Size: 0x00000000, Max: 0x00000100, ABSOLUTE)

    Execution Region BSL_CONFIG (Exec base: 0x41c00100, Load base: 0x41c00100, Size: 0x00000000, Max: 0x00000080, ABSOLUTE)

    **** No section assigned to this execution region ****


==============================================================================

Image component sizes


      Code (inc. data)   RO Data    RW Data    ZI Data      Debug   Object Name

       220         84          0          0        202       9313   bluebooth.o
       182         48          0          0         84       8080   board.o
        10          0          0          0          0        569   dl_common.o
       528        192          0          0          0      31175   dl_timer.o
        90          8          0          0          0      13100   dl_uart.o
        96         32          0          0          0       2222   empty.o
       136         28          0          0          8       6899   encoder.o
      1132         12          0          0       1152      22078   oled.o
        44         18        192          0        256        664   startup_mspm0g350x_uvision.o
       988        200         69          0        120      29817   ti_msp_dl_config.o
        32         20          0          0          0       1241   uart.o

    ----------------------------------------------------------------------
      3464        642        280          0       1824     125158   Object Totals
         0          0         16          0          0          0   (incl. Generated)
         6          0          3          0          2          0   (incl. Padding)

    ----------------------------------------------------------------------

      Code (inc. data)   RO Data    RW Data    ZI Data      Debug   Library Member Name

         8          0          0          0          0         68   __main.o
       108          0          0          0          0         76   __printf.o
         0          0          0          0          0          0   __rtentry.o
        12          0          0          0          0          0   __rtentry2.o
         6          0          0          0          0          0   __rtentry4.o
        60          8          0          0          0          0   __scatter.o
        28          0          0          0          0          0   __scatter_zi.o
        46          0          0          0          0        100   _printf_char.o
        48          6          0          0          0         88   _printf_char_common.o
        40          6          0          0          0         72   _printf_char_file.o
         2          0          0          0          0          0   _printf_percent.o
         4          0          0          0          0          0   _printf_percent_end.o
        10          0          0          0          0          0   _printf_s.o
        82          0          0          0          0         72   _printf_str.o
        16          0          0          0          0         68   exit.o
         8          0          0          0          0         60   ferror.o
         6          0          0          0          0        136   heapauxi.o
         2          0          0          0          0          0   libinit.o
         2          0          0          0          0          0   libinit2.o
         2          0          0          0          0          0   libshutdown.o
         2          0          0          0          0          0   libshutdown2.o
         8          4          0          0         96         68   libspace.o
        28          6          0          0          0         84   noretval__2printf.o
        44          6          0          0          0         68   puts.o
         2          0          0          0          0          0   rtexit.o
        10          0          0          0          0          0   rtexit2.o
        62          0          0          0          0         80   sys_stackheap_outer.o

    ----------------------------------------------------------------------
       656         40          0          0         96       1040   Library Totals
        10          4          0          0          0          0   (incl. Padding)

    ----------------------------------------------------------------------

      Code (inc. data)   RO Data    RW Data    ZI Data      Debug   Library Name

       646         36          0          0         96       1040   c_p.l

    ----------------------------------------------------------------------
       656         40          0          0         96       1040   Library Totals

    ----------------------------------------------------------------------

==============================================================================


      Code (inc. data)   RO Data    RW Data    ZI Data      Debug   

      4120        682        280          0       1920     125602   Grand Totals
      4120        682        280          0       1920     125602   ELF Image Totals
      4120        682        280          0          0          0   ROM Totals

==============================================================================

    Total RO  Size (Code + RO Data)                 4400 (   4.30kB)
    Total RW  Size (RW Data + ZI Data)              1920 (   1.88kB)
    Total ROM Size (Code + RO Data + RW Data)       4400 (   4.30kB)

==============================================================================

